---
source: tests/game.rs
expression: history
---
[
    State {
        current: Black,
        board: Board {
            black: PlayerState {
                hand: PieceList(
                    4095,
                ),
                move_list: [],
                occupied: BitBoard(
                    0,
                ),
                owned: BitBoard(
                    0,
                ),
            },
            white: PlayerState {
                hand: PieceList(
                    4095,
                ),
                move_list: [],
                occupied: BitBoard(
                    0,
                ),
                owned: BitBoard(
                    0,
                ),
            },
            boss: BitBoard(
                0,
            ),
            rays: Rays {
                s: BitBoard(
                    0,
                ),
                w: BitBoard(
                    0,
                ),
                n: BitBoard(
                    0,
                ),
                e: BitBoard(
                    0,
                ),
            },
        },
        hash: 0,
        capture_flag: false,
    },
    State {
        current: White,
        board: Board {
            black: PlayerState {
                hand: PieceList(
                    4094,
                ),
                move_list: [
                    Move(
                        432,
                    ),
                ],
                occupied: BitBoard(
                    3311419785216,
                ),
                owned: BitBoard(
                    0,
                ),
            },
            white: PlayerState {
                hand: PieceList(
                    4095,
                ),
                move_list: [],
                occupied: BitBoard(
                    0,
                ),
                owned: BitBoard(
                    0,
                ),
            },
            boss: BitBoard(
                3311419785216,
            ),
            rays: Rays {
                s: BitBoard(
                    0,
                ),
                w: BitBoard(
                    0,
                ),
                n: BitBoard(
                    0,
                ),
                e: BitBoard(
                    0,
                ),
            },
        },
        hash: 1070485894089486513,
        capture_flag: false,
    },
    State {
        current: Black,
        board: Board {
            black: PlayerState {
                hand: PieceList(
                    4094,
                ),
                move_list: [
                    Move(
                        432,
                    ),
                ],
                occupied: BitBoard(
                    3311419785216,
                ),
                owned: BitBoard(
                    0,
                ),
            },
            white: PlayerState {
                hand: PieceList(
                    4094,
                ),
                move_list: [
                    Move(
                        96,
                    ),
                ],
                occupied: BitBoard(
                    49344,
                ),
                owned: BitBoard(
                    0,
                ),
            },
            boss: BitBoard(
                3311419834560,
            ),
            rays: Rays {
                s: BitBoard(
                    0,
                ),
                w: BitBoard(
                    0,
                ),
                n: BitBoard(
                    0,
                ),
                e: BitBoard(
                    0,
                ),
            },
        },
        hash: 8338037931911035167,
        capture_flag: false,
    },
    State {
        current: White,
        board: Board {
            black: PlayerState {
                hand: PieceList(
                    4078,
                ),
                move_list: [
                    Move(
                        432,
                    ),
                    Move(
                        9844,
                    ),
                ],
                occupied: BitBoard(
                    3311419785984,
                ),
                owned: BitBoard(
                    0,
                ),
            },
            white: PlayerState {
                hand: PieceList(
                    4094,
                ),
                move_list: [
                    Move(
                        96,
                    ),
                ],
                occupied: BitBoard(
                    49344,
                ),
                owned: BitBoard(
                    0,
                ),
            },
            boss: BitBoard(
                3311419834560,
            ),
            rays: Rays {
                s: BitBoard(
                    0,
                ),
                w: BitBoard(
                    0,
                ),
                n: BitBoard(
                    0,
                ),
                e: BitBoard(
                    0,
                ),
            },
        },
        hash: 13538484330490851644,
        capture_flag: false,
    },
    State {
        current: Black,
        board: Board {
            black: PlayerState {
                hand: PieceList(
                    4078,
                ),
                move_list: [
                    Move(
                        432,
                    ),
                    Move(
                        9844,
                    ),
                ],
                occupied: BitBoard(
                    3311419785984,
                ),
                owned: BitBoard(
                    0,
                ),
            },
            white: PlayerState {
                hand: PieceList(
                    4090,
                ),
                move_list: [
                    Move(
                        96,
                    ),
                    Move(
                        4530,
                    ),
                ],
                occupied: BitBoard(
                    2015424,
                ),
                owned: BitBoard(
                    0,
                ),
            },
            boss: BitBoard(
                3311419834560,
            ),
            rays: Rays {
                s: BitBoard(
                    0,
                ),
                w: BitBoard(
                    0,
                ),
                n: BitBoard(
                    0,
                ),
                e: BitBoard(
                    0,
                ),
            },
        },
        hash: 1313014549381515442,
        capture_flag: false,
    },
    State {
        current: White,
        board: Board {
            black: PlayerState {
                hand: PieceList(
                    3054,
                ),
                move_list: [
                    Move(
                        432,
                    ),
                    Move(
                        9844,
                    ),
                    Move(
                        22538,
                    ),
                ],
                occupied: BitBoard(
                    4138200990464,
                ),
                owned: BitBoard(
                    0,
                ),
            },
            white: PlayerState {
                hand: PieceList(
                    4090,
                ),
                move_list: [
                    Move(
                        96,
                    ),
                    Move(
                        4530,
                    ),
                ],
                occupied: BitBoard(
                    2015424,
                ),
                owned: BitBoard(
                    0,
                ),
            },
            boss: BitBoard(
                3311419834560,
            ),
            rays: Rays {
                s: BitBoard(
                    0,
                ),
                w: BitBoard(
                    0,
                ),
                n: BitBoard(
                    0,
                ),
                e: BitBoard(
                    0,
                ),
            },
        },
        hash: 16013878874391626450,
        capture_flag: false,
    },
    State {
        current: Black,
        board: Board {
            black: PlayerState {
                hand: PieceList(
                    3054,
                ),
                move_list: [
                    Move(
                        432,
                    ),
                    Move(
                        9844,
                    ),
                    Move(
                        22538,
                    ),
                ],
                occupied: BitBoard(
                    4138200990464,
                ),
                owned: BitBoard(
                    0,
                ),
            },
            white: PlayerState {
                hand: PieceList(
                    4088,
                ),
                move_list: [
                    Move(
                        96,
                    ),
                    Move(
                        4530,
                    ),
                    Move(
                        4081,
                    ),
                ],
                occupied: BitBoard(
                    17592188059840,
                ),
                owned: BitBoard(
                    0,
                ),
            },
            boss: BitBoard(
                3311419834560,
            ),
            rays: Rays {
                s: BitBoard(
                    0,
                ),
                w: BitBoard(
                    0,
                ),
                n: BitBoard(
                    0,
                ),
                e: BitBoard(
                    0,
                ),
            },
        },
        hash: 13839231501724613325,
        capture_flag: false,
    },
    State {
        current: White,
        board: Board {
            black: PlayerState {
                hand: PieceList(
                    3022,
                ),
                move_list: [
                    Move(
                        432,
                    ),
                    Move(
                        9844,
                    ),
                    Move(
                        22538,
                    ),
                    Move(
                        15445,
                    ),
                ],
                occupied: BitBoard(
                    4138207281920,
                ),
                owned: BitBoard(
                    0,
                ),
            },
            white: PlayerState {
                hand: PieceList(
                    4088,
                ),
                move_list: [
                    Move(
                        96,
                    ),
                    Move(
                        4530,
                    ),
                    Move(
                        4081,
                    ),
                ],
                occupied: BitBoard(
                    17592188059840,
                ),
                owned: BitBoard(
                    0,
                ),
            },
            boss: BitBoard(
                3311419834560,
            ),
            rays: Rays {
                s: BitBoard(
                    0,
                ),
                w: BitBoard(
                    0,
                ),
                n: BitBoard(
                    0,
                ),
                e: BitBoard(
                    0,
                ),
            },
        },
        hash: 8454591529032596242,
        capture_flag: false,
    },
    State {
        current: Black,
        board: Board {
            black: PlayerState {
                hand: PieceList(
                    3022,
                ),
                move_list: [
                    Move(
                        432,
                    ),
                    Move(
                        9844,
                    ),
                    Move(
                        22538,
                    ),
                    Move(
                        15445,
                    ),
                ],
                occupied: BitBoard(
                    4138207281920,
                ),
                owned: BitBoard(
                    0,
                ),
            },
            white: PlayerState {
                hand: PieceList(
                    4080,
                ),
                move_list: [
                    Move(
                        96,
                    ),
                    Move(
                        4530,
                    ),
                    Move(
                        4081,
                    ),
                    Move(
                        6963,
                    ),
                ],
                occupied: BitBoard(
                    17592389386432,
                ),
                owned: BitBoard(
                    0,
                ),
            },
            boss: BitBoard(
                3311419834560,
            ),
            rays: Rays {
                s: BitBoard(
                    0,
                ),
                w: BitBoard(
                    0,
                ),
                n: BitBoard(
                    0,
                ),
                e: BitBoard(
                    0,
                ),
            },
        },
        hash: 18289398563564160102,
        capture_flag: false,
    },
    State {
        current: White,
        board: Board {
            black: PlayerState {
                hand: PieceList(
                    3020,
                ),
                move_list: [
                    Move(
                        432,
                    ),
                    Move(
                        9844,
                    ),
                    Move(
                        22538,
                    ),
                    Move(
                        15445,
                    ),
                    Move(
                        3889,
                    ),
                ],
                occupied: BitBoard(
                    4139281023744,
                ),
                owned: BitBoard(
                    0,
                ),
            },
            white: PlayerState {
                hand: PieceList(
                    4080,
                ),
                move_list: [
                    Move(
                        96,
                    ),
                    Move(
                        4530,
                    ),
                    Move(
                        4081,
                    ),
                    Move(
                        6963,
                    ),
                ],
                occupied: BitBoard(
                    17592389386432,
                ),
                owned: BitBoard(
                    0,
                ),
            },
            boss: BitBoard(
                3311419834560,
            ),
            rays: Rays {
                s: BitBoard(
                    0,
                ),
                w: BitBoard(
                    0,
                ),
                n: BitBoard(
                    0,
                ),
                e: BitBoard(
                    0,
                ),
            },
        },
        hash: 1419346379863201087,
        capture_flag: false,
    },
    State {
        current: Black,
        board: Board {
            black: PlayerState {
                hand: PieceList(
                    3020,
                ),
                move_list: [
                    Move(
                        432,
                    ),
                    Move(
                        9844,
                    ),
                    Move(
                        22538,
                    ),
                    Move(
                        15445,
                    ),
                    Move(
                        3889,
                    ),
                ],
                occupied: BitBoard(
                    4139281023744,
                ),
                owned: BitBoard(
                    0,
                ),
            },
            white: PlayerState {
                hand: PieceList(
                    4064,
                ),
                move_list: [
                    Move(
                        96,
                    ),
                    Move(
                        4530,
                    ),
                    Move(
                        4081,
                    ),
                    Move(
                        6963,
                    ),
                    Move(
                        10452,
                    ),
                ],
                occupied: BitBoard(
                    6772991830442176,
                ),
                owned: BitBoard(
                    0,
                ),
            },
            boss: BitBoard(
                3311419834560,
            ),
            rays: Rays {
                s: BitBoard(
                    0,
                ),
                w: BitBoard(
                    0,
                ),
                n: BitBoard(
                    0,
                ),
                e: BitBoard(
                    0,
                ),
            },
        },
        hash: 15607861608353005342,
        capture_flag: false,
    },
    State {
        current: White,
        board: Board {
            black: PlayerState {
                hand: PieceList(
                    3016,
                ),
                move_list: [
                    Move(
                        432,
                    ),
                    Move(
                        9844,
                    ),
                    Move(
                        22538,
                    ),
                    Move(
                        15445,
                    ),
                    Move(
                        3889,
                    ),
                    Move(
                        4370,
                    ),
                ],
                occupied: BitBoard(
                    4139281023774,
                ),
                owned: BitBoard(
                    799,
                ),
            },
            white: PlayerState {
                hand: PieceList(
                    4064,
                ),
                move_list: [
                    Move(
                        96,
                    ),
                    Move(
                        4530,
                    ),
                    Move(
                        4081,
                    ),
                    Move(
                        6963,
                    ),
                    Move(
                        10452,
                    ),
                ],
                occupied: BitBoard(
                    6772991830442176,
                ),
                owned: BitBoard(
                    0,
                ),
            },
            boss: BitBoard(
                3311419834560,
            ),
            rays: Rays {
                s: BitBoard(
                    0,
                ),
                w: BitBoard(
                    0,
                ),
                n: BitBoard(
                    0,
                ),
                e: BitBoard(
                    0,
                ),
            },
        },
        hash: 9069302887064932222,
        capture_flag: false,
    },
    State {
        current: Black,
        board: Board {
            black: PlayerState {
                hand: PieceList(
                    3016,
                ),
                move_list: [
                    Move(
                        432,
                    ),
                    Move(
                        9844,
                    ),
                    Move(
                        22538,
                    ),
                    Move(
                        15445,
                    ),
                    Move(
                        3889,
                    ),
                    Move(
                        4370,
                    ),
                ],
                occupied: BitBoard(
                    4139281023774,
                ),
                owned: BitBoard(
                    799,
                ),
            },
            white: PlayerState {
                hand: PieceList(
                    2016,
                ),
                move_list: [
                    Move(
                        96,
                    ),
                    Move(
                        4530,
                    ),
                    Move(
                        4081,
                    ),
                    Move(
                        6963,
                    ),
                    Move(
                        10452,
                    ),
                    Move(
                        25899,
                    ),
                ],
                occupied: BitBoard(
                    43012895081939136,
                ),
                owned: BitBoard(
                    0,
                ),
            },
            boss: BitBoard(
                3311419834560,
            ),
            rays: Rays {
                s: BitBoard(
                    0,
                ),
                w: BitBoard(
                    0,
                ),
                n: BitBoard(
                    0,
                ),
                e: BitBoard(
                    0,
                ),
            },
        },
        hash: 13793520176559011402,
        capture_flag: false,
    },
    State {
        current: White,
        board: Board {
            black: PlayerState {
                hand: PieceList(
                    2888,
                ),
                move_list: [
                    Move(
                        432,
                    ),
                    Move(
                        9844,
                    ),
                    Move(
                        22538,
                    ),
                    Move(
                        15445,
                    ),
                    Move(
                        3889,
                    ),
                    Move(
                        4370,
                    ),
                    Move(
                        17815,
                    ),
                ],
                occupied: BitBoard(
                    27060921417335582,
                ),
                owned: BitBoard(
                    799,
                ),
            },
            white: PlayerState {
                hand: PieceList(
                    2016,
                ),
                move_list: [
                    Move(
                        96,
                    ),
                    Move(
                        4530,
                    ),
                    Move(
                        4081,
                    ),
                    Move(
                        6963,
                    ),
                    Move(
                        10452,
                    ),
                    Move(
                        25899,
                    ),
                ],
                occupied: BitBoard(
                    43012895081939136,
                ),
                owned: BitBoard(
                    0,
                ),
            },
            boss: BitBoard(
                3311419834560,
            ),
            rays: Rays {
                s: BitBoard(
                    0,
                ),
                w: BitBoard(
                    0,
                ),
                n: BitBoard(
                    0,
                ),
                e: BitBoard(
                    0,
                ),
            },
        },
        hash: 9390834442801454530,
        capture_flag: false,
    },
    State {
        current: Black,
        board: Board {
            black: PlayerState {
                hand: PieceList(
                    2888,
                ),
                move_list: [
                    Move(
                        432,
                    ),
                    Move(
                        9844,
                    ),
                    Move(
                        22538,
                    ),
                    Move(
                        15445,
                    ),
                    Move(
                        3889,
                    ),
                    Move(
                        4370,
                    ),
                    Move(
                        17815,
                    ),
                ],
                occupied: BitBoard(
                    27060921417335582,
                ),
                owned: BitBoard(
                    799,
                ),
            },
            white: PlayerState {
                hand: PieceList(
                    1504,
                ),
                move_list: [
                    Move(
                        96,
                    ),
                    Move(
                        4530,
                    ),
                    Move(
                        4081,
                    ),
                    Move(
                        6963,
                    ),
                    Move(
                        10452,
                    ),
                    Move(
                        25899,
                    ),
                    Move(
                        19129,
                    ),
                ],
                occupied: BitBoard(
                    43021794254176448,
                ),
                owned: BitBoard(
                    0,
                ),
            },
            boss: BitBoard(
                3311419834560,
            ),
            rays: Rays {
                s: BitBoard(
                    0,
                ),
                w: BitBoard(
                    0,
                ),
                n: BitBoard(
                    0,
                ),
                e: BitBoard(
                    0,
                ),
            },
        },
        hash: 3405496757959002133,
        capture_flag: false,
    },
    State {
        current: White,
        board: Board {
            black: PlayerState {
                hand: PieceList(
                    2824,
                ),
                move_list: [
                    Move(
                        432,
                    ),
                    Move(
                        9844,
                    ),
                    Move(
                        22538,
                    ),
                    Move(
                        15445,
                    ),
                    Move(
                        3889,
                    ),
                    Move(
                        4370,
                    ),
                    Move(
                        17815,
                    ),
                    Move(
                        14310,
                    ),
                ],
                occupied: BitBoard(
                    459406485644903198,
                ),
                owned: BitBoard(
                    799,
                ),
            },
            white: PlayerState {
                hand: PieceList(
                    1504,
                ),
                move_list: [
                    Move(
                        96,
                    ),
                    Move(
                        4530,
                    ),
                    Move(
                        4081,
                    ),
                    Move(
                        6963,
                    ),
                    Move(
                        10452,
                    ),
                    Move(
                        25899,
                    ),
                    Move(
                        19129,
                    ),
                ],
                occupied: BitBoard(
                    43021794254176448,
                ),
                owned: BitBoard(
                    0,
                ),
            },
            boss: BitBoard(
                3311419834560,
            ),
            rays: Rays {
                s: BitBoard(
                    0,
                ),
                w: BitBoard(
                    0,
                ),
                n: BitBoard(
                    0,
                ),
                e: BitBoard(
                    0,
                ),
            },
        },
        hash: 1896738041639290650,
        capture_flag: false,
    },
    State {
        current: Black,
        board: Board {
            black: PlayerState {
                hand: PieceList(
                    2824,
                ),
                move_list: [
                    Move(
                        432,
                    ),
                    Move(
                        9844,
                    ),
                    Move(
                        22538,
                    ),
                    Move(
                        15445,
                    ),
                    Move(
                        3889,
                    ),
                    Move(
                        4370,
                    ),
                    Move(
                        17815,
                    ),
                    Move(
                        14310,
                    ),
                ],
                occupied: BitBoard(
                    459406485644903198,
                ),
                owned: BitBoard(
                    799,
                ),
            },
            white: PlayerState {
                hand: PieceList(
                    1472,
                ),
                move_list: [
                    Move(
                        96,
                    ),
                    Move(
                        4530,
                    ),
                    Move(
                        4081,
                    ),
                    Move(
                        6963,
                    ),
                    Move(
                        10452,
                    ),
                    Move(
                        25899,
                    ),
                    Move(
                        19129,
                    ),
                    Move(
                        13765,
                    ),
                ],
                occupied: BitBoard(
                    43021794254182592,
                ),
                owned: BitBoard(
                    0,
                ),
            },
            boss: BitBoard(
                3311419834560,
            ),
            rays: Rays {
                s: BitBoard(
                    0,
                ),
                w: BitBoard(
                    0,
                ),
                n: BitBoard(
                    0,
                ),
                e: BitBoard(
                    0,
                ),
            },
        },
        hash: 14811609324649962594,
        capture_flag: false,
    },
    State {
        current: White,
        board: Board {
            black: PlayerState {
                hand: PieceList(
                    2816,
                ),
                move_list: [
                    Move(
                        432,
                    ),
                    Move(
                        9844,
                    ),
                    Move(
                        22538,
                    ),
                    Move(
                        15445,
                    ),
                    Move(
                        3889,
                    ),
                    Move(
                        4370,
                    ),
                    Move(
                        17815,
                    ),
                    Move(
                        14310,
                    ),
                    Move(
                        7779,
                    ),
                ],
                occupied: BitBoard(
                    459406623620727582,
                ),
                owned: BitBoard(
                    799,
                ),
            },
            white: PlayerState {
                hand: PieceList(
                    1472,
                ),
                move_list: [
                    Move(
                        96,
                    ),
                    Move(
                        4530,
                    ),
                    Move(
                        4081,
                    ),
                    Move(
                        6963,
                    ),
                    Move(
                        10452,
                    ),
                    Move(
                        25899,
                    ),
                    Move(
                        19129,
                    ),
                    Move(
                        13765,
                    ),
                ],
                occupied: BitBoard(
                    43021794254182592,
                ),
                owned: BitBoard(
                    0,
                ),
            },
            boss: BitBoard(
                3311419834560,
            ),
            rays: Rays {
                s: BitBoard(
                    0,
                ),
                w: BitBoard(
                    0,
                ),
                n: BitBoard(
                    0,
                ),
                e: BitBoard(
                    0,
                ),
            },
        },
        hash: 2954169068352225697,
        capture_flag: false,
    },
    State {
        current: Black,
        board: Board {
            black: PlayerState {
                hand: PieceList(
                    2816,
                ),
                move_list: [
                    Move(
                        432,
                    ),
                    Move(
                        9844,
                    ),
                    Move(
                        22538,
                    ),
                    Move(
                        15445,
                    ),
                    Move(
                        3889,
                    ),
                    Move(
                        4370,
                    ),
                    Move(
                        17815,
                    ),
                    Move(
                        14310,
                    ),
                    Move(
                        7779,
                    ),
                ],
                occupied: BitBoard(
                    459406623620727582,
                ),
                owned: BitBoard(
                    799,
                ),
            },
            white: PlayerState {
                hand: PieceList(
                    1408,
                ),
                move_list: [
                    Move(
                        96,
                    ),
                    Move(
                        4530,
                    ),
                    Move(
                        4081,
                    ),
                    Move(
                        6963,
                    ),
                    Move(
                        10452,
                    ),
                    Move(
                        25899,
                    ),
                    Move(
                        19129,
                    ),
                    Move(
                        13765,
                    ),
                    Move(
                        14534,
                    ),
                ],
                occupied: BitBoard(
                    43021794271025344,
                ),
                owned: BitBoard(
                    0,
                ),
            },
            boss: BitBoard(
                3311419834560,
            ),
            rays: Rays {
                s: BitBoard(
                    0,
                ),
                w: BitBoard(
                    0,
                ),
                n: BitBoard(
                    0,
                ),
                e: BitBoard(
                    0,
                ),
            },
        },
        hash: 16741992486415781195,
        capture_flag: false,
    },
    State {
        current: White,
        board: Board {
            black: PlayerState {
                hand: PieceList(
                    2304,
                ),
                move_list: [
                    Move(
                        432,
                    ),
                    Move(
                        9844,
                    ),
                    Move(
                        22538,
                    ),
                    Move(
                        15445,
                    ),
                    Move(
                        3889,
                    ),
                    Move(
                        4370,
                    ),
                    Move(
                        17815,
                    ),
                    Move(
                        14310,
                    ),
                    Move(
                        7779,
                    ),
                    Move(
                        20441,
                    ),
                ],
                occupied: BitBoard(
                    461099871527502622,
                ),
                owned: BitBoard(
                    506381192568767263,
                ),
            },
            white: PlayerState {
                hand: PieceList(
                    1408,
                ),
                move_list: [
                    Move(
                        96,
                    ),
                    Move(
                        4530,
                    ),
                    Move(
                        4081,
                    ),
                    Move(
                        6963,
                    ),
                    Move(
                        10452,
                    ),
                    Move(
                        25899,
                    ),
                    Move(
                        19129,
                    ),
                    Move(
                        13765,
                    ),
                    Move(
                        14534,
                    ),
                ],
                occupied: BitBoard(
                    43021794271025344,
                ),
                owned: BitBoard(
                    0,
                ),
            },
            boss: BitBoard(
                3311419834560,
            ),
            rays: Rays {
                s: BitBoard(
                    0,
                ),
                w: BitBoard(
                    0,
                ),
                n: BitBoard(
                    0,
                ),
                e: BitBoard(
                    0,
                ),
            },
        },
        hash: 2109837930653034743,
        capture_flag: false,
    },
]
