---
source: tests/game.rs
expression: history
---
[
    State {
        current: Black,
        board: Board {
            black: PlayerState {
                hand: PieceList(
                    4095,
                ),
                move_list: [],
                occupied: BitBoard(
                    0,
                ),
                owned: BitBoard(
                    0,
                ),
            },
            white: PlayerState {
                hand: PieceList(
                    4095,
                ),
                move_list: [],
                occupied: BitBoard(
                    0,
                ),
                owned: BitBoard(
                    0,
                ),
            },
            boss: BitBoard(
                0,
            ),
            rays: Rays {
                s: BitBoard(
                    0,
                ),
                w: BitBoard(
                    0,
                ),
                n: BitBoard(
                    0,
                ),
                e: BitBoard(
                    0,
                ),
            },
        },
        hash: 0,
        capture_flag: false,
    },
    State {
        current: White,
        board: Board {
            black: PlayerState {
                hand: PieceList(
                    4094,
                ),
                move_list: [
                    Move(
                        560,
                    ),
                ],
                occupied: BitBoard(
                    1695446930030592,
                ),
                owned: BitBoard(
                    0,
                ),
            },
            white: PlayerState {
                hand: PieceList(
                    4095,
                ),
                move_list: [],
                occupied: BitBoard(
                    0,
                ),
                owned: BitBoard(
                    0,
                ),
            },
            boss: BitBoard(
                1695446930030592,
            ),
            rays: Rays {
                s: BitBoard(
                    0,
                ),
                w: BitBoard(
                    0,
                ),
                n: BitBoard(
                    0,
                ),
                e: BitBoard(
                    0,
                ),
            },
        },
        hash: 9999584510837942916,
        capture_flag: false,
    },
    State {
        current: Black,
        board: Board {
            black: PlayerState {
                hand: PieceList(
                    4094,
                ),
                move_list: [
                    Move(
                        560,
                    ),
                ],
                occupied: BitBoard(
                    1695446930030592,
                ),
                owned: BitBoard(
                    0,
                ),
            },
            white: PlayerState {
                hand: PieceList(
                    4094,
                ),
                move_list: [
                    Move(
                        304,
                    ),
                ],
                occupied: BitBoard(
                    1616904192,
                ),
                owned: BitBoard(
                    0,
                ),
            },
            boss: BitBoard(
                1695448546934784,
            ),
            rays: Rays {
                s: BitBoard(
                    0,
                ),
                w: BitBoard(
                    0,
                ),
                n: BitBoard(
                    0,
                ),
                e: BitBoard(
                    0,
                ),
            },
        },
        hash: 1519553050520123222,
        capture_flag: false,
    },
    State {
        current: White,
        board: Board {
            black: PlayerState {
                hand: PieceList(
                    4092,
                ),
                move_list: [
                    Move(
                        560,
                    ),
                    Move(
                        4193,
                    ),
                ],
                occupied: BitBoard(
                    6199046557401088,
                ),
                owned: BitBoard(
                    0,
                ),
            },
            white: PlayerState {
                hand: PieceList(
                    4094,
                ),
                move_list: [
                    Move(
                        304,
                    ),
                ],
                occupied: BitBoard(
                    1616904192,
                ),
                owned: BitBoard(
                    0,
                ),
            },
            boss: BitBoard(
                1695448546934784,
            ),
            rays: Rays {
                s: BitBoard(
                    0,
                ),
                w: BitBoard(
                    0,
                ),
                n: BitBoard(
                    0,
                ),
                e: BitBoard(
                    0,
                ),
            },
        },
        hash: 18336176463581968595,
        capture_flag: false,
    },
    State {
        current: Black,
        board: Board {
            black: PlayerState {
                hand: PieceList(
                    4092,
                ),
                move_list: [
                    Move(
                        560,
                    ),
                    Move(
                        4193,
                    ),
                ],
                occupied: BitBoard(
                    6199046557401088,
                ),
                owned: BitBoard(
                    0,
                ),
            },
            white: PlayerState {
                hand: PieceList(
                    3070,
                ),
                move_list: [
                    Move(
                        304,
                    ),
                    Move(
                        23818,
                    ),
                ],
                occupied: BitBoard(
                    1617169408,
                ),
                owned: BitBoard(
                    0,
                ),
            },
            boss: BitBoard(
                1695448546934784,
            ),
            rays: Rays {
                s: BitBoard(
                    0,
                ),
                w: BitBoard(
                    0,
                ),
                n: BitBoard(
                    0,
                ),
                e: BitBoard(
                    0,
                ),
            },
        },
        hash: 5274298111179729743,
        capture_flag: false,
    },
    State {
        current: White,
        board: Board {
            black: PlayerState {
                hand: PieceList(
                    4076,
                ),
                move_list: [
                    Move(
                        560,
                    ),
                    Move(
                        4193,
                    ),
                    Move(
                        11636,
                    ),
                ],
                occupied: BitBoard(
                    6199059442302976,
                ),
                owned: BitBoard(
                    0,
                ),
            },
            white: PlayerState {
                hand: PieceList(
                    3070,
                ),
                move_list: [
                    Move(
                        304,
                    ),
                    Move(
                        23818,
                    ),
                ],
                occupied: BitBoard(
                    1617169408,
                ),
                owned: BitBoard(
                    0,
                ),
            },
            boss: BitBoard(
                1695448546934784,
            ),
            rays: Rays {
                s: BitBoard(
                    0,
                ),
                w: BitBoard(
                    0,
                ),
                n: BitBoard(
                    0,
                ),
                e: BitBoard(
                    0,
                ),
            },
        },
        hash: 2194724755659896251,
        capture_flag: false,
    },
    State {
        current: Black,
        board: Board {
            black: PlayerState {
                hand: PieceList(
                    4076,
                ),
                move_list: [
                    Move(
                        560,
                    ),
                    Move(
                        4193,
                    ),
                    Move(
                        11636,
                    ),
                ],
                occupied: BitBoard(
                    6199059442302976,
                ),
                owned: BitBoard(
                    0,
                ),
            },
            white: PlayerState {
                hand: PieceList(
                    2942,
                ),
                move_list: [
                    Move(
                        304,
                    ),
                    Move(
                        23818,
                    ),
                    Move(
                        16679,
                    ),
                ],
                occupied: BitBoard(
                    1617194048,
                ),
                owned: BitBoard(
                    0,
                ),
            },
            boss: BitBoard(
                1695448546934784,
            ),
            rays: Rays {
                s: BitBoard(
                    0,
                ),
                w: BitBoard(
                    0,
                ),
                n: BitBoard(
                    0,
                ),
                e: BitBoard(
                    0,
                ),
            },
        },
        hash: 11240733468540111734,
        capture_flag: false,
    },
    State {
        current: White,
        board: Board {
            black: PlayerState {
                hand: PieceList(
                    2028,
                ),
                move_list: [
                    Move(
                        560,
                    ),
                    Move(
                        4193,
                    ),
                    Move(
                        11636,
                    ),
                    Move(
                        26683,
                    ),
                ],
                occupied: BitBoard(
                    60382992459104256,
                ),
                owned: BitBoard(
                    0,
                ),
            },
            white: PlayerState {
                hand: PieceList(
                    2942,
                ),
                move_list: [
                    Move(
                        304,
                    ),
                    Move(
                        23818,
                    ),
                    Move(
                        16679,
                    ),
                ],
                occupied: BitBoard(
                    1617194048,
                ),
                owned: BitBoard(
                    0,
                ),
            },
            boss: BitBoard(
                1695448546934784,
            ),
            rays: Rays {
                s: BitBoard(
                    0,
                ),
                w: BitBoard(
                    0,
                ),
                n: BitBoard(
                    0,
                ),
                e: BitBoard(
                    0,
                ),
            },
        },
        hash: 10886790197961216138,
        capture_flag: false,
    },
    State {
        current: Black,
        board: Board {
            black: PlayerState {
                hand: PieceList(
                    2028,
                ),
                move_list: [
                    Move(
                        560,
                    ),
                    Move(
                        4193,
                    ),
                    Move(
                        11636,
                    ),
                    Move(
                        26683,
                    ),
                ],
                occupied: BitBoard(
                    60382992459104256,
                ),
                owned: BitBoard(
                    0,
                ),
            },
            white: PlayerState {
                hand: PieceList(
                    2910,
                ),
                move_list: [
                    Move(
                        304,
                    ),
                    Move(
                        23818,
                    ),
                    Move(
                        16679,
                    ),
                    Move(
                        15189,
                    ),
                ],
                occupied: BitBoard(
                    1617194054,
                ),
                owned: BitBoard(
                    0,
                ),
            },
            boss: BitBoard(
                1695448546934784,
            ),
            rays: Rays {
                s: BitBoard(
                    0,
                ),
                w: BitBoard(
                    0,
                ),
                n: BitBoard(
                    0,
                ),
                e: BitBoard(
                    0,
                ),
            },
        },
        hash: 4901893985255999640,
        capture_flag: false,
    },
    State {
        current: White,
        board: Board {
            black: PlayerState {
                hand: PieceList(
                    1004,
                ),
                move_list: [
                    Move(
                        560,
                    ),
                    Move(
                        4193,
                    ),
                    Move(
                        11636,
                    ),
                    Move(
                        26683,
                    ),
                    Move(
                        23114,
                    ),
                ],
                occupied: BitBoard(
                    60382992509501440,
                ),
                owned: BitBoard(
                    0,
                ),
            },
            white: PlayerState {
                hand: PieceList(
                    2910,
                ),
                move_list: [
                    Move(
                        304,
                    ),
                    Move(
                        23818,
                    ),
                    Move(
                        16679,
                    ),
                    Move(
                        15189,
                    ),
                ],
                occupied: BitBoard(
                    1617194054,
                ),
                owned: BitBoard(
                    0,
                ),
            },
            boss: BitBoard(
                1695448546934784,
            ),
            rays: Rays {
                s: BitBoard(
                    0,
                ),
                w: BitBoard(
                    0,
                ),
                n: BitBoard(
                    0,
                ),
                e: BitBoard(
                    0,
                ),
            },
        },
        hash: 4543095866590184873,
        capture_flag: false,
    },
    State {
        current: Black,
        board: Board {
            black: PlayerState {
                hand: PieceList(
                    1004,
                ),
                move_list: [
                    Move(
                        560,
                    ),
                    Move(
                        4193,
                    ),
                    Move(
                        11636,
                    ),
                    Move(
                        26683,
                    ),
                    Move(
                        23114,
                    ),
                ],
                occupied: BitBoard(
                    60382992509501440,
                ),
                owned: BitBoard(
                    0,
                ),
            },
            white: PlayerState {
                hand: PieceList(
                    2398,
                ),
                move_list: [
                    Move(
                        304,
                    ),
                    Move(
                        23818,
                    ),
                    Move(
                        16679,
                    ),
                    Move(
                        15189,
                    ),
                    Move(
                        20297,
                    ),
                ],
                occupied: BitBoard(
                    828398398534,
                ),
                owned: BitBoard(
                    828406554816,
                ),
            },
            boss: BitBoard(
                1695448546934784,
            ),
            rays: Rays {
                s: BitBoard(
                    0,
                ),
                w: BitBoard(
                    0,
                ),
                n: BitBoard(
                    0,
                ),
                e: BitBoard(
                    0,
                ),
            },
        },
        hash: 15270203367616390048,
        capture_flag: false,
    },
    State {
        current: White,
        board: Board {
            black: PlayerState {
                hand: PieceList(
                    1000,
                ),
                move_list: [
                    Move(
                        560,
                    ),
                    Move(
                        4193,
                    ),
                    Move(
                        11636,
                    ),
                    Move(
                        26683,
                    ),
                    Move(
                        23114,
                    ),
                    Move(
                        6322,
                    ),
                ],
                occupied: BitBoard(
                    60400653684506624,
                ),
                owned: BitBoard(
                    0,
                ),
            },
            white: PlayerState {
                hand: PieceList(
                    2398,
                ),
                move_list: [
                    Move(
                        304,
                    ),
                    Move(
                        23818,
                    ),
                    Move(
                        16679,
                    ),
                    Move(
                        15189,
                    ),
                    Move(
                        20297,
                    ),
                ],
                occupied: BitBoard(
                    828398398534,
                ),
                owned: BitBoard(
                    828406554816,
                ),
            },
            boss: BitBoard(
                1695448546934784,
            ),
            rays: Rays {
                s: BitBoard(
                    0,
                ),
                w: BitBoard(
                    0,
                ),
                n: BitBoard(
                    0,
                ),
                e: BitBoard(
                    0,
                ),
            },
        },
        hash: 10959930734079298038,
        capture_flag: false,
    },
    State {
        current: Black,
        board: Board {
            black: PlayerState {
                hand: PieceList(
                    1000,
                ),
                move_list: [
                    Move(
                        560,
                    ),
                    Move(
                        4193,
                    ),
                    Move(
                        11636,
                    ),
                    Move(
                        26683,
                    ),
                    Move(
                        23114,
                    ),
                    Move(
                        6322,
                    ),
                ],
                occupied: BitBoard(
                    60400653684506624,
                ),
                owned: BitBoard(
                    0,
                ),
            },
            white: PlayerState {
                hand: PieceList(
                    2396,
                ),
                move_list: [
                    Move(
                        304,
                    ),
                    Move(
                        23818,
                    ),
                    Move(
                        16679,
                    ),
                    Move(
                        15189,
                    ),
                    Move(
                        20297,
                    ),
                    Move(
                        2177,
                    ),
                ],
                occupied: BitBoard(
                    965837352006,
                ),
                owned: BitBoard(
                    965845508288,
                ),
            },
            boss: BitBoard(
                1695448546934784,
            ),
            rays: Rays {
                s: BitBoard(
                    0,
                ),
                w: BitBoard(
                    0,
                ),
                n: BitBoard(
                    0,
                ),
                e: BitBoard(
                    0,
                ),
            },
        },
        hash: 11940826734429156792,
        capture_flag: false,
    },
    State {
        current: White,
        board: Board {
            black: PlayerState {
                hand: PieceList(
                    992,
                ),
                move_list: [
                    Move(
                        560,
                    ),
                    Move(
                        4193,
                    ),
                    Move(
                        11636,
                    ),
                    Move(
                        26683,
                    ),
                    Move(
                        23114,
                    ),
                    Move(
                        6322,
                    ),
                    Move(
                        7427,
                    ),
                ],
                occupied: BitBoard(
                    60400653684510736,
                ),
                owned: BitBoard(
                    0,
                ),
            },
            white: PlayerState {
                hand: PieceList(
                    2396,
                ),
                move_list: [
                    Move(
                        304,
                    ),
                    Move(
                        23818,
                    ),
                    Move(
                        16679,
                    ),
                    Move(
                        15189,
                    ),
                    Move(
                        20297,
                    ),
                    Move(
                        2177,
                    ),
                ],
                occupied: BitBoard(
                    965837352006,
                ),
                owned: BitBoard(
                    965845508288,
                ),
            },
            boss: BitBoard(
                1695448546934784,
            ),
            rays: Rays {
                s: BitBoard(
                    0,
                ),
                w: BitBoard(
                    0,
                ),
                n: BitBoard(
                    0,
                ),
                e: BitBoard(
                    0,
                ),
            },
        },
        hash: 16184603167923191500,
        capture_flag: false,
    },
    State {
        current: Black,
        board: Board {
            black: PlayerState {
                hand: PieceList(
                    992,
                ),
                move_list: [
                    Move(
                        560,
                    ),
                    Move(
                        4193,
                    ),
                    Move(
                        11636,
                    ),
                    Move(
                        26683,
                    ),
                    Move(
                        23114,
                    ),
                    Move(
                        6322,
                    ),
                    Move(
                        7427,
                    ),
                ],
                occupied: BitBoard(
                    60400653684510736,
                ),
                owned: BitBoard(
                    0,
                ),
            },
            white: PlayerState {
                hand: PieceList(
                    2332,
                ),
                move_list: [
                    Move(
                        304,
                    ),
                    Move(
                        23818,
                    ),
                    Move(
                        16679,
                    ),
                    Move(
                        15189,
                    ),
                    Move(
                        20297,
                    ),
                    Move(
                        2177,
                    ),
                    Move(
                        14358,
                    ),
                ],
                occupied: BitBoard(
                    3458765479657892934,
                ),
                owned: BitBoard(
                    965845508288,
                ),
            },
            boss: BitBoard(
                1695448546934784,
            ),
            rays: Rays {
                s: BitBoard(
                    0,
                ),
                w: BitBoard(
                    0,
                ),
                n: BitBoard(
                    0,
                ),
                e: BitBoard(
                    0,
                ),
            },
        },
        hash: 2518735473083129325,
        capture_flag: false,
    },
    State {
        current: White,
        board: Board {
            black: PlayerState {
                hand: PieceList(
                    864,
                ),
                move_list: [
                    Move(
                        560,
                    ),
                    Move(
                        4193,
                    ),
                    Move(
                        11636,
                    ),
                    Move(
                        26683,
                    ),
                    Move(
                        23114,
                    ),
                    Move(
                        6322,
                    ),
                    Move(
                        7427,
                    ),
                    Move(
                        16311,
                    ),
                ],
                occupied: BitBoard(
                    60400688245575696,
                ),
                owned: BitBoard(
                    6216755229695775,
                ),
            },
            white: PlayerState {
                hand: PieceList(
                    2460,
                ),
                move_list: [
                    Move(
                        304,
                    ),
                    Move(
                        16679,
                    ),
                    Move(
                        20297,
                    ),
                    Move(
                        2177,
                    ),
                    Move(
                        14358,
                    ),
                ],
                occupied: BitBoard(
                    3458765479657627712,
                ),
                owned: BitBoard(
                    965845508288,
                ),
            },
            boss: BitBoard(
                1695448546934784,
            ),
            rays: Rays {
                s: BitBoard(
                    0,
                ),
                w: BitBoard(
                    0,
                ),
                n: BitBoard(
                    0,
                ),
                e: BitBoard(
                    0,
                ),
            },
        },
        hash: 4468578351375450045,
        capture_flag: false,
    },
    State {
        current: Black,
        board: Board {
            black: PlayerState {
                hand: PieceList(
                    864,
                ),
                move_list: [
                    Move(
                        560,
                    ),
                    Move(
                        4193,
                    ),
                    Move(
                        11636,
                    ),
                    Move(
                        26683,
                    ),
                    Move(
                        23114,
                    ),
                    Move(
                        6322,
                    ),
                    Move(
                        7427,
                    ),
                    Move(
                        16311,
                    ),
                ],
                occupied: BitBoard(
                    60400688245575696,
                ),
                owned: BitBoard(
                    6216755229695775,
                ),
            },
            white: PlayerState {
                hand: PieceList(
                    2452,
                ),
                move_list: [
                    Move(
                        304,
                    ),
                    Move(
                        16679,
                    ),
                    Move(
                        20297,
                    ),
                    Move(
                        2177,
                    ),
                    Move(
                        14358,
                    ),
                    Move(
                        8931,
                    ),
                ],
                occupied: BitBoard(
                    17293823534939791424,
                ),
                owned: BitBoard(
                    965845508288,
                ),
            },
            boss: BitBoard(
                1695448546934784,
            ),
            rays: Rays {
                s: BitBoard(
                    0,
                ),
                w: BitBoard(
                    0,
                ),
                n: BitBoard(
                    0,
                ),
                e: BitBoard(
                    0,
                ),
            },
        },
        hash: 9239998262441126543,
        capture_flag: false,
    },
    State {
        current: White,
        board: Board {
            black: PlayerState {
                hand: PieceList(
                    608,
                ),
                move_list: [
                    Move(
                        560,
                    ),
                    Move(
                        4193,
                    ),
                    Move(
                        11636,
                    ),
                    Move(
                        26683,
                    ),
                    Move(
                        23114,
                    ),
                    Move(
                        6322,
                    ),
                    Move(
                        7427,
                    ),
                    Move(
                        16311,
                    ),
                    Move(
                        18088,
                    ),
                ],
                occupied: BitBoard(
                    60400688245840912,
                ),
                owned: BitBoard(
                    6216755229695775,
                ),
            },
            white: PlayerState {
                hand: PieceList(
                    2452,
                ),
                move_list: [
                    Move(
                        304,
                    ),
                    Move(
                        16679,
                    ),
                    Move(
                        20297,
                    ),
                    Move(
                        2177,
                    ),
                    Move(
                        14358,
                    ),
                    Move(
                        8931,
                    ),
                ],
                occupied: BitBoard(
                    17293823534939791424,
                ),
                owned: BitBoard(
                    965845508288,
                ),
            },
            boss: BitBoard(
                1695448546934784,
            ),
            rays: Rays {
                s: BitBoard(
                    0,
                ),
                w: BitBoard(
                    0,
                ),
                n: BitBoard(
                    0,
                ),
                e: BitBoard(
                    0,
                ),
            },
        },
        hash: 15343155996427246241,
        capture_flag: false,
    },
    State {
        current: Black,
        board: Board {
            black: PlayerState {
                hand: PieceList(
                    608,
                ),
                move_list: [
                    Move(
                        560,
                    ),
                    Move(
                        4193,
                    ),
                    Move(
                        11636,
                    ),
                    Move(
                        26683,
                    ),
                    Move(
                        23114,
                    ),
                    Move(
                        6322,
                    ),
                    Move(
                        7427,
                    ),
                    Move(
                        16311,
                    ),
                    Move(
                        18088,
                    ),
                ],
                occupied: BitBoard(
                    60400688245840912,
                ),
                owned: BitBoard(
                    6216755229695775,
                ),
            },
            white: PlayerState {
                hand: PieceList(
                    2324,
                ),
                move_list: [
                    Move(
                        304,
                    ),
                    Move(
                        16679,
                    ),
                    Move(
                        20297,
                    ),
                    Move(
                        2177,
                    ),
                    Move(
                        14358,
                    ),
                    Move(
                        8931,
                    ),
                    Move(
                        17207,
                    ),
                ],
                occupied: BitBoard(
                    18160766463208611904,
                ),
                owned: BitBoard(
                    965845508288,
                ),
            },
            boss: BitBoard(
                1695448546934784,
            ),
            rays: Rays {
                s: BitBoard(
                    0,
                ),
                w: BitBoard(
                    0,
                ),
                n: BitBoard(
                    0,
                ),
                e: BitBoard(
                    0,
                ),
            },
        },
        hash: 16479519729722169592,
        capture_flag: false,
    },
    State {
        current: White,
        board: Board {
            black: PlayerState {
                hand: PieceList(
                    96,
                ),
                move_list: [
                    Move(
                        560,
                    ),
                    Move(
                        4193,
                    ),
                    Move(
                        11636,
                    ),
                    Move(
                        26683,
                    ),
                    Move(
                        23114,
                    ),
                    Move(
                        6322,
                    ),
                    Move(
                        7427,
                    ),
                    Move(
                        16311,
                    ),
                    Move(
                        18088,
                    ),
                    Move(
                        20649,
                    ),
                ],
                occupied: BitBoard(
                    60400688245841681,
                ),
                owned: BitBoard(
                    6216755229695775,
                ),
            },
            white: PlayerState {
                hand: PieceList(
                    2324,
                ),
                move_list: [
                    Move(
                        304,
                    ),
                    Move(
                        16679,
                    ),
                    Move(
                        20297,
                    ),
                    Move(
                        2177,
                    ),
                    Move(
                        14358,
                    ),
                    Move(
                        8931,
                    ),
                    Move(
                        17207,
                    ),
                ],
                occupied: BitBoard(
                    18160766463208611904,
                ),
                owned: BitBoard(
                    965845508288,
                ),
            },
            boss: BitBoard(
                1695448546934784,
            ),
            rays: Rays {
                s: BitBoard(
                    0,
                ),
                w: BitBoard(
                    0,
                ),
                n: BitBoard(
                    0,
                ),
                e: BitBoard(
                    0,
                ),
            },
        },
        hash: 12269265533838810319,
        capture_flag: false,
    },
    State {
        current: Black,
        board: Board {
            black: PlayerState {
                hand: PieceList(
                    96,
                ),
                move_list: [
                    Move(
                        560,
                    ),
                    Move(
                        4193,
                    ),
                    Move(
                        11636,
                    ),
                    Move(
                        26683,
                    ),
                    Move(
                        23114,
                    ),
                    Move(
                        6322,
                    ),
                    Move(
                        7427,
                    ),
                    Move(
                        16311,
                    ),
                    Move(
                        18088,
                    ),
                    Move(
                        20649,
                    ),
                ],
                occupied: BitBoard(
                    60400688245841681,
                ),
                owned: BitBoard(
                    6216755229695775,
                ),
            },
            white: PlayerState {
                hand: PieceList(
                    2308,
                ),
                move_list: [
                    Move(
                        304,
                    ),
                    Move(
                        16679,
                    ),
                    Move(
                        20297,
                    ),
                    Move(
                        2177,
                    ),
                    Move(
                        14358,
                    ),
                    Move(
                        8931,
                    ),
                    Move(
                        17207,
                    ),
                    Move(
                        11828,
                    ),
                ],
                occupied: BitBoard(
                    18160872016324878400,
                ),
                owned: BitBoard(
                    106518961774784,
                ),
            },
            boss: BitBoard(
                1695448546934784,
            ),
            rays: Rays {
                s: BitBoard(
                    0,
                ),
                w: BitBoard(
                    0,
                ),
                n: BitBoard(
                    0,
                ),
                e: BitBoard(
                    0,
                ),
            },
        },
        hash: 7515354516710527351,
        capture_flag: false,
    },
    State {
        current: White,
        board: Board {
            black: PlayerState {
                hand: PieceList(
                    64,
                ),
                move_list: [
                    Move(
                        560,
                    ),
                    Move(
                        4193,
                    ),
                    Move(
                        11636,
                    ),
                    Move(
                        26683,
                    ),
                    Move(
                        23114,
                    ),
                    Move(
                        6322,
                    ),
                    Move(
                        7427,
                    ),
                    Move(
                        16311,
                    ),
                    Move(
                        18088,
                    ),
                    Move(
                        20649,
                    ),
                    Move(
                        15205,
                    ),
                ],
                occupied: BitBoard(
                    60400688245841693,
                ),
                owned: BitBoard(
                    6216755229695775,
                ),
            },
            white: PlayerState {
                hand: PieceList(
                    2308,
                ),
                move_list: [
                    Move(
                        304,
                    ),
                    Move(
                        16679,
                    ),
                    Move(
                        20297,
                    ),
                    Move(
                        2177,
                    ),
                    Move(
                        14358,
                    ),
                    Move(
                        8931,
                    ),
                    Move(
                        17207,
                    ),
                    Move(
                        11828,
                    ),
                ],
                occupied: BitBoard(
                    18160872016324878400,
                ),
                owned: BitBoard(
                    106518961774784,
                ),
            },
            boss: BitBoard(
                1695448546934784,
            ),
            rays: Rays {
                s: BitBoard(
                    0,
                ),
                w: BitBoard(
                    0,
                ),
                n: BitBoard(
                    0,
                ),
                e: BitBoard(
                    0,
                ),
            },
        },
        hash: 3269590238113147609,
        capture_flag: false,
    },
]
