---
source: tests/game.rs
expression: history
---
[
    State {
        current: Black,
        board: Board {
            black: PlayerState {
                hand: PieceList(
                    4095,
                ),
                move_list: [],
                occupied: BitBoard(
                    0,
                ),
                owned: BitBoard(
                    0,
                ),
            },
            white: PlayerState {
                hand: PieceList(
                    4095,
                ),
                move_list: [],
                occupied: BitBoard(
                    0,
                ),
                owned: BitBoard(
                    0,
                ),
            },
            boss: BitBoard(
                0,
            ),
            rays: Rays {
                s: BitBoard(
                    0,
                ),
                w: BitBoard(
                    0,
                ),
                n: BitBoard(
                    0,
                ),
                e: BitBoard(
                    0,
                ),
            },
        },
        hash: 0,
        capture_flag: false,
    },
    State {
        current: White,
        board: Board {
            black: PlayerState {
                hand: PieceList(
                    4094,
                ),
                move_list: [
                    Move(
                        432,
                    ),
                ],
                occupied: BitBoard(
                    3311419785216,
                ),
                owned: BitBoard(
                    0,
                ),
            },
            white: PlayerState {
                hand: PieceList(
                    4095,
                ),
                move_list: [],
                occupied: BitBoard(
                    0,
                ),
                owned: BitBoard(
                    0,
                ),
            },
            boss: BitBoard(
                3311419785216,
            ),
            rays: Rays {
                s: BitBoard(
                    0,
                ),
                w: BitBoard(
                    0,
                ),
                n: BitBoard(
                    0,
                ),
                e: BitBoard(
                    0,
                ),
            },
        },
        hash: 1070485894089486513,
        capture_flag: false,
    },
    State {
        current: Black,
        board: Board {
            black: PlayerState {
                hand: PieceList(
                    4094,
                ),
                move_list: [
                    Move(
                        432,
                    ),
                ],
                occupied: BitBoard(
                    3311419785216,
                ),
                owned: BitBoard(
                    0,
                ),
            },
            white: PlayerState {
                hand: PieceList(
                    4094,
                ),
                move_list: [
                    Move(
                        720,
                    ),
                ],
                occupied: BitBoard(
                    3472275312702652416,
                ),
                owned: BitBoard(
                    0,
                ),
            },
            boss: BitBoard(
                3472278624122437632,
            ),
            rays: Rays {
                s: BitBoard(
                    0,
                ),
                w: BitBoard(
                    0,
                ),
                n: BitBoard(
                    0,
                ),
                e: BitBoard(
                    0,
                ),
            },
        },
        hash: 16026877482551737692,
        capture_flag: false,
    },
    State {
        current: White,
        board: Board {
            black: PlayerState {
                hand: PieceList(
                    4092,
                ),
                move_list: [
                    Move(
                        432,
                    ),
                    Move(
                        3585,
                    ),
                ],
                occupied: BitBoard(
                    3311419785728,
                ),
                owned: BitBoard(
                    0,
                ),
            },
            white: PlayerState {
                hand: PieceList(
                    4094,
                ),
                move_list: [
                    Move(
                        720,
                    ),
                ],
                occupied: BitBoard(
                    3472275312702652416,
                ),
                owned: BitBoard(
                    0,
                ),
            },
            boss: BitBoard(
                3472278624122437632,
            ),
            rays: Rays {
                s: BitBoard(
                    0,
                ),
                w: BitBoard(
                    0,
                ),
                n: BitBoard(
                    0,
                ),
                e: BitBoard(
                    0,
                ),
            },
        },
        hash: 1750689140713234572,
        capture_flag: false,
    },
    State {
        current: Black,
        board: Board {
            black: PlayerState {
                hand: PieceList(
                    4092,
                ),
                move_list: [
                    Move(
                        432,
                    ),
                    Move(
                        3585,
                    ),
                ],
                occupied: BitBoard(
                    3311419785728,
                ),
                owned: BitBoard(
                    0,
                ),
            },
            white: PlayerState {
                hand: PieceList(
                    4062,
                ),
                move_list: [
                    Move(
                        720,
                    ),
                    Move(
                        15717,
                    ),
                ],
                occupied: BitBoard(
                    3472328089260785664,
                ),
                owned: BitBoard(
                    0,
                ),
            },
            boss: BitBoard(
                3472278624122437632,
            ),
            rays: Rays {
                s: BitBoard(
                    0,
                ),
                w: BitBoard(
                    0,
                ),
                n: BitBoard(
                    0,
                ),
                e: BitBoard(
                    0,
                ),
            },
        },
        hash: 16562074271771486098,
        capture_flag: false,
    },
    State {
        current: White,
        board: Board {
            black: PlayerState {
                hand: PieceList(
                    4084,
                ),
                move_list: [
                    Move(
                        432,
                    ),
                    Move(
                        3585,
                    ),
                    Move(
                        8275,
                    ),
                ],
                occupied: BitBoard(
                    3311419982336,
                ),
                owned: BitBoard(
                    0,
                ),
            },
            white: PlayerState {
                hand: PieceList(
                    4062,
                ),
                move_list: [
                    Move(
                        720,
                    ),
                    Move(
                        15717,
                    ),
                ],
                occupied: BitBoard(
                    3472328089260785664,
                ),
                owned: BitBoard(
                    0,
                ),
            },
            boss: BitBoard(
                3472278624122437632,
            ),
            rays: Rays {
                s: BitBoard(
                    0,
                ),
                w: BitBoard(
                    0,
                ),
                n: BitBoard(
                    0,
                ),
                e: BitBoard(
                    0,
                ),
            },
        },
        hash: 9800151811982652855,
        capture_flag: false,
    },
    State {
        current: Black,
        board: Board {
            black: PlayerState {
                hand: PieceList(
                    4084,
                ),
                move_list: [
                    Move(
                        432,
                    ),
                    Move(
                        3585,
                    ),
                    Move(
                        8275,
                    ),
                ],
                occupied: BitBoard(
                    3311419982336,
                ),
                owned: BitBoard(
                    0,
                ),
            },
            white: PlayerState {
                hand: PieceList(
                    3550,
                ),
                move_list: [
                    Move(
                        720,
                    ),
                    Move(
                        15717,
                    ),
                    Move(
                        18777,
                    ),
                ],
                occupied: BitBoard(
                    3472328089261050880,
                ),
                owned: BitBoard(
                    0,
                ),
            },
            boss: BitBoard(
                3472278624122437632,
            ),
            rays: Rays {
                s: BitBoard(
                    0,
                ),
                w: BitBoard(
                    0,
                ),
                n: BitBoard(
                    0,
                ),
                e: BitBoard(
                    0,
                ),
            },
        },
        hash: 13485160536929268751,
        capture_flag: false,
    },
    State {
        current: White,
        board: Board {
            black: PlayerState {
                hand: PieceList(
                    3572,
                ),
                move_list: [
                    Move(
                        432,
                    ),
                    Move(
                        3585,
                    ),
                    Move(
                        8275,
                    ),
                    Move(
                        19529,
                    ),
                ],
                occupied: BitBoard(
                    3311689990656,
                ),
                owned: BitBoard(
                    0,
                ),
            },
            white: PlayerState {
                hand: PieceList(
                    3550,
                ),
                move_list: [
                    Move(
                        720,
                    ),
                    Move(
                        15717,
                    ),
                    Move(
                        18777,
                    ),
                ],
                occupied: BitBoard(
                    3472328089261050880,
                ),
                owned: BitBoard(
                    0,
                ),
            },
            boss: BitBoard(
                3472278624122437632,
            ),
            rays: Rays {
                s: BitBoard(
                    0,
                ),
                w: BitBoard(
                    0,
                ),
                n: BitBoard(
                    0,
                ),
                e: BitBoard(
                    0,
                ),
            },
        },
        hash: 2000465472252926767,
        capture_flag: false,
    },
    State {
        current: Black,
        board: Board {
            black: PlayerState {
                hand: PieceList(
                    3572,
                ),
                move_list: [
                    Move(
                        432,
                    ),
                    Move(
                        3585,
                    ),
                    Move(
                        8275,
                    ),
                    Move(
                        19529,
                    ),
                ],
                occupied: BitBoard(
                    3311689990656,
                ),
                owned: BitBoard(
                    0,
                ),
            },
            white: PlayerState {
                hand: PieceList(
                    3486,
                ),
                move_list: [
                    Move(
                        720,
                    ),
                    Move(
                        15717,
                    ),
                    Move(
                        18777,
                    ),
                    Move(
                        15878,
                    ),
                ],
                occupied: BitBoard(
                    4337019217716186112,
                ),
                owned: BitBoard(
                    0,
                ),
            },
            boss: BitBoard(
                3472278624122437632,
            ),
            rays: Rays {
                s: BitBoard(
                    0,
                ),
                w: BitBoard(
                    0,
                ),
                n: BitBoard(
                    0,
                ),
                e: BitBoard(
                    0,
                ),
            },
        },
        hash: 9313405368468732249,
        capture_flag: false,
    },
    State {
        current: White,
        board: Board {
            black: PlayerState {
                hand: PieceList(
                    3444,
                ),
                move_list: [
                    Move(
                        432,
                    ),
                    Move(
                        3585,
                    ),
                    Move(
                        8275,
                    ),
                    Move(
                        19529,
                    ),
                    Move(
                        16663,
                    ),
                ],
                occupied: BitBoard(
                    3311690002976,
                ),
                owned: BitBoard(
                    0,
                ),
            },
            white: PlayerState {
                hand: PieceList(
                    3486,
                ),
                move_list: [
                    Move(
                        720,
                    ),
                    Move(
                        15717,
                    ),
                    Move(
                        18777,
                    ),
                    Move(
                        15878,
                    ),
                ],
                occupied: BitBoard(
                    4337019217716186112,
                ),
                owned: BitBoard(
                    0,
                ),
            },
            boss: BitBoard(
                3472278624122437632,
            ),
            rays: Rays {
                s: BitBoard(
                    0,
                ),
                w: BitBoard(
                    0,
                ),
                n: BitBoard(
                    0,
                ),
                e: BitBoard(
                    0,
                ),
            },
        },
        hash: 7100796308479530771,
        capture_flag: false,
    },
    State {
        current: Black,
        board: Board {
            black: PlayerState {
                hand: PieceList(
                    3444,
                ),
                move_list: [
                    Move(
                        432,
                    ),
                    Move(
                        3585,
                    ),
                    Move(
                        8275,
                    ),
                    Move(
                        19529,
                    ),
                    Move(
                        16663,
                    ),
                ],
                occupied: BitBoard(
                    3311690002976,
                ),
                owned: BitBoard(
                    0,
                ),
            },
            white: PlayerState {
                hand: PieceList(
                    3470,
                ),
                move_list: [
                    Move(
                        720,
                    ),
                    Move(
                        15717,
                    ),
                    Move(
                        18777,
                    ),
                    Move(
                        15878,
                    ),
                    Move(
                        9764,
                    ),
                ],
                occupied: BitBoard(
                    4337019217716186124,
                ),
                owned: BitBoard(
                    0,
                ),
            },
            boss: BitBoard(
                3472278624122437632,
            ),
            rays: Rays {
                s: BitBoard(
                    0,
                ),
                w: BitBoard(
                    0,
                ),
                n: BitBoard(
                    0,
                ),
                e: BitBoard(
                    0,
                ),
            },
        },
        hash: 8120207817934343836,
        capture_flag: false,
    },
    State {
        current: White,
        board: Board {
            black: PlayerState {
                hand: PieceList(
                    3188,
                ),
                move_list: [
                    Move(
                        432,
                    ),
                    Move(
                        3585,
                    ),
                    Move(
                        8275,
                    ),
                    Move(
                        19529,
                    ),
                    Move(
                        16663,
                    ),
                    Move(
                        16472,
                    ),
                ],
                occupied: BitBoard(
                    74092751041056,
                ),
                owned: BitBoard(
                    0,
                ),
            },
            white: PlayerState {
                hand: PieceList(
                    3470,
                ),
                move_list: [
                    Move(
                        720,
                    ),
                    Move(
                        15717,
                    ),
                    Move(
                        18777,
                    ),
                    Move(
                        15878,
                    ),
                    Move(
                        9764,
                    ),
                ],
                occupied: BitBoard(
                    4337019217716186124,
                ),
                owned: BitBoard(
                    0,
                ),
            },
            boss: BitBoard(
                3472278624122437632,
            ),
            rays: Rays {
                s: BitBoard(
                    0,
                ),
                w: BitBoard(
                    0,
                ),
                n: BitBoard(
                    0,
                ),
                e: BitBoard(
                    0,
                ),
            },
        },
        hash: 2866390643167297794,
        capture_flag: false,
    },
    State {
        current: Black,
        board: Board {
            black: PlayerState {
                hand: PieceList(
                    3188,
                ),
                move_list: [
                    Move(
                        432,
                    ),
                    Move(
                        3585,
                    ),
                    Move(
                        8275,
                    ),
                    Move(
                        19529,
                    ),
                    Move(
                        16663,
                    ),
                    Move(
                        16472,
                    ),
                ],
                occupied: BitBoard(
                    74092751041056,
                ),
                owned: BitBoard(
                    0,
                ),
            },
            white: PlayerState {
                hand: PieceList(
                    1422,
                ),
                move_list: [
                    Move(
                        720,
                    ),
                    Move(
                        15717,
                    ),
                    Move(
                        18777,
                    ),
                    Move(
                        15878,
                    ),
                    Move(
                        9764,
                    ),
                    Move(
                        24763,
                    ),
                ],
                occupied: BitBoard(
                    4337019218259348492,
                ),
                owned: BitBoard(
                    0,
                ),
            },
            boss: BitBoard(
                3472278624122437632,
            ),
            rays: Rays {
                s: BitBoard(
                    0,
                ),
                w: BitBoard(
                    0,
                ),
                n: BitBoard(
                    0,
                ),
                e: BitBoard(
                    0,
                ),
            },
        },
        hash: 15711840086574115509,
        capture_flag: false,
    },
    State {
        current: White,
        board: Board {
            black: PlayerState {
                hand: PieceList(
                    3172,
                ),
                move_list: [
                    Move(
                        432,
                    ),
                    Move(
                        3585,
                    ),
                    Move(
                        8275,
                    ),
                    Move(
                        19529,
                    ),
                    Move(
                        16663,
                    ),
                    Move(
                        16472,
                    ),
                    Move(
                        10164,
                    ),
                ],
                occupied: BitBoard(
                    74095972266528,
                ),
                owned: BitBoard(
                    0,
                ),
            },
            white: PlayerState {
                hand: PieceList(
                    1422,
                ),
                move_list: [
                    Move(
                        720,
                    ),
                    Move(
                        15717,
                    ),
                    Move(
                        18777,
                    ),
                    Move(
                        15878,
                    ),
                    Move(
                        9764,
                    ),
                    Move(
                        24763,
                    ),
                ],
                occupied: BitBoard(
                    4337019218259348492,
                ),
                owned: BitBoard(
                    0,
                ),
            },
            boss: BitBoard(
                3472278624122437632,
            ),
            rays: Rays {
                s: BitBoard(
                    0,
                ),
                w: BitBoard(
                    0,
                ),
                n: BitBoard(
                    0,
                ),
                e: BitBoard(
                    0,
                ),
            },
        },
        hash: 9729470567894246024,
        capture_flag: false,
    },
    State {
        current: Black,
        board: Board {
            black: PlayerState {
                hand: PieceList(
                    3172,
                ),
                move_list: [
                    Move(
                        432,
                    ),
                    Move(
                        3585,
                    ),
                    Move(
                        8275,
                    ),
                    Move(
                        19529,
                    ),
                    Move(
                        16663,
                    ),
                    Move(
                        16472,
                    ),
                    Move(
                        10164,
                    ),
                ],
                occupied: BitBoard(
                    74095972266528,
                ),
                owned: BitBoard(
                    0,
                ),
            },
            white: PlayerState {
                hand: PieceList(
                    1420,
                ),
                move_list: [
                    Move(
                        720,
                    ),
                    Move(
                        15717,
                    ),
                    Move(
                        18777,
                    ),
                    Move(
                        15878,
                    ),
                    Move(
                        9764,
                    ),
                    Move(
                        24763,
                    ),
                    Move(
                        1137,
                    ),
                ],
                occupied: BitBoard(
                    4337019218267737100,
                ),
                owned: BitBoard(
                    0,
                ),
            },
            boss: BitBoard(
                3472278624122437632,
            ),
            rays: Rays {
                s: BitBoard(
                    0,
                ),
                w: BitBoard(
                    0,
                ),
                n: BitBoard(
                    0,
                ),
                e: BitBoard(
                    0,
                ),
            },
        },
        hash: 14619127276848271556,
        capture_flag: false,
    },
    State {
        current: White,
        board: Board {
            black: PlayerState {
                hand: PieceList(
                    2148,
                ),
                move_list: [
                    Move(
                        432,
                    ),
                    Move(
                        3585,
                    ),
                    Move(
                        8275,
                    ),
                    Move(
                        19529,
                    ),
                    Move(
                        16663,
                    ),
                    Move(
                        16472,
                    ),
                    Move(
                        10164,
                    ),
                    Move(
                        23274,
                    ),
                ],
                occupied: BitBoard(
                    74199185699360,
                ),
                owned: BitBoard(
                    70888317317344,
                ),
            },
            white: PlayerState {
                hand: PieceList(
                    1420,
                ),
                move_list: [
                    Move(
                        720,
                    ),
                    Move(
                        15717,
                    ),
                    Move(
                        18777,
                    ),
                    Move(
                        15878,
                    ),
                    Move(
                        9764,
                    ),
                ],
                occupied: BitBoard(
                    4337019217716186124,
                ),
                owned: BitBoard(
                    0,
                ),
            },
            boss: BitBoard(
                3472278624122437632,
            ),
            rays: Rays {
                s: BitBoard(
                    0,
                ),
                w: BitBoard(
                    0,
                ),
                n: BitBoard(
                    0,
                ),
                e: BitBoard(
                    0,
                ),
            },
        },
        hash: 9342207423476737862,
        capture_flag: false,
    },
    State {
        current: Black,
        board: Board {
            black: PlayerState {
                hand: PieceList(
                    2148,
                ),
                move_list: [
                    Move(
                        432,
                    ),
                    Move(
                        3585,
                    ),
                    Move(
                        8275,
                    ),
                    Move(
                        19529,
                    ),
                    Move(
                        16663,
                    ),
                    Move(
                        16472,
                    ),
                    Move(
                        10164,
                    ),
                    Move(
                        23274,
                    ),
                ],
                occupied: BitBoard(
                    74199185699360,
                ),
                owned: BitBoard(
                    70888317317344,
                ),
            },
            white: PlayerState {
                hand: PieceList(
                    396,
                ),
                move_list: [
                    Move(
                        720,
                    ),
                    Move(
                        15717,
                    ),
                    Move(
                        18777,
                    ),
                    Move(
                        15878,
                    ),
                    Move(
                        9764,
                    ),
                    Move(
                        22698,
                    ),
                ],
                occupied: BitBoard(
                    4340405713529736204,
                ),
                owned: BitBoard(
                    0,
                ),
            },
            boss: BitBoard(
                3472278624122437632,
            ),
            rays: Rays {
                s: BitBoard(
                    0,
                ),
                w: BitBoard(
                    0,
                ),
                n: BitBoard(
                    0,
                ),
                e: BitBoard(
                    0,
                ),
            },
        },
        hash: 17095236725111986568,
        capture_flag: false,
    },
    State {
        current: White,
        board: Board {
            black: PlayerState {
                hand: PieceList(
                    2116,
                ),
                move_list: [
                    Move(
                        432,
                    ),
                    Move(
                        3585,
                    ),
                    Move(
                        8275,
                    ),
                    Move(
                        19529,
                    ),
                    Move(
                        16663,
                    ),
                    Move(
                        16472,
                    ),
                    Move(
                        10164,
                    ),
                    Move(
                        23274,
                    ),
                    Move(
                        13893,
                    ),
                ],
                occupied: BitBoard(
                    74199191990816,
                ),
                owned: BitBoard(
                    70888317317344,
                ),
            },
            white: PlayerState {
                hand: PieceList(
                    396,
                ),
                move_list: [
                    Move(
                        720,
                    ),
                    Move(
                        15717,
                    ),
                    Move(
                        18777,
                    ),
                    Move(
                        15878,
                    ),
                    Move(
                        9764,
                    ),
                    Move(
                        22698,
                    ),
                ],
                occupied: BitBoard(
                    4340405713529736204,
                ),
                owned: BitBoard(
                    0,
                ),
            },
            boss: BitBoard(
                3472278624122437632,
            ),
            rays: Rays {
                s: BitBoard(
                    0,
                ),
                w: BitBoard(
                    0,
                ),
                n: BitBoard(
                    0,
                ),
                e: BitBoard(
                    0,
                ),
            },
        },
        hash: 5348541363491343352,
        capture_flag: false,
    },
    State {
        current: Black,
        board: Board {
            black: PlayerState {
                hand: PieceList(
                    2116,
                ),
                move_list: [
                    Move(
                        432,
                    ),
                    Move(
                        3585,
                    ),
                    Move(
                        8275,
                    ),
                    Move(
                        19529,
                    ),
                    Move(
                        16663,
                    ),
                    Move(
                        16472,
                    ),
                    Move(
                        10164,
                    ),
                    Move(
                        23274,
                    ),
                    Move(
                        13893,
                    ),
                ],
                occupied: BitBoard(
                    74199191990816,
                ),
                owned: BitBoard(
                    70888317317344,
                ),
            },
            white: PlayerState {
                hand: PieceList(
                    388,
                ),
                move_list: [
                    Move(
                        720,
                    ),
                    Move(
                        15717,
                    ),
                    Move(
                        18777,
                    ),
                    Move(
                        15878,
                    ),
                    Move(
                        9764,
                    ),
                    Move(
                        22698,
                    ),
                    Move(
                        8387,
                    ),
                ],
                occupied: BitBoard(
                    4340405713580067852,
                ),
                owned: BitBoard(
                    0,
                ),
            },
            boss: BitBoard(
                3472278624122437632,
            ),
            rays: Rays {
                s: BitBoard(
                    0,
                ),
                w: BitBoard(
                    0,
                ),
                n: BitBoard(
                    0,
                ),
                e: BitBoard(
                    0,
                ),
            },
        },
        hash: 7041091243911782503,
        capture_flag: false,
    },
    State {
        current: White,
        board: Board {
            black: PlayerState {
                hand: PieceList(
                    2052,
                ),
                move_list: [
                    Move(
                        432,
                    ),
                    Move(
                        3585,
                    ),
                    Move(
                        8275,
                    ),
                    Move(
                        19529,
                    ),
                    Move(
                        16663,
                    ),
                    Move(
                        16472,
                    ),
                    Move(
                        10164,
                    ),
                    Move(
                        23274,
                    ),
                    Move(
                        13893,
                    ),
                    Move(
                        12966,
                    ),
                ],
                occupied: BitBoard(
                    74199192007264,
                ),
                owned: BitBoard(
                    70888317317344,
                ),
            },
            white: PlayerState {
                hand: PieceList(
                    388,
                ),
                move_list: [
                    Move(
                        720,
                    ),
                    Move(
                        15717,
                    ),
                    Move(
                        18777,
                    ),
                    Move(
                        15878,
                    ),
                    Move(
                        9764,
                    ),
                    Move(
                        22698,
                    ),
                    Move(
                        8387,
                    ),
                ],
                occupied: BitBoard(
                    4340405713580067852,
                ),
                owned: BitBoard(
                    0,
                ),
            },
            boss: BitBoard(
                3472278624122437632,
            ),
            rays: Rays {
                s: BitBoard(
                    0,
                ),
                w: BitBoard(
                    0,
                ),
                n: BitBoard(
                    0,
                ),
                e: BitBoard(
                    0,
                ),
            },
        },
        hash: 14394248397291513801,
        capture_flag: false,
    },
    State {
        current: Black,
        board: Board {
            black: PlayerState {
                hand: PieceList(
                    2052,
                ),
                move_list: [
                    Move(
                        432,
                    ),
                    Move(
                        3585,
                    ),
                    Move(
                        8275,
                    ),
                    Move(
                        19529,
                    ),
                    Move(
                        16663,
                    ),
                    Move(
                        16472,
                    ),
                    Move(
                        10164,
                    ),
                    Move(
                        23274,
                    ),
                    Move(
                        13893,
                    ),
                    Move(
                        12966,
                    ),
                ],
                occupied: BitBoard(
                    74199192007264,
                ),
                owned: BitBoard(
                    70888317317344,
                ),
            },
            white: PlayerState {
                hand: PieceList(
                    260,
                ),
                move_list: [
                    Move(
                        720,
                    ),
                    Move(
                        15717,
                    ),
                    Move(
                        18777,
                    ),
                    Move(
                        15878,
                    ),
                    Move(
                        9764,
                    ),
                    Move(
                        22698,
                    ),
                    Move(
                        8387,
                    ),
                    Move(
                        17959,
                    ),
                ],
                occupied: BitBoard(
                    4340405713580068111,
                ),
                owned: BitBoard(
                    0,
                ),
            },
            boss: BitBoard(
                3472278624122437632,
            ),
            rays: Rays {
                s: BitBoard(
                    0,
                ),
                w: BitBoard(
                    0,
                ),
                n: BitBoard(
                    0,
                ),
                e: BitBoard(
                    0,
                ),
            },
        },
        hash: 2535517741343870225,
        capture_flag: false,
    },
    State {
        current: White,
        board: Board {
            black: PlayerState {
                hand: PieceList(
                    4,
                ),
                move_list: [
                    Move(
                        432,
                    ),
                    Move(
                        3585,
                    ),
                    Move(
                        8275,
                    ),
                    Move(
                        19529,
                    ),
                    Move(
                        16663,
                    ),
                    Move(
                        16472,
                    ),
                    Move(
                        10164,
                    ),
                    Move(
                        23274,
                    ),
                    Move(
                        13893,
                    ),
                    Move(
                        12966,
                    ),
                    Move(
                        26795,
                    ),
                ],
                occupied: BitBoard(
                    13871161051493134944,
                ),
                owned: BitBoard(
                    70888317317344,
                ),
            },
            white: PlayerState {
                hand: PieceList(
                    260,
                ),
                move_list: [
                    Move(
                        720,
                    ),
                    Move(
                        15717,
                    ),
                    Move(
                        18777,
                    ),
                    Move(
                        15878,
                    ),
                    Move(
                        9764,
                    ),
                    Move(
                        22698,
                    ),
                    Move(
                        8387,
                    ),
                    Move(
                        17959,
                    ),
                ],
                occupied: BitBoard(
                    4340405713580068111,
                ),
                owned: BitBoard(
                    0,
                ),
            },
            boss: BitBoard(
                3472278624122437632,
            ),
            rays: Rays {
                s: BitBoard(
                    0,
                ),
                w: BitBoard(
                    0,
                ),
                n: BitBoard(
                    0,
                ),
                e: BitBoard(
                    0,
                ),
            },
        },
        hash: 5548915635466358295,
        capture_flag: false,
    },
    State {
        current: Black,
        board: Board {
            black: PlayerState {
                hand: PieceList(
                    4,
                ),
                move_list: [
                    Move(
                        432,
                    ),
                    Move(
                        3585,
                    ),
                    Move(
                        8275,
                    ),
                    Move(
                        19529,
                    ),
                    Move(
                        16663,
                    ),
                    Move(
                        16472,
                    ),
                    Move(
                        10164,
                    ),
                    Move(
                        23274,
                    ),
                    Move(
                        13893,
                    ),
                    Move(
                        12966,
                    ),
                    Move(
                        26795,
                    ),
                ],
                occupied: BitBoard(
                    13871161051493134944,
                ),
                owned: BitBoard(
                    70888317317344,
                ),
            },
            white: PlayerState {
                hand: PieceList(
                    4,
                ),
                move_list: [
                    Move(
                        720,
                    ),
                    Move(
                        15717,
                    ),
                    Move(
                        18777,
                    ),
                    Move(
                        15878,
                    ),
                    Move(
                        9764,
                    ),
                    Move(
                        22698,
                    ),
                    Move(
                        8387,
                    ),
                    Move(
                        17959,
                    ),
                    Move(
                        17848,
                    ),
                ],
                occupied: BitBoard(
                    4556859970670562575,
                ),
                owned: BitBoard(
                    0,
                ),
            },
            boss: BitBoard(
                3472278624122437632,
            ),
            rays: Rays {
                s: BitBoard(
                    0,
                ),
                w: BitBoard(
                    0,
                ),
                n: BitBoard(
                    0,
                ),
                e: BitBoard(
                    0,
                ),
            },
        },
        hash: 665773171101880532,
        capture_flag: false,
    },
]
