---
source: tests/game.rs
expression: history
---
[
    State {
        current: Black,
        board: Board {
            black: PlayerState {
                hand: PieceList(
                    4095,
                ),
                move_list: [],
                occupied: BitBoard(
                    0,
                ),
                owned: BitBoard(
                    0,
                ),
            },
            white: PlayerState {
                hand: PieceList(
                    4095,
                ),
                move_list: [],
                occupied: BitBoard(
                    0,
                ),
                owned: BitBoard(
                    0,
                ),
            },
            boss: BitBoard(
                0,
            ),
            rays: Rays {
                s: BitBoard(
                    0,
                ),
                w: BitBoard(
                    0,
                ),
                n: BitBoard(
                    0,
                ),
                e: BitBoard(
                    0,
                ),
            },
        },
        hash: 0,
        capture_flag: false,
    },
    State {
        current: White,
        board: Board {
            black: PlayerState {
                hand: PieceList(
                    4094,
                ),
                move_list: [
                    Move(
                        64,
                    ),
                ],
                occupied: BitBoard(
                    12336,
                ),
                owned: BitBoard(
                    0,
                ),
            },
            white: PlayerState {
                hand: PieceList(
                    4095,
                ),
                move_list: [],
                occupied: BitBoard(
                    0,
                ),
                owned: BitBoard(
                    0,
                ),
            },
            boss: BitBoard(
                12336,
            ),
            rays: Rays {
                s: BitBoard(
                    0,
                ),
                w: BitBoard(
                    0,
                ),
                n: BitBoard(
                    0,
                ),
                e: BitBoard(
                    0,
                ),
            },
        },
        hash: 15945533279256367170,
        capture_flag: false,
    },
    State {
        current: Black,
        board: Board {
            black: PlayerState {
                hand: PieceList(
                    4094,
                ),
                move_list: [
                    Move(
                        64,
                    ),
                ],
                occupied: BitBoard(
                    12336,
                ),
                owned: BitBoard(
                    0,
                ),
            },
            white: PlayerState {
                hand: PieceList(
                    4094,
                ),
                move_list: [
                    Move(
                        128,
                    ),
                ],
                occupied: BitBoard(
                    394752,
                ),
                owned: BitBoard(
                    0,
                ),
            },
            boss: BitBoard(
                407088,
            ),
            rays: Rays {
                s: BitBoard(
                    0,
                ),
                w: BitBoard(
                    0,
                ),
                n: BitBoard(
                    0,
                ),
                e: BitBoard(
                    0,
                ),
            },
        },
        hash: 796622465954910527,
        capture_flag: false,
    },
    State {
        current: White,
        board: Board {
            black: PlayerState {
                hand: PieceList(
                    3070,
                ),
                move_list: [
                    Move(
                        64,
                    ),
                    Move(
                        22410,
                    ),
                ],
                occupied: BitBoard(
                    1614819376,
                ),
                owned: BitBoard(
                    0,
                ),
            },
            white: PlayerState {
                hand: PieceList(
                    4094,
                ),
                move_list: [
                    Move(
                        128,
                    ),
                ],
                occupied: BitBoard(
                    394752,
                ),
                owned: BitBoard(
                    0,
                ),
            },
            boss: BitBoard(
                407088,
            ),
            rays: Rays {
                s: BitBoard(
                    0,
                ),
                w: BitBoard(
                    0,
                ),
                n: BitBoard(
                    0,
                ),
                e: BitBoard(
                    0,
                ),
            },
        },
        hash: 5238794890867998343,
        capture_flag: false,
    },
    State {
        current: Black,
        board: Board {
            black: PlayerState {
                hand: PieceList(
                    3070,
                ),
                move_list: [
                    Move(
                        64,
                    ),
                    Move(
                        22410,
                    ),
                ],
                occupied: BitBoard(
                    1614819376,
                ),
                owned: BitBoard(
                    0,
                ),
            },
            white: PlayerState {
                hand: PieceList(
                    4086,
                ),
                move_list: [
                    Move(
                        128,
                    ),
                    Move(
                        8627,
                    ),
                ],
                occupied: BitBoard(
                    6597070161408,
                ),
                owned: BitBoard(
                    0,
                ),
            },
            boss: BitBoard(
                407088,
            ),
            rays: Rays {
                s: BitBoard(
                    0,
                ),
                w: BitBoard(
                    0,
                ),
                n: BitBoard(
                    0,
                ),
                e: BitBoard(
                    0,
                ),
            },
        },
        hash: 8192788413904663704,
        capture_flag: false,
    },
    State {
        current: White,
        board: Board {
            black: PlayerState {
                hand: PieceList(
                    3068,
                ),
                move_list: [
                    Move(
                        64,
                    ),
                    Move(
                        22410,
                    ),
                    Move(
                        3969,
                    ),
                ],
                occupied: BitBoard(
                    70334296112,
                ),
                owned: BitBoard(
                    0,
                ),
            },
            white: PlayerState {
                hand: PieceList(
                    4086,
                ),
                move_list: [
                    Move(
                        128,
                    ),
                    Move(
                        8627,
                    ),
                ],
                occupied: BitBoard(
                    6597070161408,
                ),
                owned: BitBoard(
                    0,
                ),
            },
            boss: BitBoard(
                407088,
            ),
            rays: Rays {
                s: BitBoard(
                    0,
                ),
                w: BitBoard(
                    0,
                ),
                n: BitBoard(
                    0,
                ),
                e: BitBoard(
                    0,
                ),
            },
        },
        hash: 565064394910915558,
        capture_flag: false,
    },
    State {
        current: Black,
        board: Board {
            black: PlayerState {
                hand: PieceList(
                    3068,
                ),
                move_list: [
                    Move(
                        64,
                    ),
                    Move(
                        22410,
                    ),
                    Move(
                        3969,
                    ),
                ],
                occupied: BitBoard(
                    70334296112,
                ),
                owned: BitBoard(
                    0,
                ),
            },
            white: PlayerState {
                hand: PieceList(
                    4084,
                ),
                move_list: [
                    Move(
                        128,
                    ),
                    Move(
                        8627,
                    ),
                    Move(
                        4289,
                    ),
                ],
                occupied: BitBoard(
                    576467349373584896,
                ),
                owned: BitBoard(
                    0,
                ),
            },
            boss: BitBoard(
                407088,
            ),
            rays: Rays {
                s: BitBoard(
                    0,
                ),
                w: BitBoard(
                    0,
                ),
                n: BitBoard(
                    0,
                ),
                e: BitBoard(
                    0,
                ),
            },
        },
        hash: 8418808135121228529,
        capture_flag: false,
    },
    State {
        current: White,
        board: Board {
            black: PlayerState {
                hand: PieceList(
                    3036,
                ),
                move_list: [
                    Move(
                        64,
                    ),
                    Move(
                        22410,
                    ),
                    Move(
                        3969,
                    ),
                    Move(
                        15749,
                    ),
                ],
                occupied: BitBoard(
                    844495264428080,
                ),
                owned: BitBoard(
                    0,
                ),
            },
            white: PlayerState {
                hand: PieceList(
                    4084,
                ),
                move_list: [
                    Move(
                        128,
                    ),
                    Move(
                        8627,
                    ),
                    Move(
                        4289,
                    ),
                ],
                occupied: BitBoard(
                    576467349373584896,
                ),
                owned: BitBoard(
                    0,
                ),
            },
            boss: BitBoard(
                407088,
            ),
            rays: Rays {
                s: BitBoard(
                    0,
                ),
                w: BitBoard(
                    0,
                ),
                n: BitBoard(
                    0,
                ),
                e: BitBoard(
                    0,
                ),
            },
        },
        hash: 10497115695865769409,
        capture_flag: false,
    },
    State {
        current: Black,
        board: Board {
            black: PlayerState {
                hand: PieceList(
                    3036,
                ),
                move_list: [
                    Move(
                        64,
                    ),
                    Move(
                        22410,
                    ),
                    Move(
                        3969,
                    ),
                    Move(
                        15749,
                    ),
                ],
                occupied: BitBoard(
                    844495264428080,
                ),
                owned: BitBoard(
                    0,
                ),
            },
            white: PlayerState {
                hand: PieceList(
                    4052,
                ),
                move_list: [
                    Move(
                        128,
                    ),
                    Move(
                        8627,
                    ),
                    Move(
                        4289,
                    ),
                    Move(
                        13253,
                    ),
                ],
                occupied: BitBoard(
                    576467353685329408,
                ),
                owned: BitBoard(
                    0,
                ),
            },
            boss: BitBoard(
                407088,
            ),
            rays: Rays {
                s: BitBoard(
                    0,
                ),
                w: BitBoard(
                    0,
                ),
                n: BitBoard(
                    0,
                ),
                e: BitBoard(
                    0,
                ),
            },
        },
        hash: 7992225589978862835,
        capture_flag: false,
    },
    State {
        current: White,
        board: Board {
            black: PlayerState {
                hand: PieceList(
                    3028,
                ),
                move_list: [
                    Move(
                        64,
                    ),
                    Move(
                        22410,
                    ),
                    Move(
                        3969,
                    ),
                    Move(
                        15749,
                    ),
                    Move(
                        8659,
                    ),
                ],
                occupied: BitBoard(
                    870883543494704,
                ),
                owned: BitBoard(
                    0,
                ),
            },
            white: PlayerState {
                hand: PieceList(
                    4052,
                ),
                move_list: [
                    Move(
                        128,
                    ),
                    Move(
                        8627,
                    ),
                    Move(
                        4289,
                    ),
                    Move(
                        13253,
                    ),
                ],
                occupied: BitBoard(
                    576467353685329408,
                ),
                owned: BitBoard(
                    0,
                ),
            },
            boss: BitBoard(
                407088,
            ),
            rays: Rays {
                s: BitBoard(
                    0,
                ),
                w: BitBoard(
                    0,
                ),
                n: BitBoard(
                    0,
                ),
                e: BitBoard(
                    0,
                ),
            },
        },
        hash: 11457015964562856495,
        capture_flag: false,
    },
    State {
        current: Black,
        board: Board {
            black: PlayerState {
                hand: PieceList(
                    3028,
                ),
                move_list: [
                    Move(
                        64,
                    ),
                    Move(
                        22410,
                    ),
                    Move(
                        3969,
                    ),
                    Move(
                        15749,
                    ),
                    Move(
                        8659,
                    ),
                ],
                occupied: BitBoard(
                    870883543494704,
                ),
                owned: BitBoard(
                    0,
                ),
            },
            white: PlayerState {
                hand: PieceList(
                    4036,
                ),
                move_list: [
                    Move(
                        128,
                    ),
                    Move(
                        8627,
                    ),
                    Move(
                        4289,
                    ),
                    Move(
                        13253,
                    ),
                    Move(
                        9940,
                    ),
                ],
                occupied: BitBoard(
                    576467353685378560,
                ),
                owned: BitBoard(
                    0,
                ),
            },
            boss: BitBoard(
                407088,
            ),
            rays: Rays {
                s: BitBoard(
                    0,
                ),
                w: BitBoard(
                    0,
                ),
                n: BitBoard(
                    0,
                ),
                e: BitBoard(
                    0,
                ),
            },
        },
        hash: 14829355388314793340,
        capture_flag: false,
    },
    State {
        current: White,
        board: Board {
            black: PlayerState {
                hand: PieceList(
                    3012,
                ),
                move_list: [
                    Move(
                        64,
                    ),
                    Move(
                        22410,
                    ),
                    Move(
                        3969,
                    ),
                    Move(
                        15749,
                    ),
                    Move(
                        8659,
                    ),
                    Move(
                        10468,
                    ),
                ],
                occupied: BitBoard(
                    14381682425606192,
                ),
                owned: BitBoard(
                    0,
                ),
            },
            white: PlayerState {
                hand: PieceList(
                    4036,
                ),
                move_list: [
                    Move(
                        128,
                    ),
                    Move(
                        8627,
                    ),
                    Move(
                        4289,
                    ),
                    Move(
                        13253,
                    ),
                    Move(
                        9940,
                    ),
                ],
                occupied: BitBoard(
                    576467353685378560,
                ),
                owned: BitBoard(
                    0,
                ),
            },
            boss: BitBoard(
                407088,
            ),
            rays: Rays {
                s: BitBoard(
                    0,
                ),
                w: BitBoard(
                    0,
                ),
                n: BitBoard(
                    0,
                ),
                e: BitBoard(
                    0,
                ),
            },
        },
        hash: 4568824375099318425,
        capture_flag: false,
    },
    State {
        current: Black,
        board: Board {
            black: PlayerState {
                hand: PieceList(
                    3012,
                ),
                move_list: [
                    Move(
                        64,
                    ),
                    Move(
                        22410,
                    ),
                    Move(
                        3969,
                    ),
                    Move(
                        15749,
                    ),
                    Move(
                        8659,
                    ),
                    Move(
                        10468,
                    ),
                ],
                occupied: BitBoard(
                    14381682425606192,
                ),
                owned: BitBoard(
                    0,
                ),
            },
            white: PlayerState {
                hand: PieceList(
                    3012,
                ),
                move_list: [
                    Move(
                        128,
                    ),
                    Move(
                        8627,
                    ),
                    Move(
                        4289,
                    ),
                    Move(
                        13253,
                    ),
                    Move(
                        9940,
                    ),
                    Move(
                        24218,
                    ),
                ],
                occupied: BitBoard(
                    576538547063277056,
                ),
                owned: BitBoard(
                    0,
                ),
            },
            boss: BitBoard(
                407088,
            ),
            rays: Rays {
                s: BitBoard(
                    0,
                ),
                w: BitBoard(
                    0,
                ),
                n: BitBoard(
                    0,
                ),
                e: BitBoard(
                    0,
                ),
            },
        },
        hash: 9534010396781293837,
        capture_flag: false,
    },
    State {
        current: White,
        board: Board {
            black: PlayerState {
                hand: PieceList(
                    2948,
                ),
                move_list: [
                    Move(
                        64,
                    ),
                    Move(
                        22410,
                    ),
                    Move(
                        3969,
                    ),
                    Move(
                        15749,
                    ),
                    Move(
                        8659,
                    ),
                    Move(
                        10468,
                    ),
                    Move(
                        14374,
                    ),
                ],
                occupied: BitBoard(
                    6931910710066688048,
                ),
                owned: BitBoard(
                    0,
                ),
            },
            white: PlayerState {
                hand: PieceList(
                    3012,
                ),
                move_list: [
                    Move(
                        128,
                    ),
                    Move(
                        8627,
                    ),
                    Move(
                        4289,
                    ),
                    Move(
                        13253,
                    ),
                    Move(
                        9940,
                    ),
                    Move(
                        24218,
                    ),
                ],
                occupied: BitBoard(
                    576538547063277056,
                ),
                owned: BitBoard(
                    0,
                ),
            },
            boss: BitBoard(
                407088,
            ),
            rays: Rays {
                s: BitBoard(
                    0,
                ),
                w: BitBoard(
                    0,
                ),
                n: BitBoard(
                    0,
                ),
                e: BitBoard(
                    0,
                ),
            },
        },
        hash: 13114670525640136381,
        capture_flag: false,
    },
    State {
        current: Black,
        board: Board {
            black: PlayerState {
                hand: PieceList(
                    2948,
                ),
                move_list: [
                    Move(
                        64,
                    ),
                    Move(
                        22410,
                    ),
                    Move(
                        3969,
                    ),
                    Move(
                        15749,
                    ),
                    Move(
                        8659,
                    ),
                    Move(
                        10468,
                    ),
                    Move(
                        14374,
                    ),
                ],
                occupied: BitBoard(
                    6931910710066688048,
                ),
                owned: BitBoard(
                    0,
                ),
            },
            white: PlayerState {
                hand: PieceList(
                    2884,
                ),
                move_list: [
                    Move(
                        128,
                    ),
                    Move(
                        8627,
                    ),
                    Move(
                        4289,
                    ),
                    Move(
                        13253,
                    ),
                    Move(
                        9940,
                    ),
                    Move(
                        24218,
                    ),
                    Move(
                        17543,
                    ),
                ],
                occupied: BitBoard(
                    576538598669993472,
                ),
                owned: BitBoard(
                    0,
                ),
            },
            boss: BitBoard(
                407088,
            ),
            rays: Rays {
                s: BitBoard(
                    0,
                ),
                w: BitBoard(
                    0,
                ),
                n: BitBoard(
                    0,
                ),
                e: BitBoard(
                    0,
                ),
            },
        },
        hash: 4402527264088983277,
        capture_flag: false,
    },
    State {
        current: White,
        board: Board {
            black: PlayerState {
                hand: PieceList(
                    2820,
                ),
                move_list: [
                    Move(
                        64,
                    ),
                    Move(
                        22410,
                    ),
                    Move(
                        3969,
                    ),
                    Move(
                        15749,
                    ),
                    Move(
                        8659,
                    ),
                    Move(
                        10468,
                    ),
                    Move(
                        14374,
                    ),
                    Move(
                        18567,
                    ),
                ],
                occupied: BitBoard(
                    7223518785938927664,
                ),
                owned: BitBoard(
                    9169073823348162560,
                ),
            },
            white: PlayerState {
                hand: PieceList(
                    3012,
                ),
                move_list: [
                    Move(
                        128,
                    ),
                    Move(
                        8627,
                    ),
                    Move(
                        13253,
                    ),
                    Move(
                        9940,
                    ),
                    Move(
                        24218,
                    ),
                    Move(
                        17543,
                    ),
                ],
                occupied: BitBoard(
                    77846366569984,
                ),
                owned: BitBoard(
                    0,
                ),
            },
            boss: BitBoard(
                407088,
            ),
            rays: Rays {
                s: BitBoard(
                    0,
                ),
                w: BitBoard(
                    0,
                ),
                n: BitBoard(
                    0,
                ),
                e: BitBoard(
                    0,
                ),
            },
        },
        hash: 16128007998819318114,
        capture_flag: false,
    },
    State {
        current: Black,
        board: Board {
            black: PlayerState {
                hand: PieceList(
                    2820,
                ),
                move_list: [
                    Move(
                        64,
                    ),
                    Move(
                        22410,
                    ),
                    Move(
                        3969,
                    ),
                    Move(
                        15749,
                    ),
                    Move(
                        8659,
                    ),
                    Move(
                        10468,
                    ),
                    Move(
                        14374,
                    ),
                    Move(
                        18567,
                    ),
                ],
                occupied: BitBoard(
                    7223518785938927664,
                ),
                owned: BitBoard(
                    9169073823348162560,
                ),
            },
            white: PlayerState {
                hand: PieceList(
                    2948,
                ),
                move_list: [
                    Move(
                        128,
                    ),
                    Move(
                        8627,
                    ),
                    Move(
                        13253,
                    ),
                    Move(
                        9940,
                    ),
                    Move(
                        24218,
                    ),
                    Move(
                        17543,
                    ),
                    Move(
                        14646,
                    ),
                ],
                occupied: BitBoard(
                    77848522442240,
                ),
                owned: BitBoard(
                    0,
                ),
            },
            boss: BitBoard(
                407088,
            ),
            rays: Rays {
                s: BitBoard(
                    0,
                ),
                w: BitBoard(
                    0,
                ),
                n: BitBoard(
                    0,
                ),
                e: BitBoard(
                    0,
                ),
            },
        },
        hash: 9893930372654153086,
        capture_flag: false,
    },
    State {
        current: White,
        board: Board {
            black: PlayerState {
                hand: PieceList(
                    772,
                ),
                move_list: [
                    Move(
                        64,
                    ),
                    Move(
                        22410,
                    ),
                    Move(
                        3969,
                    ),
                    Move(
                        15749,
                    ),
                    Move(
                        8659,
                    ),
                    Move(
                        10468,
                    ),
                    Move(
                        14374,
                    ),
                    Move(
                        18567,
                    ),
                    Move(
                        26971,
                    ),
                ],
                occupied: BitBoard(
                    7223518785940502576,
                ),
                owned: BitBoard(
                    9169073823348162560,
                ),
            },
            white: PlayerState {
                hand: PieceList(
                    2948,
                ),
                move_list: [
                    Move(
                        128,
                    ),
                    Move(
                        8627,
                    ),
                    Move(
                        13253,
                    ),
                    Move(
                        9940,
                    ),
                    Move(
                        24218,
                    ),
                    Move(
                        17543,
                    ),
                    Move(
                        14646,
                    ),
                ],
                occupied: BitBoard(
                    77848522442240,
                ),
                owned: BitBoard(
                    0,
                ),
            },
            boss: BitBoard(
                407088,
            ),
            rays: Rays {
                s: BitBoard(
                    0,
                ),
                w: BitBoard(
                    0,
                ),
                n: BitBoard(
                    0,
                ),
                e: BitBoard(
                    0,
                ),
            },
        },
        hash: 8797873046657087698,
        capture_flag: false,
    },
    State {
        current: Black,
        board: Board {
            black: PlayerState {
                hand: PieceList(
                    772,
                ),
                move_list: [
                    Move(
                        64,
                    ),
                    Move(
                        22410,
                    ),
                    Move(
                        3969,
                    ),
                    Move(
                        15749,
                    ),
                    Move(
                        8659,
                    ),
                    Move(
                        10468,
                    ),
                    Move(
                        14374,
                    ),
                    Move(
                        18567,
                    ),
                    Move(
                        26971,
                    ),
                ],
                occupied: BitBoard(
                    7223518785940502576,
                ),
                owned: BitBoard(
                    9169073823348162560,
                ),
            },
            white: PlayerState {
                hand: PieceList(
                    2944,
                ),
                move_list: [
                    Move(
                        128,
                    ),
                    Move(
                        8627,
                    ),
                    Move(
                        13253,
                    ),
                    Move(
                        9940,
                    ),
                    Move(
                        24218,
                    ),
                    Move(
                        17543,
                    ),
                    Move(
                        14646,
                    ),
                    Move(
                        4354,
                    ),
                ],
                occupied: BitBoard(
                    77848522442255,
                ),
                owned: BitBoard(
                    0,
                ),
            },
            boss: BitBoard(
                407088,
            ),
            rays: Rays {
                s: BitBoard(
                    0,
                ),
                w: BitBoard(
                    0,
                ),
                n: BitBoard(
                    0,
                ),
                e: BitBoard(
                    0,
                ),
            },
        },
        hash: 12113966931381328910,
        capture_flag: false,
    },
]
