---
source: tests/game.rs
expression: history
---
[
    State {
        current: Black,
        board: Board {
            black: PlayerState {
                hand: PieceList(
                    4095,
                ),
                move_list: [],
                occupied: BitBoard(
                    0,
                ),
                owned: BitBoard(
                    0,
                ),
            },
            white: PlayerState {
                hand: PieceList(
                    4095,
                ),
                move_list: [],
                occupied: BitBoard(
                    0,
                ),
                owned: BitBoard(
                    0,
                ),
            },
            boss: BitBoard(
                0,
            ),
            rays: Rays {
                s: BitBoard(
                    0,
                ),
                w: BitBoard(
                    0,
                ),
                n: BitBoard(
                    0,
                ),
                e: BitBoard(
                    0,
                ),
            },
        },
        hash: 0,
        capture_flag: false,
    },
    State {
        current: White,
        board: Board {
            black: PlayerState {
                hand: PieceList(
                    4094,
                ),
                move_list: [
                    Move(
                        64,
                    ),
                ],
                occupied: BitBoard(
                    12336,
                ),
                owned: BitBoard(
                    0,
                ),
            },
            white: PlayerState {
                hand: PieceList(
                    4095,
                ),
                move_list: [],
                occupied: BitBoard(
                    0,
                ),
                owned: BitBoard(
                    0,
                ),
            },
            boss: BitBoard(
                12336,
            ),
            rays: Rays {
                s: BitBoard(
                    0,
                ),
                w: BitBoard(
                    0,
                ),
                n: BitBoard(
                    0,
                ),
                e: BitBoard(
                    0,
                ),
            },
        },
        hash: 15945533279256367170,
        capture_flag: false,
    },
    State {
        current: Black,
        board: Board {
            black: PlayerState {
                hand: PieceList(
                    4094,
                ),
                move_list: [
                    Move(
                        64,
                    ),
                ],
                occupied: BitBoard(
                    12336,
                ),
                owned: BitBoard(
                    0,
                ),
            },
            white: PlayerState {
                hand: PieceList(
                    4094,
                ),
                move_list: [
                    Move(
                        0,
                    ),
                ],
                occupied: BitBoard(
                    771,
                ),
                owned: BitBoard(
                    0,
                ),
            },
            boss: BitBoard(
                13107,
            ),
            rays: Rays {
                s: BitBoard(
                    0,
                ),
                w: BitBoard(
                    0,
                ),
                n: BitBoard(
                    0,
                ),
                e: BitBoard(
                    0,
                ),
            },
        },
        hash: 17299716259776361375,
        capture_flag: false,
    },
    State {
        current: White,
        board: Board {
            black: PlayerState {
                hand: PieceList(
                    4092,
                ),
                move_list: [
                    Move(
                        64,
                    ),
                    Move(
                        1009,
                    ),
                ],
                occupied: BitBoard(
                    45104,
                ),
                owned: BitBoard(
                    0,
                ),
            },
            white: PlayerState {
                hand: PieceList(
                    4094,
                ),
                move_list: [
                    Move(
                        0,
                    ),
                ],
                occupied: BitBoard(
                    771,
                ),
                owned: BitBoard(
                    0,
                ),
            },
            boss: BitBoard(
                13107,
            ),
            rays: Rays {
                s: BitBoard(
                    0,
                ),
                w: BitBoard(
                    0,
                ),
                n: BitBoard(
                    0,
                ),
                e: BitBoard(
                    0,
                ),
            },
        },
        hash: 12187126494396330374,
        capture_flag: false,
    },
    State {
        current: Black,
        board: Board {
            black: PlayerState {
                hand: PieceList(
                    4092,
                ),
                move_list: [
                    Move(
                        64,
                    ),
                    Move(
                        1009,
                    ),
                ],
                occupied: BitBoard(
                    45104,
                ),
                owned: BitBoard(
                    0,
                ),
            },
            white: PlayerState {
                hand: PieceList(
                    4078,
                ),
                move_list: [
                    Move(
                        0,
                    ),
                    Move(
                        12852,
                    ),
                ],
                occupied: BitBoard(
                    4629700416936870659,
                ),
                owned: BitBoard(
                    0,
                ),
            },
            boss: BitBoard(
                13107,
            ),
            rays: Rays {
                s: BitBoard(
                    0,
                ),
                w: BitBoard(
                    0,
                ),
                n: BitBoard(
                    0,
                ),
                e: BitBoard(
                    0,
                ),
            },
        },
        hash: 479855071565977031,
        capture_flag: false,
    },
    State {
        current: White,
        board: Board {
            black: PlayerState {
                hand: PieceList(
                    3068,
                ),
                move_list: [
                    Move(
                        64,
                    ),
                    Move(
                        1009,
                    ),
                    Move(
                        23498,
                    ),
                ],
                occupied: BitBoard(
                    6764195534123056,
                ),
                owned: BitBoard(
                    0,
                ),
            },
            white: PlayerState {
                hand: PieceList(
                    4078,
                ),
                move_list: [
                    Move(
                        0,
                    ),
                    Move(
                        12852,
                    ),
                ],
                occupied: BitBoard(
                    4629700416936870659,
                ),
                owned: BitBoard(
                    0,
                ),
            },
            boss: BitBoard(
                13107,
            ),
            rays: Rays {
                s: BitBoard(
                    0,
                ),
                w: BitBoard(
                    0,
                ),
                n: BitBoard(
                    0,
                ),
                e: BitBoard(
                    0,
                ),
            },
        },
        hash: 11758231669674315133,
        capture_flag: false,
    },
    State {
        current: Black,
        board: Board {
            black: PlayerState {
                hand: PieceList(
                    3068,
                ),
                move_list: [
                    Move(
                        64,
                    ),
                    Move(
                        1009,
                    ),
                    Move(
                        23498,
                    ),
                ],
                occupied: BitBoard(
                    6764195534123056,
                ),
                owned: BitBoard(
                    0,
                ),
            },
            white: PlayerState {
                hand: PieceList(
                    2030,
                ),
                move_list: [
                    Move(
                        0,
                    ),
                    Move(
                        12852,
                    ),
                    Move(
                        25131,
                    ),
                ],
                occupied: BitBoard(
                    4702602435904930563,
                ),
                owned: BitBoard(
                    0,
                ),
            },
            boss: BitBoard(
                13107,
            ),
            rays: Rays {
                s: BitBoard(
                    0,
                ),
                w: BitBoard(
                    0,
                ),
                n: BitBoard(
                    0,
                ),
                e: BitBoard(
                    0,
                ),
            },
        },
        hash: 4718424378382166105,
        capture_flag: false,
    },
    State {
        current: White,
        board: Board {
            black: PlayerState {
                hand: PieceList(
                    3060,
                ),
                move_list: [
                    Move(
                        64,
                    ),
                    Move(
                        1009,
                    ),
                    Move(
                        23498,
                    ),
                    Move(
                        7235,
                    ),
                ],
                occupied: BitBoard(
                    6869748650389552,
                ),
                owned: BitBoard(
                    0,
                ),
            },
            white: PlayerState {
                hand: PieceList(
                    2030,
                ),
                move_list: [
                    Move(
                        0,
                    ),
                    Move(
                        12852,
                    ),
                    Move(
                        25131,
                    ),
                ],
                occupied: BitBoard(
                    4702602435904930563,
                ),
                owned: BitBoard(
                    0,
                ),
            },
            boss: BitBoard(
                13107,
            ),
            rays: Rays {
                s: BitBoard(
                    0,
                ),
                w: BitBoard(
                    0,
                ),
                n: BitBoard(
                    0,
                ),
                e: BitBoard(
                    0,
                ),
            },
        },
        hash: 1481230894226148906,
        capture_flag: false,
    },
    State {
        current: Black,
        board: Board {
            black: PlayerState {
                hand: PieceList(
                    3060,
                ),
                move_list: [
                    Move(
                        64,
                    ),
                    Move(
                        1009,
                    ),
                    Move(
                        23498,
                    ),
                    Move(
                        7235,
                    ),
                ],
                occupied: BitBoard(
                    6869748650389552,
                ),
                owned: BitBoard(
                    0,
                ),
            },
            white: PlayerState {
                hand: PieceList(
                    1518,
                ),
                move_list: [
                    Move(
                        0,
                    ),
                    Move(
                        12852,
                    ),
                    Move(
                        25131,
                    ),
                    Move(
                        19321,
                    ),
                ],
                occupied: BitBoard(
                    4702602435904932623,
                ),
                owned: BitBoard(
                    0,
                ),
            },
            boss: BitBoard(
                13107,
            ),
            rays: Rays {
                s: BitBoard(
                    0,
                ),
                w: BitBoard(
                    0,
                ),
                n: BitBoard(
                    0,
                ),
                e: BitBoard(
                    0,
                ),
            },
        },
        hash: 2379198244348262866,
        capture_flag: false,
    },
    State {
        current: White,
        board: Board {
            black: PlayerState {
                hand: PieceList(
                    2548,
                ),
                move_list: [
                    Move(
                        64,
                    ),
                    Move(
                        1009,
                    ),
                    Move(
                        23498,
                    ),
                    Move(
                        7235,
                    ),
                    Move(
                        19657,
                    ),
                ],
                occupied: BitBoard(
                    6870025138909232,
                ),
                owned: BitBoard(
                    0,
                ),
            },
            white: PlayerState {
                hand: PieceList(
                    1518,
                ),
                move_list: [
                    Move(
                        0,
                    ),
                    Move(
                        12852,
                    ),
                    Move(
                        25131,
                    ),
                    Move(
                        19321,
                    ),
                ],
                occupied: BitBoard(
                    4702602435904932623,
                ),
                owned: BitBoard(
                    0,
                ),
            },
            boss: BitBoard(
                13107,
            ),
            rays: Rays {
                s: BitBoard(
                    0,
                ),
                w: BitBoard(
                    0,
                ),
                n: BitBoard(
                    0,
                ),
                e: BitBoard(
                    0,
                ),
            },
        },
        hash: 6618417579739672049,
        capture_flag: false,
    },
    State {
        current: Black,
        board: Board {
            black: PlayerState {
                hand: PieceList(
                    2548,
                ),
                move_list: [
                    Move(
                        64,
                    ),
                    Move(
                        1009,
                    ),
                    Move(
                        23498,
                    ),
                    Move(
                        7235,
                    ),
                    Move(
                        19657,
                    ),
                ],
                occupied: BitBoard(
                    6870025138909232,
                ),
                owned: BitBoard(
                    0,
                ),
            },
            white: PlayerState {
                hand: PieceList(
                    1510,
                ),
                move_list: [
                    Move(
                        0,
                    ),
                    Move(
                        12852,
                    ),
                    Move(
                        25131,
                    ),
                    Move(
                        19321,
                    ),
                    Move(
                        7715,
                    ),
                ],
                occupied: BitBoard(
                    4702602444528421647,
                ),
                owned: BitBoard(
                    0,
                ),
            },
            boss: BitBoard(
                13107,
            ),
            rays: Rays {
                s: BitBoard(
                    0,
                ),
                w: BitBoard(
                    0,
                ),
                n: BitBoard(
                    0,
                ),
                e: BitBoard(
                    0,
                ),
            },
        },
        hash: 12015301261852987790,
        capture_flag: false,
    },
    State {
        current: White,
        board: Board {
            black: PlayerState {
                hand: PieceList(
                    2516,
                ),
                move_list: [
                    Move(
                        64,
                    ),
                    Move(
                        1009,
                    ),
                    Move(
                        23498,
                    ),
                    Move(
                        7235,
                    ),
                    Move(
                        19657,
                    ),
                    Move(
                        13877,
                    ),
                ],
                occupied: BitBoard(
                    6870025142054960,
                ),
                owned: BitBoard(
                    0,
                ),
            },
            white: PlayerState {
                hand: PieceList(
                    1510,
                ),
                move_list: [
                    Move(
                        0,
                    ),
                    Move(
                        12852,
                    ),
                    Move(
                        25131,
                    ),
                    Move(
                        19321,
                    ),
                    Move(
                        7715,
                    ),
                ],
                occupied: BitBoard(
                    4702602444528421647,
                ),
                owned: BitBoard(
                    0,
                ),
            },
            boss: BitBoard(
                13107,
            ),
            rays: Rays {
                s: BitBoard(
                    0,
                ),
                w: BitBoard(
                    0,
                ),
                n: BitBoard(
                    0,
                ),
                e: BitBoard(
                    0,
                ),
            },
        },
        hash: 14611690372485363341,
        capture_flag: false,
    },
    State {
        current: Black,
        board: Board {
            black: PlayerState {
                hand: PieceList(
                    2516,
                ),
                move_list: [
                    Move(
                        64,
                    ),
                    Move(
                        1009,
                    ),
                    Move(
                        23498,
                    ),
                    Move(
                        7235,
                    ),
                    Move(
                        19657,
                    ),
                    Move(
                        13877,
                    ),
                ],
                occupied: BitBoard(
                    6870025142054960,
                ),
                owned: BitBoard(
                    0,
                ),
            },
            white: PlayerState {
                hand: PieceList(
                    1508,
                ),
                move_list: [
                    Move(
                        0,
                    ),
                    Move(
                        12852,
                    ),
                    Move(
                        25131,
                    ),
                    Move(
                        19321,
                    ),
                    Move(
                        7715,
                    ),
                    Move(
                        4033,
                    ),
                ],
                occupied: BitBoard(
                    4702604643551677199,
                ),
                owned: BitBoard(
                    0,
                ),
            },
            boss: BitBoard(
                13107,
            ),
            rays: Rays {
                s: BitBoard(
                    0,
                ),
                w: BitBoard(
                    0,
                ),
                n: BitBoard(
                    0,
                ),
                e: BitBoard(
                    0,
                ),
            },
        },
        hash: 4620781295744281810,
        capture_flag: false,
    },
    State {
        current: White,
        board: Board {
            black: PlayerState {
                hand: PieceList(
                    2500,
                ),
                move_list: [
                    Move(
                        64,
                    ),
                    Move(
                        1009,
                    ),
                    Move(
                        23498,
                    ),
                    Move(
                        7235,
                    ),
                    Move(
                        19657,
                    ),
                    Move(
                        13877,
                    ),
                    Move(
                        11444,
                    ),
                ],
                occupied: BitBoard(
                    6870025142841392,
                ),
                owned: BitBoard(
                    0,
                ),
            },
            white: PlayerState {
                hand: PieceList(
                    1508,
                ),
                move_list: [
                    Move(
                        0,
                    ),
                    Move(
                        12852,
                    ),
                    Move(
                        25131,
                    ),
                    Move(
                        19321,
                    ),
                    Move(
                        7715,
                    ),
                    Move(
                        4033,
                    ),
                ],
                occupied: BitBoard(
                    4702604643551677199,
                ),
                owned: BitBoard(
                    0,
                ),
            },
            boss: BitBoard(
                13107,
            ),
            rays: Rays {
                s: BitBoard(
                    0,
                ),
                w: BitBoard(
                    0,
                ),
                n: BitBoard(
                    0,
                ),
                e: BitBoard(
                    0,
                ),
            },
        },
        hash: 6439949506787565190,
        capture_flag: false,
    },
    State {
        current: Black,
        board: Board {
            black: PlayerState {
                hand: PieceList(
                    2500,
                ),
                move_list: [
                    Move(
                        64,
                    ),
                    Move(
                        1009,
                    ),
                    Move(
                        23498,
                    ),
                    Move(
                        7235,
                    ),
                    Move(
                        19657,
                    ),
                    Move(
                        13877,
                    ),
                    Move(
                        11444,
                    ),
                ],
                occupied: BitBoard(
                    6870025142841392,
                ),
                owned: BitBoard(
                    0,
                ),
            },
            white: PlayerState {
                hand: PieceList(
                    1476,
                ),
                move_list: [
                    Move(
                        0,
                    ),
                    Move(
                        12852,
                    ),
                    Move(
                        25131,
                    ),
                    Move(
                        19321,
                    ),
                    Move(
                        7715,
                    ),
                    Move(
                        4033,
                    ),
                    Move(
                        15589,
                    ),
                ],
                occupied: BitBoard(
                    4702604695091284751,
                ),
                owned: BitBoard(
                    0,
                ),
            },
            boss: BitBoard(
                13107,
            ),
            rays: Rays {
                s: BitBoard(
                    0,
                ),
                w: BitBoard(
                    0,
                ),
                n: BitBoard(
                    0,
                ),
                e: BitBoard(
                    0,
                ),
            },
        },
        hash: 3963938350163861872,
        capture_flag: false,
    },
    State {
        current: White,
        board: Board {
            black: PlayerState {
                hand: PieceList(
                    452,
                ),
                move_list: [
                    Move(
                        64,
                    ),
                    Move(
                        1009,
                    ),
                    Move(
                        23498,
                    ),
                    Move(
                        7235,
                    ),
                    Move(
                        19657,
                    ),
                    Move(
                        13877,
                    ),
                    Move(
                        11444,
                    ),
                    Move(
                        27019,
                    ),
                ],
                occupied: BitBoard(
                    6870025155440688,
                ),
                owned: BitBoard(
                    105829621362928,
                ),
            },
            white: PlayerState {
                hand: PieceList(
                    1476,
                ),
                move_list: [
                    Move(
                        0,
                    ),
                    Move(
                        12852,
                    ),
                    Move(
                        25131,
                    ),
                    Move(
                        19321,
                    ),
                    Move(
                        7715,
                    ),
                    Move(
                        4033,
                    ),
                    Move(
                        15589,
                    ),
                ],
                occupied: BitBoard(
                    4702604695091284751,
                ),
                owned: BitBoard(
                    0,
                ),
            },
            boss: BitBoard(
                13107,
            ),
            rays: Rays {
                s: BitBoard(
                    0,
                ),
                w: BitBoard(
                    0,
                ),
                n: BitBoard(
                    0,
                ),
                e: BitBoard(
                    0,
                ),
            },
        },
        hash: 2734618484926150469,
        capture_flag: false,
    },
    State {
        current: Black,
        board: Board {
            black: PlayerState {
                hand: PieceList(
                    452,
                ),
                move_list: [
                    Move(
                        64,
                    ),
                    Move(
                        1009,
                    ),
                    Move(
                        23498,
                    ),
                    Move(
                        7235,
                    ),
                    Move(
                        19657,
                    ),
                    Move(
                        13877,
                    ),
                    Move(
                        11444,
                    ),
                    Move(
                        27019,
                    ),
                ],
                occupied: BitBoard(
                    6870025155440688,
                ),
                owned: BitBoard(
                    105829621362928,
                ),
            },
            white: PlayerState {
                hand: PieceList(
                    1412,
                ),
                move_list: [
                    Move(
                        0,
                    ),
                    Move(
                        12852,
                    ),
                    Move(
                        25131,
                    ),
                    Move(
                        19321,
                    ),
                    Move(
                        7715,
                    ),
                    Move(
                        4033,
                    ),
                    Move(
                        15589,
                    ),
                    Move(
                        14310,
                    ),
                ],
                occupied: BitBoard(
                    5134950259318852367,
                ),
                owned: BitBoard(
                    0,
                ),
            },
            boss: BitBoard(
                13107,
            ),
            rays: Rays {
                s: BitBoard(
                    0,
                ),
                w: BitBoard(
                    0,
                ),
                n: BitBoard(
                    0,
                ),
                e: BitBoard(
                    0,
                ),
            },
        },
        hash: 6212901330155056591,
        capture_flag: false,
    },
    State {
        current: White,
        board: Board {
            black: PlayerState {
                hand: PieceList(
                    388,
                ),
                move_list: [
                    Move(
                        64,
                    ),
                    Move(
                        1009,
                    ),
                    Move(
                        23498,
                    ),
                    Move(
                        7235,
                    ),
                    Move(
                        19657,
                    ),
                    Move(
                        13877,
                    ),
                    Move(
                        11444,
                    ),
                    Move(
                        27019,
                    ),
                    Move(
                        14342,
                    ),
                ],
                occupied: BitBoard(
                    1736252282065711152,
                ),
                owned: BitBoard(
                    105829621362928,
                ),
            },
            white: PlayerState {
                hand: PieceList(
                    1412,
                ),
                move_list: [
                    Move(
                        0,
                    ),
                    Move(
                        12852,
                    ),
                    Move(
                        25131,
                    ),
                    Move(
                        19321,
                    ),
                    Move(
                        7715,
                    ),
                    Move(
                        4033,
                    ),
                    Move(
                        15589,
                    ),
                    Move(
                        14310,
                    ),
                ],
                occupied: BitBoard(
                    5134950259318852367,
                ),
                owned: BitBoard(
                    0,
                ),
            },
            boss: BitBoard(
                13107,
            ),
            rays: Rays {
                s: BitBoard(
                    0,
                ),
                w: BitBoard(
                    0,
                ),
                n: BitBoard(
                    0,
                ),
                e: BitBoard(
                    0,
                ),
            },
        },
        hash: 1641760451530650790,
        capture_flag: false,
    },
    State {
        current: Black,
        board: Board {
            black: PlayerState {
                hand: PieceList(
                    388,
                ),
                move_list: [
                    Move(
                        64,
                    ),
                    Move(
                        1009,
                    ),
                    Move(
                        23498,
                    ),
                    Move(
                        7235,
                    ),
                    Move(
                        19657,
                    ),
                    Move(
                        13877,
                    ),
                    Move(
                        11444,
                    ),
                    Move(
                        27019,
                    ),
                    Move(
                        14342,
                    ),
                ],
                occupied: BitBoard(
                    1736252282065711152,
                ),
                owned: BitBoard(
                    105829621362928,
                ),
            },
            white: PlayerState {
                hand: PieceList(
                    388,
                ),
                move_list: [
                    Move(
                        0,
                    ),
                    Move(
                        12852,
                    ),
                    Move(
                        25131,
                    ),
                    Move(
                        19321,
                    ),
                    Move(
                        7715,
                    ),
                    Move(
                        4033,
                    ),
                    Move(
                        15589,
                    ),
                    Move(
                        14310,
                    ),
                    Move(
                        21706,
                    ),
                ],
                occupied: BitBoard(
                    5134950328440982287,
                ),
                owned: BitBoard(
                    0,
                ),
            },
            boss: BitBoard(
                13107,
            ),
            rays: Rays {
                s: BitBoard(
                    0,
                ),
                w: BitBoard(
                    0,
                ),
                n: BitBoard(
                    0,
                ),
                e: BitBoard(
                    0,
                ),
            },
        },
        hash: 2364369064259090144,
        capture_flag: false,
    },
    State {
        current: White,
        board: Board {
            black: PlayerState {
                hand: PieceList(
                    384,
                ),
                move_list: [
                    Move(
                        64,
                    ),
                    Move(
                        1009,
                    ),
                    Move(
                        23498,
                    ),
                    Move(
                        7235,
                    ),
                    Move(
                        19657,
                    ),
                    Move(
                        13877,
                    ),
                    Move(
                        11444,
                    ),
                    Move(
                        27019,
                    ),
                    Move(
                        14342,
                    ),
                    Move(
                        5346,
                    ),
                ],
                occupied: BitBoard(
                    1772422368476327984,
                ),
                owned: BitBoard(
                    36275916031979760,
                ),
            },
            white: PlayerState {
                hand: PieceList(
                    388,
                ),
                move_list: [
                    Move(
                        0,
                    ),
                    Move(
                        12852,
                    ),
                    Move(
                        25131,
                    ),
                    Move(
                        19321,
                    ),
                    Move(
                        7715,
                    ),
                    Move(
                        4033,
                    ),
                    Move(
                        15589,
                    ),
                    Move(
                        14310,
                    ),
                    Move(
                        21706,
                    ),
                ],
                occupied: BitBoard(
                    5134950328440982287,
                ),
                owned: BitBoard(
                    0,
                ),
            },
            boss: BitBoard(
                13107,
            ),
            rays: Rays {
                s: BitBoard(
                    0,
                ),
                w: BitBoard(
                    0,
                ),
                n: BitBoard(
                    0,
                ),
                e: BitBoard(
                    0,
                ),
            },
        },
        hash: 6203232901350730926,
        capture_flag: false,
    },
]
