---
source: tests/game.rs
expression: history
---
[
    State {
        current: Black,
        board: Board {
            black: PlayerState {
                hand: PieceList(
                    4095,
                ),
                move_list: [],
                occupied: BitBoard(
                    0,
                ),
                owned: BitBoard(
                    0,
                ),
            },
            white: PlayerState {
                hand: PieceList(
                    4095,
                ),
                move_list: [],
                occupied: BitBoard(
                    0,
                ),
                owned: BitBoard(
                    0,
                ),
            },
            boss: BitBoard(
                0,
            ),
            rays: Rays {
                s: BitBoard(
                    0,
                ),
                w: BitBoard(
                    0,
                ),
                n: BitBoard(
                    0,
                ),
                e: BitBoard(
                    0,
                ),
            },
        },
        hash: 0,
        capture_flag: false,
    },
    State {
        current: White,
        board: Board {
            black: PlayerState {
                hand: PieceList(
                    4094,
                ),
                move_list: [
                    Move(
                        544,
                    ),
                ],
                occupied: BitBoard(
                    847723465015296,
                ),
                owned: BitBoard(
                    0,
                ),
            },
            white: PlayerState {
                hand: PieceList(
                    4095,
                ),
                move_list: [],
                occupied: BitBoard(
                    0,
                ),
                owned: BitBoard(
                    0,
                ),
            },
            boss: BitBoard(
                847723465015296,
            ),
            rays: Rays {
                s: BitBoard(
                    0,
                ),
                w: BitBoard(
                    0,
                ),
                n: BitBoard(
                    0,
                ),
                e: BitBoard(
                    0,
                ),
            },
        },
        hash: 18223537927370505983,
        capture_flag: false,
    },
    State {
        current: Black,
        board: Board {
            black: PlayerState {
                hand: PieceList(
                    4094,
                ),
                move_list: [
                    Move(
                        544,
                    ),
                ],
                occupied: BitBoard(
                    847723465015296,
                ),
                owned: BitBoard(
                    0,
                ),
            },
            white: PlayerState {
                hand: PieceList(
                    4094,
                ),
                move_list: [
                    Move(
                        720,
                    ),
                ],
                occupied: BitBoard(
                    3472275312702652416,
                ),
                owned: BitBoard(
                    0,
                ),
            },
            boss: BitBoard(
                3473123036167667712,
            ),
            rays: Rays {
                s: BitBoard(
                    0,
                ),
                w: BitBoard(
                    0,
                ),
                n: BitBoard(
                    0,
                ),
                e: BitBoard(
                    0,
                ),
            },
        },
        hash: 3194963254513251090,
        capture_flag: false,
    },
    State {
        current: White,
        board: Board {
            black: PlayerState {
                hand: PieceList(
                    4086,
                ),
                move_list: [
                    Move(
                        544,
                    ),
                    Move(
                        6627,
                    ),
                ],
                occupied: BitBoard(
                    847723465015308,
                ),
                owned: BitBoard(
                    0,
                ),
            },
            white: PlayerState {
                hand: PieceList(
                    4094,
                ),
                move_list: [
                    Move(
                        720,
                    ),
                ],
                occupied: BitBoard(
                    3472275312702652416,
                ),
                owned: BitBoard(
                    0,
                ),
            },
            boss: BitBoard(
                3473123036167667712,
            ),
            rays: Rays {
                s: BitBoard(
                    0,
                ),
                w: BitBoard(
                    0,
                ),
                n: BitBoard(
                    0,
                ),
                e: BitBoard(
                    0,
                ),
            },
        },
        hash: 14427315487790504754,
        capture_flag: false,
    },
    State {
        current: Black,
        board: Board {
            black: PlayerState {
                hand: PieceList(
                    4086,
                ),
                move_list: [
                    Move(
                        544,
                    ),
                    Move(
                        6627,
                    ),
                ],
                occupied: BitBoard(
                    847723465015308,
                ),
                owned: BitBoard(
                    0,
                ),
            },
            white: PlayerState {
                hand: PieceList(
                    4092,
                ),
                move_list: [
                    Move(
                        720,
                    ),
                    Move(
                        2929,
                    ),
                ],
                occupied: BitBoard(
                    3472275314850136064,
                ),
                owned: BitBoard(
                    0,
                ),
            },
            boss: BitBoard(
                3473123036167667712,
            ),
            rays: Rays {
                s: BitBoard(
                    0,
                ),
                w: BitBoard(
                    0,
                ),
                n: BitBoard(
                    0,
                ),
                e: BitBoard(
                    0,
                ),
            },
        },
        hash: 9275906391885350927,
        capture_flag: false,
    },
    State {
        current: White,
        board: Board {
            black: PlayerState {
                hand: PieceList(
                    4084,
                ),
                move_list: [
                    Move(
                        544,
                    ),
                    Move(
                        6627,
                    ),
                    Move(
                        1777,
                    ),
                ],
                occupied: BitBoard(
                    847723465015820,
                ),
                owned: BitBoard(
                    0,
                ),
            },
            white: PlayerState {
                hand: PieceList(
                    4092,
                ),
                move_list: [
                    Move(
                        720,
                    ),
                    Move(
                        2929,
                    ),
                ],
                occupied: BitBoard(
                    3472275314850136064,
                ),
                owned: BitBoard(
                    0,
                ),
            },
            boss: BitBoard(
                3473123036167667712,
            ),
            rays: Rays {
                s: BitBoard(
                    0,
                ),
                w: BitBoard(
                    0,
                ),
                n: BitBoard(
                    0,
                ),
                e: BitBoard(
                    0,
                ),
            },
        },
        hash: 14152882702386245091,
        capture_flag: false,
    },
    State {
        current: Black,
        board: Board {
            black: PlayerState {
                hand: PieceList(
                    4084,
                ),
                move_list: [
                    Move(
                        544,
                    ),
                    Move(
                        6627,
                    ),
                    Move(
                        1777,
                    ),
                ],
                occupied: BitBoard(
                    847723465015820,
                ),
                owned: BitBoard(
                    0,
                ),
            },
            white: PlayerState {
                hand: PieceList(
                    4060,
                ),
                move_list: [
                    Move(
                        720,
                    ),
                    Move(
                        2929,
                    ),
                    Move(
                        14453,
                    ),
                ],
                occupied: BitBoard(
                    3472275314850662400,
                ),
                owned: BitBoard(
                    0,
                ),
            },
            boss: BitBoard(
                3473123036167667712,
            ),
            rays: Rays {
                s: BitBoard(
                    0,
                ),
                w: BitBoard(
                    0,
                ),
                n: BitBoard(
                    0,
                ),
                e: BitBoard(
                    0,
                ),
            },
        },
        hash: 17521583130510709437,
        capture_flag: false,
    },
    State {
        current: White,
        board: Board {
            black: PlayerState {
                hand: PieceList(
                    2036,
                ),
                move_list: [
                    Move(
                        544,
                    ),
                    Move(
                        6627,
                    ),
                    Move(
                        1777,
                    ),
                    Move(
                        26427,
                    ),
                ],
                occupied: BitBoard(
                    847930160316940,
                ),
                owned: BitBoard(
                    0,
                ),
            },
            white: PlayerState {
                hand: PieceList(
                    4060,
                ),
                move_list: [
                    Move(
                        720,
                    ),
                    Move(
                        2929,
                    ),
                    Move(
                        14453,
                    ),
                ],
                occupied: BitBoard(
                    3472275314850662400,
                ),
                owned: BitBoard(
                    0,
                ),
            },
            boss: BitBoard(
                3473123036167667712,
            ),
            rays: Rays {
                s: BitBoard(
                    0,
                ),
                w: BitBoard(
                    0,
                ),
                n: BitBoard(
                    0,
                ),
                e: BitBoard(
                    0,
                ),
            },
        },
        hash: 17343006860220242089,
        capture_flag: false,
    },
    State {
        current: Black,
        board: Board {
            black: PlayerState {
                hand: PieceList(
                    2036,
                ),
                move_list: [
                    Move(
                        544,
                    ),
                    Move(
                        6627,
                    ),
                    Move(
                        1777,
                    ),
                    Move(
                        26427,
                    ),
                ],
                occupied: BitBoard(
                    847930160316940,
                ),
                owned: BitBoard(
                    0,
                ),
            },
            white: PlayerState {
                hand: PieceList(
                    4056,
                ),
                move_list: [
                    Move(
                        720,
                    ),
                    Move(
                        2929,
                    ),
                    Move(
                        14453,
                    ),
                    Move(
                        5266,
                    ),
                ],
                occupied: BitBoard(
                    3473405630050994176,
                ),
                owned: BitBoard(
                    0,
                ),
            },
            boss: BitBoard(
                3473123036167667712,
            ),
            rays: Rays {
                s: BitBoard(
                    0,
                ),
                w: BitBoard(
                    0,
                ),
                n: BitBoard(
                    0,
                ),
                e: BitBoard(
                    0,
                ),
            },
        },
        hash: 13209064620713463182,
        capture_flag: false,
    },
    State {
        current: White,
        board: Board {
            black: PlayerState {
                hand: PieceList(
                    1012,
                ),
                move_list: [
                    Move(
                        544,
                    ),
                    Move(
                        6627,
                    ),
                    Move(
                        1777,
                    ),
                    Move(
                        26427,
                    ),
                    Move(
                        21386,
                    ),
                ],
                occupied: BitBoard(
                    847930160325180,
                ),
                owned: BitBoard(
                    0,
                ),
            },
            white: PlayerState {
                hand: PieceList(
                    4056,
                ),
                move_list: [
                    Move(
                        720,
                    ),
                    Move(
                        2929,
                    ),
                    Move(
                        14453,
                    ),
                    Move(
                        5266,
                    ),
                ],
                occupied: BitBoard(
                    3473405630050994176,
                ),
                owned: BitBoard(
                    0,
                ),
            },
            boss: BitBoard(
                3473123036167667712,
            ),
            rays: Rays {
                s: BitBoard(
                    0,
                ),
                w: BitBoard(
                    0,
                ),
                n: BitBoard(
                    0,
                ),
                e: BitBoard(
                    0,
                ),
            },
        },
        hash: 1621060302344134062,
        capture_flag: false,
    },
    State {
        current: Black,
        board: Board {
            black: PlayerState {
                hand: PieceList(
                    1012,
                ),
                move_list: [
                    Move(
                        544,
                    ),
                    Move(
                        6627,
                    ),
                    Move(
                        1777,
                    ),
                    Move(
                        26427,
                    ),
                    Move(
                        21386,
                    ),
                ],
                occupied: BitBoard(
                    847930160325180,
                ),
                owned: BitBoard(
                    0,
                ),
            },
            white: PlayerState {
                hand: PieceList(
                    4040,
                ),
                move_list: [
                    Move(
                        720,
                    ),
                    Move(
                        2929,
                    ),
                    Move(
                        14453,
                    ),
                    Move(
                        5266,
                    ),
                    Move(
                        11396,
                    ),
                ],
                occupied: BitBoard(
                    3473405630051043328,
                ),
                owned: BitBoard(
                    0,
                ),
            },
            boss: BitBoard(
                3473123036167667712,
            ),
            rays: Rays {
                s: BitBoard(
                    0,
                ),
                w: BitBoard(
                    0,
                ),
                n: BitBoard(
                    0,
                ),
                e: BitBoard(
                    0,
                ),
            },
        },
        hash: 16000213134363365673,
        capture_flag: false,
    },
    State {
        current: White,
        board: Board {
            black: PlayerState {
                hand: PieceList(
                    996,
                ),
                move_list: [
                    Move(
                        544,
                    ),
                    Move(
                        6627,
                    ),
                    Move(
                        1777,
                    ),
                    Move(
                        26427,
                    ),
                    Move(
                        21386,
                    ),
                    Move(
                        12468,
                    ),
                ],
                occupied: BitBoard(
                    847964654281276,
                ),
                owned: BitBoard(
                    0,
                ),
            },
            white: PlayerState {
                hand: PieceList(
                    4040,
                ),
                move_list: [
                    Move(
                        720,
                    ),
                    Move(
                        2929,
                    ),
                    Move(
                        14453,
                    ),
                    Move(
                        5266,
                    ),
                    Move(
                        11396,
                    ),
                ],
                occupied: BitBoard(
                    3473405630051043328,
                ),
                owned: BitBoard(
                    0,
                ),
            },
            boss: BitBoard(
                3473123036167667712,
            ),
            rays: Rays {
                s: BitBoard(
                    0,
                ),
                w: BitBoard(
                    0,
                ),
                n: BitBoard(
                    0,
                ),
                e: BitBoard(
                    0,
                ),
            },
        },
        hash: 10803321359692820971,
        capture_flag: false,
    },
    State {
        current: Black,
        board: Board {
            black: PlayerState {
                hand: PieceList(
                    996,
                ),
                move_list: [
                    Move(
                        544,
                    ),
                    Move(
                        6627,
                    ),
                    Move(
                        1777,
                    ),
                    Move(
                        26427,
                    ),
                    Move(
                        21386,
                    ),
                    Move(
                        12468,
                    ),
                ],
                occupied: BitBoard(
                    847964654281276,
                ),
                owned: BitBoard(
                    0,
                ),
            },
            white: PlayerState {
                hand: PieceList(
                    3976,
                ),
                move_list: [
                    Move(
                        720,
                    ),
                    Move(
                        2929,
                    ),
                    Move(
                        14453,
                    ),
                    Move(
                        5266,
                    ),
                    Move(
                        11396,
                    ),
                    Move(
                        15014,
                    ),
                ],
                occupied: BitBoard(
                    3491490397304702976,
                ),
                owned: BitBoard(
                    0,
                ),
            },
            boss: BitBoard(
                3473123036167667712,
            ),
            rays: Rays {
                s: BitBoard(
                    0,
                ),
                w: BitBoard(
                    0,
                ),
                n: BitBoard(
                    0,
                ),
                e: BitBoard(
                    0,
                ),
            },
        },
        hash: 17134904047664248992,
        capture_flag: false,
    },
    State {
        current: White,
        board: Board {
            black: PlayerState {
                hand: PieceList(
                    964,
                ),
                move_list: [
                    Move(
                        544,
                    ),
                    Move(
                        6627,
                    ),
                    Move(
                        1777,
                    ),
                    Move(
                        26427,
                    ),
                    Move(
                        21386,
                    ),
                    Move(
                        12468,
                    ),
                    Move(
                        14389,
                    ),
                ],
                occupied: BitBoard(
                    13835906019936444988,
                ),
                owned: BitBoard(
                    0,
                ),
            },
            white: PlayerState {
                hand: PieceList(
                    3976,
                ),
                move_list: [
                    Move(
                        720,
                    ),
                    Move(
                        2929,
                    ),
                    Move(
                        14453,
                    ),
                    Move(
                        5266,
                    ),
                    Move(
                        11396,
                    ),
                    Move(
                        15014,
                    ),
                ],
                occupied: BitBoard(
                    3491490397304702976,
                ),
                owned: BitBoard(
                    0,
                ),
            },
            boss: BitBoard(
                3473123036167667712,
            ),
            rays: Rays {
                s: BitBoard(
                    0,
                ),
                w: BitBoard(
                    0,
                ),
                n: BitBoard(
                    0,
                ),
                e: BitBoard(
                    0,
                ),
            },
        },
        hash: 12563947449889939421,
        capture_flag: false,
    },
    State {
        current: Black,
        board: Board {
            black: PlayerState {
                hand: PieceList(
                    964,
                ),
                move_list: [
                    Move(
                        544,
                    ),
                    Move(
                        6627,
                    ),
                    Move(
                        1777,
                    ),
                    Move(
                        26427,
                    ),
                    Move(
                        21386,
                    ),
                    Move(
                        12468,
                    ),
                    Move(
                        14389,
                    ),
                ],
                occupied: BitBoard(
                    13835906019936444988,
                ),
                owned: BitBoard(
                    0,
                ),
            },
            white: PlayerState {
                hand: PieceList(
                    3968,
                ),
                move_list: [
                    Move(
                        720,
                    ),
                    Move(
                        2929,
                    ),
                    Move(
                        14453,
                    ),
                    Move(
                        5266,
                    ),
                    Move(
                        11396,
                    ),
                    Move(
                        15014,
                    ),
                    Move(
                        8387,
                    ),
                ],
                occupied: BitBoard(
                    3491490397355034624,
                ),
                owned: BitBoard(
                    0,
                ),
            },
            boss: BitBoard(
                3473123036167667712,
            ),
            rays: Rays {
                s: BitBoard(
                    0,
                ),
                w: BitBoard(
                    0,
                ),
                n: BitBoard(
                    0,
                ),
                e: BitBoard(
                    0,
                ),
            },
        },
        hash: 9643111174308787266,
        capture_flag: false,
    },
    State {
        current: White,
        board: Board {
            black: PlayerState {
                hand: PieceList(
                    452,
                ),
                move_list: [
                    Move(
                        544,
                    ),
                    Move(
                        6627,
                    ),
                    Move(
                        1777,
                    ),
                    Move(
                        26427,
                    ),
                    Move(
                        21386,
                    ),
                    Move(
                        12468,
                    ),
                    Move(
                        14389,
                    ),
                    Move(
                        18921,
                    ),
                ],
                occupied: BitBoard(
                    13835906020208026172,
                ),
                owned: BitBoard(
                    0,
                ),
            },
            white: PlayerState {
                hand: PieceList(
                    3968,
                ),
                move_list: [
                    Move(
                        720,
                    ),
                    Move(
                        2929,
                    ),
                    Move(
                        14453,
                    ),
                    Move(
                        5266,
                    ),
                    Move(
                        11396,
                    ),
                    Move(
                        15014,
                    ),
                    Move(
                        8387,
                    ),
                ],
                occupied: BitBoard(
                    3491490397355034624,
                ),
                owned: BitBoard(
                    0,
                ),
            },
            boss: BitBoard(
                3473123036167667712,
            ),
            rays: Rays {
                s: BitBoard(
                    0,
                ),
                w: BitBoard(
                    0,
                ),
                n: BitBoard(
                    0,
                ),
                e: BitBoard(
                    0,
                ),
            },
        },
        hash: 10330394445799469070,
        capture_flag: false,
    },
    State {
        current: Black,
        board: Board {
            black: PlayerState {
                hand: PieceList(
                    452,
                ),
                move_list: [
                    Move(
                        544,
                    ),
                    Move(
                        6627,
                    ),
                    Move(
                        1777,
                    ),
                    Move(
                        26427,
                    ),
                    Move(
                        21386,
                    ),
                    Move(
                        12468,
                    ),
                    Move(
                        14389,
                    ),
                    Move(
                        18921,
                    ),
                ],
                occupied: BitBoard(
                    13835906020208026172,
                ),
                owned: BitBoard(
                    0,
                ),
            },
            white: PlayerState {
                hand: PieceList(
                    3456,
                ),
                move_list: [
                    Move(
                        720,
                    ),
                    Move(
                        2929,
                    ),
                    Move(
                        14453,
                    ),
                    Move(
                        5266,
                    ),
                    Move(
                        11396,
                    ),
                    Move(
                        15014,
                    ),
                    Move(
                        8387,
                    ),
                    Move(
                        20569,
                    ),
                ],
                occupied: BitBoard(
                    4358433325623855104,
                ),
                owned: BitBoard(
                    4575453841939496960,
                ),
            },
            boss: BitBoard(
                3473123036167667712,
            ),
            rays: Rays {
                s: BitBoard(
                    0,
                ),
                w: BitBoard(
                    0,
                ),
                n: BitBoard(
                    0,
                ),
                e: BitBoard(
                    0,
                ),
            },
        },
        hash: 7709099679115276833,
        capture_flag: false,
    },
    State {
        current: White,
        board: Board {
            black: PlayerState {
                hand: PieceList(
                    324,
                ),
                move_list: [
                    Move(
                        544,
                    ),
                    Move(
                        6627,
                    ),
                    Move(
                        1777,
                    ),
                    Move(
                        26427,
                    ),
                    Move(
                        21386,
                    ),
                    Move(
                        12468,
                    ),
                    Move(
                        14389,
                    ),
                    Move(
                        18921,
                    ),
                    Move(
                        17607,
                    ),
                ],
                occupied: BitBoard(
                    13835906845915488828,
                ),
                owned: BitBoard(
                    1069328425212,
                ),
            },
            white: PlayerState {
                hand: PieceList(
                    3456,
                ),
                move_list: [
                    Move(
                        720,
                    ),
                    Move(
                        14453,
                    ),
                    Move(
                        5266,
                    ),
                    Move(
                        15014,
                    ),
                    Move(
                        8387,
                    ),
                    Move(
                        20569,
                    ),
                ],
                occupied: BitBoard(
                    4358433323476322304,
                ),
                owned: BitBoard(
                    4575453841939496960,
                ),
            },
            boss: BitBoard(
                3473123036167667712,
            ),
            rays: Rays {
                s: BitBoard(
                    0,
                ),
                w: BitBoard(
                    0,
                ),
                n: BitBoard(
                    0,
                ),
                e: BitBoard(
                    0,
                ),
            },
        },
        hash: 11807842771108876518,
        capture_flag: false,
    },
    State {
        current: Black,
        board: Board {
            black: PlayerState {
                hand: PieceList(
                    324,
                ),
                move_list: [
                    Move(
                        544,
                    ),
                    Move(
                        6627,
                    ),
                    Move(
                        1777,
                    ),
                    Move(
                        26427,
                    ),
                    Move(
                        21386,
                    ),
                    Move(
                        12468,
                    ),
                    Move(
                        14389,
                    ),
                    Move(
                        18921,
                    ),
                    Move(
                        17607,
                    ),
                ],
                occupied: BitBoard(
                    13835906845915488828,
                ),
                owned: BitBoard(
                    1069328425212,
                ),
            },
            white: PlayerState {
                hand: PieceList(
                    1408,
                ),
                move_list: [
                    Move(
                        720,
                    ),
                    Move(
                        14453,
                    ),
                    Move(
                        5266,
                    ),
                    Move(
                        15014,
                    ),
                    Move(
                        8387,
                    ),
                    Move(
                        20569,
                    ),
                    Move(
                        26155,
                    ),
                ],
                occupied: BitBoard(
                    4358433323476716544,
                ),
                owned: BitBoard(
                    4575453841940417536,
                ),
            },
            boss: BitBoard(
                3473123036167667712,
            ),
            rays: Rays {
                s: BitBoard(
                    0,
                ),
                w: BitBoard(
                    0,
                ),
                n: BitBoard(
                    0,
                ),
                e: BitBoard(
                    0,
                ),
            },
        },
        hash: 4265284822206499301,
        capture_flag: false,
    },
    State {
        current: White,
        board: Board {
            black: PlayerState {
                hand: PieceList(
                    260,
                ),
                move_list: [
                    Move(
                        544,
                    ),
                    Move(
                        6627,
                    ),
                    Move(
                        1777,
                    ),
                    Move(
                        26427,
                    ),
                    Move(
                        21386,
                    ),
                    Move(
                        12468,
                    ),
                    Move(
                        14389,
                    ),
                    Move(
                        18921,
                    ),
                    Move(
                        17607,
                    ),
                    Move(
                        14502,
                    ),
                ],
                occupied: BitBoard(
                    13835906845919699516,
                ),
                owned: BitBoard(
                    1069328425212,
                ),
            },
            white: PlayerState {
                hand: PieceList(
                    1408,
                ),
                move_list: [
                    Move(
                        720,
                    ),
                    Move(
                        14453,
                    ),
                    Move(
                        5266,
                    ),
                    Move(
                        15014,
                    ),
                    Move(
                        8387,
                    ),
                    Move(
                        20569,
                    ),
                    Move(
                        26155,
                    ),
                ],
                occupied: BitBoard(
                    4358433323476716544,
                ),
                owned: BitBoard(
                    4575453841940417536,
                ),
            },
            boss: BitBoard(
                3473123036167667712,
            ),
            rays: Rays {
                s: BitBoard(
                    0,
                ),
                w: BitBoard(
                    0,
                ),
                n: BitBoard(
                    0,
                ),
                e: BitBoard(
                    0,
                ),
            },
        },
        hash: 4916385210704505438,
        capture_flag: false,
    },
    State {
        current: Black,
        board: Board {
            black: PlayerState {
                hand: PieceList(
                    260,
                ),
                move_list: [
                    Move(
                        544,
                    ),
                    Move(
                        6627,
                    ),
                    Move(
                        1777,
                    ),
                    Move(
                        26427,
                    ),
                    Move(
                        21386,
                    ),
                    Move(
                        12468,
                    ),
                    Move(
                        14389,
                    ),
                    Move(
                        18921,
                    ),
                    Move(
                        17607,
                    ),
                    Move(
                        14502,
                    ),
                ],
                occupied: BitBoard(
                    13835906845919699516,
                ),
                owned: BitBoard(
                    1069328425212,
                ),
            },
            white: PlayerState {
                hand: PieceList(
                    1280,
                ),
                move_list: [
                    Move(
                        720,
                    ),
                    Move(
                        14453,
                    ),
                    Move(
                        5266,
                    ),
                    Move(
                        15014,
                    ),
                    Move(
                        8387,
                    ),
                    Move(
                        20569,
                    ),
                    Move(
                        26155,
                    ),
                    Move(
                        17959,
                    ),
                ],
                occupied: BitBoard(
                    4358433323476716803,
                ),
                owned: BitBoard(
                    4575453841940417536,
                ),
            },
            boss: BitBoard(
                3473123036167667712,
            ),
            rays: Rays {
                s: BitBoard(
                    0,
                ),
                w: BitBoard(
                    0,
                ),
                n: BitBoard(
                    0,
                ),
                e: BitBoard(
                    0,
                ),
            },
        },
        hash: 11589962075539882118,
        capture_flag: false,
    },
    State {
        current: White,
        board: Board {
            black: PlayerState {
                hand: PieceList(
                    4,
                ),
                move_list: [
                    Move(
                        544,
                    ),
                    Move(
                        6627,
                    ),
                    Move(
                        1777,
                    ),
                    Move(
                        26427,
                    ),
                    Move(
                        21386,
                    ),
                    Move(
                        12468,
                    ),
                    Move(
                        14389,
                    ),
                    Move(
                        18921,
                    ),
                    Move(
                        17607,
                    ),
                    Move(
                        14502,
                    ),
                    Move(
                        16040,
                    ),
                ],
                occupied: BitBoard(
                    13835906845919732476,
                ),
                owned: BitBoard(
                    1069328425212,
                ),
            },
            white: PlayerState {
                hand: PieceList(
                    1280,
                ),
                move_list: [
                    Move(
                        720,
                    ),
                    Move(
                        14453,
                    ),
                    Move(
                        5266,
                    ),
                    Move(
                        15014,
                    ),
                    Move(
                        8387,
                    ),
                    Move(
                        20569,
                    ),
                    Move(
                        26155,
                    ),
                    Move(
                        17959,
                    ),
                ],
                occupied: BitBoard(
                    4358433323476716803,
                ),
                owned: BitBoard(
                    4575453841940417536,
                ),
            },
            boss: BitBoard(
                3473123036167667712,
            ),
            rays: Rays {
                s: BitBoard(
                    0,
                ),
                w: BitBoard(
                    0,
                ),
                n: BitBoard(
                    0,
                ),
                e: BitBoard(
                    0,
                ),
            },
        },
        hash: 12997921633868541593,
        capture_flag: false,
    },
]
