---
source: tests/game.rs
expression: history
---
[
    State {
        current: Black,
        board: Board {
            black: PlayerState {
                hand: PieceList(
                    4095,
                ),
                move_list: [],
                occupied: BitBoard(
                    0,
                ),
                owned: BitBoard(
                    0,
                ),
            },
            white: PlayerState {
                hand: PieceList(
                    4095,
                ),
                move_list: [],
                occupied: BitBoard(
                    0,
                ),
                owned: BitBoard(
                    0,
                ),
            },
            boss: BitBoard(
                0,
            ),
            rays: Rays {
                s: BitBoard(
                    0,
                ),
                w: BitBoard(
                    0,
                ),
                n: BitBoard(
                    0,
                ),
                e: BitBoard(
                    0,
                ),
            },
        },
        hash: 0,
        capture_flag: false,
    },
    State {
        current: White,
        board: Board {
            black: PlayerState {
                hand: PieceList(
                    4094,
                ),
                move_list: [
                    Move(
                        416,
                    ),
                ],
                occupied: BitBoard(
                    827854946304,
                ),
                owned: BitBoard(
                    0,
                ),
            },
            white: PlayerState {
                hand: PieceList(
                    4095,
                ),
                move_list: [],
                occupied: BitBoard(
                    0,
                ),
                owned: BitBoard(
                    0,
                ),
            },
            boss: BitBoard(
                827854946304,
            ),
            rays: Rays {
                s: BitBoard(
                    0,
                ),
                w: BitBoard(
                    0,
                ),
                n: BitBoard(
                    0,
                ),
                e: BitBoard(
                    0,
                ),
            },
        },
        hash: 11113659462803293320,
        capture_flag: false,
    },
    State {
        current: Black,
        board: Board {
            black: PlayerState {
                hand: PieceList(
                    4094,
                ),
                move_list: [
                    Move(
                        416,
                    ),
                ],
                occupied: BitBoard(
                    827854946304,
                ),
                owned: BitBoard(
                    0,
                ),
            },
            white: PlayerState {
                hand: PieceList(
                    4094,
                ),
                move_list: [
                    Move(
                        688,
                    ),
                ],
                occupied: BitBoard(
                    868068828175663104,
                ),
                owned: BitBoard(
                    0,
                ),
            },
            boss: BitBoard(
                868069656030609408,
            ),
            rays: Rays {
                s: BitBoard(
                    0,
                ),
                w: BitBoard(
                    0,
                ),
                n: BitBoard(
                    0,
                ),
                e: BitBoard(
                    0,
                ),
            },
        },
        hash: 5586318287255157248,
        capture_flag: false,
    },
    State {
        current: White,
        board: Board {
            black: PlayerState {
                hand: PieceList(
                    4090,
                ),
                move_list: [
                    Move(
                        416,
                    ),
                    Move(
                        5074,
                    ),
                ],
                occupied: BitBoard(
                    896843911168,
                ),
                owned: BitBoard(
                    0,
                ),
            },
            white: PlayerState {
                hand: PieceList(
                    4094,
                ),
                move_list: [
                    Move(
                        688,
                    ),
                ],
                occupied: BitBoard(
                    868068828175663104,
                ),
                owned: BitBoard(
                    0,
                ),
            },
            boss: BitBoard(
                868069656030609408,
            ),
            rays: Rays {
                s: BitBoard(
                    0,
                ),
                w: BitBoard(
                    0,
                ),
                n: BitBoard(
                    0,
                ),
                e: BitBoard(
                    0,
                ),
            },
        },
        hash: 11829066357973912256,
        capture_flag: false,
    },
    State {
        current: Black,
        board: Board {
            black: PlayerState {
                hand: PieceList(
                    4090,
                ),
                move_list: [
                    Move(
                        416,
                    ),
                    Move(
                        5074,
                    ),
                ],
                occupied: BitBoard(
                    896843911168,
                ),
                owned: BitBoard(
                    0,
                ),
            },
            white: PlayerState {
                hand: PieceList(
                    3582,
                ),
                move_list: [
                    Move(
                        688,
                    ),
                    Move(
                        21129,
                    ),
                ],
                occupied: BitBoard(
                    868914352617422848,
                ),
                owned: BitBoard(
                    1085087134731206656,
                ),
            },
            boss: BitBoard(
                868069656030609408,
            ),
            rays: Rays {
                s: BitBoard(
                    0,
                ),
                w: BitBoard(
                    0,
                ),
                n: BitBoard(
                    0,
                ),
                e: BitBoard(
                    0,
                ),
            },
        },
        hash: 6489304198424824323,
        capture_flag: false,
    },
    State {
        current: White,
        board: Board {
            black: PlayerState {
                hand: PieceList(
                    3962,
                ),
                move_list: [
                    Move(
                        416,
                    ),
                    Move(
                        5074,
                    ),
                    Move(
                        17319,
                    ),
                ],
                occupied: BitBoard(
                    896844698624,
                ),
                owned: BitBoard(
                    0,
                ),
            },
            white: PlayerState {
                hand: PieceList(
                    3582,
                ),
                move_list: [
                    Move(
                        688,
                    ),
                    Move(
                        21129,
                    ),
                ],
                occupied: BitBoard(
                    868914352617422848,
                ),
                owned: BitBoard(
                    1085087134731206656,
                ),
            },
            boss: BitBoard(
                868069656030609408,
            ),
            rays: Rays {
                s: BitBoard(
                    0,
                ),
                w: BitBoard(
                    0,
                ),
                n: BitBoard(
                    0,
                ),
                e: BitBoard(
                    0,
                ),
            },
        },
        hash: 5032718647331413368,
        capture_flag: false,
    },
    State {
        current: Black,
        board: Board {
            black: PlayerState {
                hand: PieceList(
                    3962,
                ),
                move_list: [
                    Move(
                        416,
                    ),
                    Move(
                        5074,
                    ),
                    Move(
                        17319,
                    ),
                ],
                occupied: BitBoard(
                    896844698624,
                ),
                owned: BitBoard(
                    0,
                ),
            },
            white: PlayerState {
                hand: PieceList(
                    3574,
                ),
                move_list: [
                    Move(
                        688,
                    ),
                    Move(
                        21129,
                    ),
                    Move(
                        9187,
                    ),
                ],
                occupied: BitBoard(
                    868914352651108352,
                ),
                owned: BitBoard(
                    1085087134731206656,
                ),
            },
            boss: BitBoard(
                868069656030609408,
            ),
            rays: Rays {
                s: BitBoard(
                    0,
                ),
                w: BitBoard(
                    0,
                ),
                n: BitBoard(
                    0,
                ),
                e: BitBoard(
                    0,
                ),
            },
        },
        hash: 2447448788460231830,
        capture_flag: false,
    },
    State {
        current: White,
        board: Board {
            black: PlayerState {
                hand: PieceList(
                    1914,
                ),
                move_list: [
                    Move(
                        416,
                    ),
                    Move(
                        5074,
                    ),
                    Move(
                        17319,
                    ),
                    Move(
                        25227,
                    ),
                ],
                occupied: BitBoard(
                    4665730110800532480,
                ),
                owned: BitBoard(
                    13889101250810609664,
                ),
            },
            white: PlayerState {
                hand: PieceList(
                    3574,
                ),
                move_list: [
                    Move(
                        688,
                    ),
                    Move(
                        21129,
                    ),
                    Move(
                        9187,
                    ),
                ],
                occupied: BitBoard(
                    868914352651108352,
                ),
                owned: BitBoard(
                    1085087134731206656,
                ),
            },
            boss: BitBoard(
                868069656030609408,
            ),
            rays: Rays {
                s: BitBoard(
                    0,
                ),
                w: BitBoard(
                    0,
                ),
                n: BitBoard(
                    0,
                ),
                e: BitBoard(
                    0,
                ),
            },
        },
        hash: 13507181781068856921,
        capture_flag: false,
    },
    State {
        current: Black,
        board: Board {
            black: PlayerState {
                hand: PieceList(
                    1914,
                ),
                move_list: [
                    Move(
                        416,
                    ),
                    Move(
                        5074,
                    ),
                    Move(
                        17319,
                    ),
                    Move(
                        25227,
                    ),
                ],
                occupied: BitBoard(
                    4665730110800532480,
                ),
                owned: BitBoard(
                    13889101250810609664,
                ),
            },
            white: PlayerState {
                hand: PieceList(
                    2550,
                ),
                move_list: [
                    Move(
                        688,
                    ),
                    Move(
                        21129,
                    ),
                    Move(
                        9187,
                    ),
                    Move(
                        24042,
                    ),
                ],
                occupied: BitBoard(
                    868914370032304128,
                ),
                owned: BitBoard(
                    1085087134731206656,
                ),
            },
            boss: BitBoard(
                868069656030609408,
            ),
            rays: Rays {
                s: BitBoard(
                    0,
                ),
                w: BitBoard(
                    0,
                ),
                n: BitBoard(
                    0,
                ),
                e: BitBoard(
                    0,
                ),
            },
        },
        hash: 1719328970815833658,
        capture_flag: false,
    },
    State {
        current: White,
        board: Board {
            black: PlayerState {
                hand: PieceList(
                    1912,
                ),
                move_list: [
                    Move(
                        416,
                    ),
                    Move(
                        5074,
                    ),
                    Move(
                        17319,
                    ),
                    Move(
                        25227,
                    ),
                    Move(
                        1505,
                    ),
                ],
                occupied: BitBoard(
                    4665800479544710144,
                ),
                owned: BitBoard(
                    13889313184898088960,
                ),
            },
            white: PlayerState {
                hand: PieceList(
                    2550,
                ),
                move_list: [
                    Move(
                        688,
                    ),
                    Move(
                        21129,
                    ),
                    Move(
                        9187,
                    ),
                    Move(
                        24042,
                    ),
                ],
                occupied: BitBoard(
                    868914370032304128,
                ),
                owned: BitBoard(
                    1085087134731206656,
                ),
            },
            boss: BitBoard(
                868069656030609408,
            ),
            rays: Rays {
                s: BitBoard(
                    0,
                ),
                w: BitBoard(
                    0,
                ),
                n: BitBoard(
                    0,
                ),
                e: BitBoard(
                    0,
                ),
            },
        },
        hash: 10723328907073664421,
        capture_flag: false,
    },
    State {
        current: Black,
        board: Board {
            black: PlayerState {
                hand: PieceList(
                    1912,
                ),
                move_list: [
                    Move(
                        416,
                    ),
                    Move(
                        5074,
                    ),
                    Move(
                        17319,
                    ),
                    Move(
                        25227,
                    ),
                    Move(
                        1505,
                    ),
                ],
                occupied: BitBoard(
                    4665800479544710144,
                ),
                owned: BitBoard(
                    13889313184898088960,
                ),
            },
            white: PlayerState {
                hand: PieceList(
                    2534,
                ),
                move_list: [
                    Move(
                        688,
                    ),
                    Move(
                        21129,
                    ),
                    Move(
                        9187,
                    ),
                    Move(
                        24042,
                    ),
                    Move(
                        10708,
                    ),
                ],
                occupied: BitBoard(
                    868914370036514816,
                ),
                owned: BitBoard(
                    1085087134731206656,
                ),
            },
            boss: BitBoard(
                868069656030609408,
            ),
            rays: Rays {
                s: BitBoard(
                    0,
                ),
                w: BitBoard(
                    0,
                ),
                n: BitBoard(
                    0,
                ),
                e: BitBoard(
                    0,
                ),
            },
        },
        hash: 8197658804081237961,
        capture_flag: false,
    },
    State {
        current: White,
        board: Board {
            black: PlayerState {
                hand: PieceList(
                    1896,
                ),
                move_list: [
                    Move(
                        416,
                    ),
                    Move(
                        5074,
                    ),
                    Move(
                        17319,
                    ),
                    Move(
                        25227,
                    ),
                    Move(
                        1505,
                    ),
                    Move(
                        12084,
                    ),
                ],
                occupied: BitBoard(
                    4665800479544710401,
                ),
                owned: BitBoard(
                    13889313184898088960,
                ),
            },
            white: PlayerState {
                hand: PieceList(
                    2534,
                ),
                move_list: [
                    Move(
                        688,
                    ),
                    Move(
                        21129,
                    ),
                    Move(
                        9187,
                    ),
                    Move(
                        24042,
                    ),
                    Move(
                        10708,
                    ),
                ],
                occupied: BitBoard(
                    868914370036514816,
                ),
                owned: BitBoard(
                    1085087134731206656,
                ),
            },
            boss: BitBoard(
                868069656030609408,
            ),
            rays: Rays {
                s: BitBoard(
                    0,
                ),
                w: BitBoard(
                    0,
                ),
                n: BitBoard(
                    0,
                ),
                e: BitBoard(
                    0,
                ),
            },
        },
        hash: 4817710642661197167,
        capture_flag: false,
    },
    State {
        current: Black,
        board: Board {
            black: PlayerState {
                hand: PieceList(
                    1896,
                ),
                move_list: [
                    Move(
                        416,
                    ),
                    Move(
                        5074,
                    ),
                    Move(
                        17319,
                    ),
                    Move(
                        25227,
                    ),
                    Move(
                        1505,
                    ),
                    Move(
                        12084,
                    ),
                ],
                occupied: BitBoard(
                    4665800479544710401,
                ),
                owned: BitBoard(
                    13889313184898088960,
                ),
            },
            white: PlayerState {
                hand: PieceList(
                    2502,
                ),
                move_list: [
                    Move(
                        688,
                    ),
                    Move(
                        21129,
                    ),
                    Move(
                        9187,
                    ),
                    Move(
                        24042,
                    ),
                    Move(
                        10708,
                    ),
                    Move(
                        14485,
                    ),
                ],
                occupied: BitBoard(
                    868914370038620160,
                ),
                owned: BitBoard(
                    1085087134731206656,
                ),
            },
            boss: BitBoard(
                868069656030609408,
            ),
            rays: Rays {
                s: BitBoard(
                    0,
                ),
                w: BitBoard(
                    0,
                ),
                n: BitBoard(
                    0,
                ),
                e: BitBoard(
                    0,
                ),
            },
        },
        hash: 9579598849940813649,
        capture_flag: false,
    },
    State {
        current: White,
        board: Board {
            black: PlayerState {
                hand: PieceList(
                    1864,
                ),
                move_list: [
                    Move(
                        416,
                    ),
                    Move(
                        5074,
                    ),
                    Move(
                        17319,
                    ),
                    Move(
                        25227,
                    ),
                    Move(
                        1505,
                    ),
                    Move(
                        12084,
                    ),
                    Move(
                        15909,
                    ),
                ],
                occupied: BitBoard(
                    8124564993365251329,
                ),
                owned: BitBoard(
                    17348077698718629888,
                ),
            },
            white: PlayerState {
                hand: PieceList(
                    2502,
                ),
                move_list: [
                    Move(
                        688,
                    ),
                    Move(
                        21129,
                    ),
                    Move(
                        9187,
                    ),
                    Move(
                        24042,
                    ),
                    Move(
                        10708,
                    ),
                    Move(
                        14485,
                    ),
                ],
                occupied: BitBoard(
                    868914370038620160,
                ),
                owned: BitBoard(
                    1085087134731206656,
                ),
            },
            boss: BitBoard(
                868069656030609408,
            ),
            rays: Rays {
                s: BitBoard(
                    0,
                ),
                w: BitBoard(
                    0,
                ),
                n: BitBoard(
                    0,
                ),
                e: BitBoard(
                    0,
                ),
            },
        },
        hash: 9706392182408783997,
        capture_flag: false,
    },
    State {
        current: Black,
        board: Board {
            black: PlayerState {
                hand: PieceList(
                    1864,
                ),
                move_list: [
                    Move(
                        416,
                    ),
                    Move(
                        5074,
                    ),
                    Move(
                        17319,
                    ),
                    Move(
                        25227,
                    ),
                    Move(
                        1505,
                    ),
                    Move(
                        12084,
                    ),
                    Move(
                        15909,
                    ),
                ],
                occupied: BitBoard(
                    8124564993365251329,
                ),
                owned: BitBoard(
                    17348077698718629888,
                ),
            },
            white: PlayerState {
                hand: PieceList(
                    2500,
                ),
                move_list: [
                    Move(
                        688,
                    ),
                    Move(
                        21129,
                    ),
                    Move(
                        9187,
                    ),
                    Move(
                        24042,
                    ),
                    Move(
                        10708,
                    ),
                    Move(
                        14485,
                    ),
                    Move(
                        1233,
                    ),
                ],
                occupied: BitBoard(
                    868914370575491072,
                ),
                owned: BitBoard(
                    1085087134731206656,
                ),
            },
            boss: BitBoard(
                868069656030609408,
            ),
            rays: Rays {
                s: BitBoard(
                    0,
                ),
                w: BitBoard(
                    0,
                ),
                n: BitBoard(
                    0,
                ),
                e: BitBoard(
                    0,
                ),
            },
        },
        hash: 357695305641731027,
        capture_flag: false,
    },
    State {
        current: White,
        board: Board {
            black: PlayerState {
                hand: PieceList(
                    1800,
                ),
                move_list: [
                    Move(
                        416,
                    ),
                    Move(
                        5074,
                    ),
                    Move(
                        17319,
                    ),
                    Move(
                        25227,
                    ),
                    Move(
                        1505,
                    ),
                    Move(
                        12084,
                    ),
                    Move(
                        15909,
                    ),
                    Move(
                        14838,
                    ),
                ],
                occupied: BitBoard(
                    8124573823818011905,
                ),
                owned: BitBoard(
                    17348077698718629888,
                ),
            },
            white: PlayerState {
                hand: PieceList(
                    2500,
                ),
                move_list: [
                    Move(
                        688,
                    ),
                    Move(
                        21129,
                    ),
                    Move(
                        9187,
                    ),
                    Move(
                        24042,
                    ),
                    Move(
                        10708,
                    ),
                    Move(
                        14485,
                    ),
                    Move(
                        1233,
                    ),
                ],
                occupied: BitBoard(
                    868914370575491072,
                ),
                owned: BitBoard(
                    1085087134731206656,
                ),
            },
            boss: BitBoard(
                868069656030609408,
            ),
            rays: Rays {
                s: BitBoard(
                    0,
                ),
                w: BitBoard(
                    0,
                ),
                n: BitBoard(
                    0,
                ),
                e: BitBoard(
                    0,
                ),
            },
        },
        hash: 4769858940315812203,
        capture_flag: false,
    },
    State {
        current: Black,
        board: Board {
            black: PlayerState {
                hand: PieceList(
                    1800,
                ),
                move_list: [
                    Move(
                        416,
                    ),
                    Move(
                        5074,
                    ),
                    Move(
                        17319,
                    ),
                    Move(
                        25227,
                    ),
                    Move(
                        1505,
                    ),
                    Move(
                        12084,
                    ),
                    Move(
                        15909,
                    ),
                    Move(
                        14838,
                    ),
                ],
                occupied: BitBoard(
                    8124573823818011905,
                ),
                owned: BitBoard(
                    17348077698718629888,
                ),
            },
            white: PlayerState {
                hand: PieceList(
                    2436,
                ),
                move_list: [
                    Move(
                        688,
                    ),
                    Move(
                        21129,
                    ),
                    Move(
                        9187,
                    ),
                    Move(
                        24042,
                    ),
                    Move(
                        10708,
                    ),
                    Move(
                        14485,
                    ),
                    Move(
                        1233,
                    ),
                    Move(
                        13686,
                    ),
                ],
                occupied: BitBoard(
                    868914370575491120,
                ),
                owned: BitBoard(
                    1085087134731206656,
                ),
            },
            boss: BitBoard(
                868069656030609408,
            ),
            rays: Rays {
                s: BitBoard(
                    0,
                ),
                w: BitBoard(
                    0,
                ),
                n: BitBoard(
                    0,
                ),
                e: BitBoard(
                    0,
                ),
            },
        },
        hash: 8741125619139091221,
        capture_flag: false,
    },
    State {
        current: White,
        board: Board {
            black: PlayerState {
                hand: PieceList(
                    1792,
                ),
                move_list: [
                    Move(
                        416,
                    ),
                    Move(
                        5074,
                    ),
                    Move(
                        17319,
                    ),
                    Move(
                        25227,
                    ),
                    Move(
                        1505,
                    ),
                    Move(
                        12084,
                    ),
                    Move(
                        15909,
                    ),
                    Move(
                        14838,
                    ),
                    Move(
                        7987,
                    ),
                ],
                occupied: BitBoard(
                    8129095015631426817,
                ),
                owned: BitBoard(
                    17352607789974557696,
                ),
            },
            white: PlayerState {
                hand: PieceList(
                    2436,
                ),
                move_list: [
                    Move(
                        688,
                    ),
                    Move(
                        21129,
                    ),
                    Move(
                        9187,
                    ),
                    Move(
                        24042,
                    ),
                    Move(
                        10708,
                    ),
                    Move(
                        14485,
                    ),
                    Move(
                        1233,
                    ),
                    Move(
                        13686,
                    ),
                ],
                occupied: BitBoard(
                    868914370575491120,
                ),
                owned: BitBoard(
                    1085087134731206656,
                ),
            },
            boss: BitBoard(
                868069656030609408,
            ),
            rays: Rays {
                s: BitBoard(
                    0,
                ),
                w: BitBoard(
                    0,
                ),
                n: BitBoard(
                    0,
                ),
                e: BitBoard(
                    0,
                ),
            },
        },
        hash: 13532837686298830995,
        capture_flag: false,
    },
    State {
        current: Black,
        board: Board {
            black: PlayerState {
                hand: PieceList(
                    1792,
                ),
                move_list: [
                    Move(
                        416,
                    ),
                    Move(
                        5074,
                    ),
                    Move(
                        17319,
                    ),
                    Move(
                        25227,
                    ),
                    Move(
                        1505,
                    ),
                    Move(
                        12084,
                    ),
                    Move(
                        15909,
                    ),
                    Move(
                        14838,
                    ),
                    Move(
                        7987,
                    ),
                ],
                occupied: BitBoard(
                    8129095015631426817,
                ),
                owned: BitBoard(
                    17352607789974557696,
                ),
            },
            white: PlayerState {
                hand: PieceList(
                    2308,
                ),
                move_list: [
                    Move(
                        688,
                    ),
                    Move(
                        21129,
                    ),
                    Move(
                        9187,
                    ),
                    Move(
                        24042,
                    ),
                    Move(
                        10708,
                    ),
                    Move(
                        14485,
                    ),
                    Move(
                        1233,
                    ),
                    Move(
                        13686,
                    ),
                    Move(
                        17639,
                    ),
                ],
                occupied: BitBoard(
                    868920976235192368,
                ),
                owned: BitBoard(
                    1085093757805789184,
                ),
            },
            boss: BitBoard(
                868069656030609408,
            ),
            rays: Rays {
                s: BitBoard(
                    0,
                ),
                w: BitBoard(
                    0,
                ),
                n: BitBoard(
                    0,
                ),
                e: BitBoard(
                    0,
                ),
            },
        },
        hash: 17061518929292730915,
        capture_flag: false,
    },
    State {
        current: White,
        board: Board {
            black: PlayerState {
                hand: PieceList(
                    768,
                ),
                move_list: [
                    Move(
                        416,
                    ),
                    Move(
                        5074,
                    ),
                    Move(
                        17319,
                    ),
                    Move(
                        25227,
                    ),
                    Move(
                        1505,
                    ),
                    Move(
                        12084,
                    ),
                    Move(
                        15909,
                    ),
                    Move(
                        14838,
                    ),
                    Move(
                        7987,
                    ),
                    Move(
                        21418,
                    ),
                ],
                occupied: BitBoard(
                    8129095015631459777,
                ),
                owned: BitBoard(
                    17352607789974557696,
                ),
            },
            white: PlayerState {
                hand: PieceList(
                    2308,
                ),
                move_list: [
                    Move(
                        688,
                    ),
                    Move(
                        21129,
                    ),
                    Move(
                        9187,
                    ),
                    Move(
                        24042,
                    ),
                    Move(
                        10708,
                    ),
                    Move(
                        14485,
                    ),
                    Move(
                        1233,
                    ),
                    Move(
                        13686,
                    ),
                    Move(
                        17639,
                    ),
                ],
                occupied: BitBoard(
                    868920976235192368,
                ),
                owned: BitBoard(
                    1085093757805789184,
                ),
            },
            boss: BitBoard(
                868069656030609408,
            ),
            rays: Rays {
                s: BitBoard(
                    0,
                ),
                w: BitBoard(
                    0,
                ),
                n: BitBoard(
                    0,
                ),
                e: BitBoard(
                    0,
                ),
            },
        },
        hash: 2309856327855759605,
        capture_flag: false,
    },
    State {
        current: Black,
        board: Board {
            black: PlayerState {
                hand: PieceList(
                    768,
                ),
                move_list: [
                    Move(
                        416,
                    ),
                    Move(
                        5074,
                    ),
                    Move(
                        17319,
                    ),
                    Move(
                        25227,
                    ),
                    Move(
                        1505,
                    ),
                    Move(
                        12084,
                    ),
                    Move(
                        15909,
                    ),
                    Move(
                        14838,
                    ),
                    Move(
                        7987,
                    ),
                    Move(
                        21418,
                    ),
                ],
                occupied: BitBoard(
                    8129095015631459777,
                ),
                owned: BitBoard(
                    17352607789974557696,
                ),
            },
            white: PlayerState {
                hand: PieceList(
                    260,
                ),
                move_list: [
                    Move(
                        688,
                    ),
                    Move(
                        21129,
                    ),
                    Move(
                        9187,
                    ),
                    Move(
                        24042,
                    ),
                    Move(
                        10708,
                    ),
                    Move(
                        14485,
                    ),
                    Move(
                        1233,
                    ),
                    Move(
                        13686,
                    ),
                    Move(
                        17639,
                    ),
                    Move(
                        25275,
                    ),
                ],
                occupied: BitBoard(
                    868920976235194428,
                ),
                owned: BitBoard(
                    1085093757805789184,
                ),
            },
            boss: BitBoard(
                868069656030609408,
            ),
            rays: Rays {
                s: BitBoard(
                    0,
                ),
                w: BitBoard(
                    0,
                ),
                n: BitBoard(
                    0,
                ),
                e: BitBoard(
                    0,
                ),
            },
        },
        hash: 17549832092658033391,
        capture_flag: false,
    },
]
