---
source: tests/game.rs
expression: history
---
[
    State {
        current: Black,
        board: Board {
            black: PlayerState {
                hand: PieceList(
                    4095,
                ),
                move_list: [],
                occupied: BitBoard(
                    0,
                ),
                owned: BitBoard(
                    0,
                ),
            },
            white: PlayerState {
                hand: PieceList(
                    4095,
                ),
                move_list: [],
                occupied: BitBoard(
                    0,
                ),
                owned: BitBoard(
                    0,
                ),
            },
            boss: BitBoard(
                0,
            ),
            rays: Rays {
                s: BitBoard(
                    0,
                ),
                w: BitBoard(
                    0,
                ),
                n: BitBoard(
                    0,
                ),
                e: BitBoard(
                    0,
                ),
            },
        },
        hash: 0,
        capture_flag: false,
    },
    State {
        current: White,
        board: Board {
            black: PlayerState {
                hand: PieceList(
                    4094,
                ),
                move_list: [
                    Move(
                        96,
                    ),
                ],
                occupied: BitBoard(
                    49344,
                ),
                owned: BitBoard(
                    0,
                ),
            },
            white: PlayerState {
                hand: PieceList(
                    4095,
                ),
                move_list: [],
                occupied: BitBoard(
                    0,
                ),
                owned: BitBoard(
                    0,
                ),
            },
            boss: BitBoard(
                49344,
            ),
            rays: Rays {
                s: BitBoard(
                    0,
                ),
                w: BitBoard(
                    0,
                ),
                n: BitBoard(
                    0,
                ),
                e: BitBoard(
                    0,
                ),
            },
        },
        hash: 7425265783539857544,
        capture_flag: false,
    },
    State {
        current: Black,
        board: Board {
            black: PlayerState {
                hand: PieceList(
                    4094,
                ),
                move_list: [
                    Move(
                        96,
                    ),
                ],
                occupied: BitBoard(
                    49344,
                ),
                owned: BitBoard(
                    0,
                ),
            },
            white: PlayerState {
                hand: PieceList(
                    4094,
                ),
                move_list: [
                    Move(
                        640,
                    ),
                ],
                occupied: BitBoard(
                    54254301760978944,
                ),
                owned: BitBoard(
                    0,
                ),
            },
            boss: BitBoard(
                54254301761028288,
            ),
            rays: Rays {
                s: BitBoard(
                    0,
                ),
                w: BitBoard(
                    0,
                ),
                n: BitBoard(
                    0,
                ),
                e: BitBoard(
                    0,
                ),
            },
        },
        hash: 6602474183741241438,
        capture_flag: false,
    },
    State {
        current: White,
        board: Board {
            black: PlayerState {
                hand: PieceList(
                    3582,
                ),
                move_list: [
                    Move(
                        96,
                    ),
                    Move(
                        21065,
                    ),
                ],
                occupied: BitBoard(
                    13211319451840,
                ),
                owned: BitBoard(
                    0,
                ),
            },
            white: PlayerState {
                hand: PieceList(
                    4094,
                ),
                move_list: [
                    Move(
                        640,
                    ),
                ],
                occupied: BitBoard(
                    54254301760978944,
                ),
                owned: BitBoard(
                    0,
                ),
            },
            boss: BitBoard(
                54254301761028288,
            ),
            rays: Rays {
                s: BitBoard(
                    0,
                ),
                w: BitBoard(
                    0,
                ),
                n: BitBoard(
                    0,
                ),
                e: BitBoard(
                    0,
                ),
            },
        },
        hash: 11219174866331730759,
        capture_flag: false,
    },
    State {
        current: Black,
        board: Board {
            black: PlayerState {
                hand: PieceList(
                    3582,
                ),
                move_list: [
                    Move(
                        96,
                    ),
                    Move(
                        21065,
                    ),
                ],
                occupied: BitBoard(
                    13211319451840,
                ),
                owned: BitBoard(
                    0,
                ),
            },
            white: PlayerState {
                hand: PieceList(
                    4062,
                ),
                move_list: [
                    Move(
                        640,
                    ),
                    Move(
                        15061,
                    ),
                ],
                occupied: BitBoard(
                    198932439790256128,
                ),
                owned: BitBoard(
                    0,
                ),
            },
            boss: BitBoard(
                54254301761028288,
            ),
            rays: Rays {
                s: BitBoard(
                    0,
                ),
                w: BitBoard(
                    0,
                ),
                n: BitBoard(
                    0,
                ),
                e: BitBoard(
                    0,
                ),
            },
        },
        hash: 17349971391351374314,
        capture_flag: false,
    },
    State {
        current: White,
        board: Board {
            black: PlayerState {
                hand: PieceList(
                    3550,
                ),
                move_list: [
                    Move(
                        96,
                    ),
                    Move(
                        21065,
                    ),
                    Move(
                        13397,
                    ),
                ],
                occupied: BitBoard(
                    15418932641984,
                ),
                owned: BitBoard(
                    0,
                ),
            },
            white: PlayerState {
                hand: PieceList(
                    4062,
                ),
                move_list: [
                    Move(
                        640,
                    ),
                    Move(
                        15061,
                    ),
                ],
                occupied: BitBoard(
                    198932439790256128,
                ),
                owned: BitBoard(
                    0,
                ),
            },
            boss: BitBoard(
                54254301761028288,
            ),
            rays: Rays {
                s: BitBoard(
                    0,
                ),
                w: BitBoard(
                    0,
                ),
                n: BitBoard(
                    0,
                ),
                e: BitBoard(
                    0,
                ),
            },
        },
        hash: 7590306712706262887,
        capture_flag: false,
    },
    State {
        current: Black,
        board: Board {
            black: PlayerState {
                hand: PieceList(
                    3550,
                ),
                move_list: [
                    Move(
                        96,
                    ),
                    Move(
                        21065,
                    ),
                    Move(
                        13397,
                    ),
                ],
                occupied: BitBoard(
                    15418932641984,
                ),
                owned: BitBoard(
                    0,
                ),
            },
            white: PlayerState {
                hand: PieceList(
                    4054,
                ),
                move_list: [
                    Move(
                        640,
                    ),
                    Move(
                        15061,
                    ),
                    Move(
                        9235,
                    ),
                ],
                occupied: BitBoard(
                    198932440059740160,
                ),
                owned: BitBoard(
                    0,
                ),
            },
            boss: BitBoard(
                54254301761028288,
            ),
            rays: Rays {
                s: BitBoard(
                    0,
                ),
                w: BitBoard(
                    0,
                ),
                n: BitBoard(
                    0,
                ),
                e: BitBoard(
                    0,
                ),
            },
        },
        hash: 8989272264008199305,
        capture_flag: false,
    },
    State {
        current: White,
        board: Board {
            black: PlayerState {
                hand: PieceList(
                    3548,
                ),
                move_list: [
                    Move(
                        96,
                    ),
                    Move(
                        21065,
                    ),
                    Move(
                        13397,
                    ),
                    Move(
                        1153,
                    ),
                ],
                occupied: BitBoard(
                    15418949419200,
                ),
                owned: BitBoard(
                    0,
                ),
            },
            white: PlayerState {
                hand: PieceList(
                    4054,
                ),
                move_list: [
                    Move(
                        640,
                    ),
                    Move(
                        15061,
                    ),
                    Move(
                        9235,
                    ),
                ],
                occupied: BitBoard(
                    198932440059740160,
                ),
                owned: BitBoard(
                    0,
                ),
            },
            boss: BitBoard(
                54254301761028288,
            ),
            rays: Rays {
                s: BitBoard(
                    0,
                ),
                w: BitBoard(
                    0,
                ),
                n: BitBoard(
                    0,
                ),
                e: BitBoard(
                    0,
                ),
            },
        },
        hash: 2843615188336563744,
        capture_flag: false,
    },
    State {
        current: Black,
        board: Board {
            black: PlayerState {
                hand: PieceList(
                    3548,
                ),
                move_list: [
                    Move(
                        96,
                    ),
                    Move(
                        21065,
                    ),
                    Move(
                        13397,
                    ),
                    Move(
                        1153,
                    ),
                ],
                occupied: BitBoard(
                    15418949419200,
                ),
                owned: BitBoard(
                    0,
                ),
            },
            white: PlayerState {
                hand: PieceList(
                    3926,
                ),
                move_list: [
                    Move(
                        640,
                    ),
                    Move(
                        15061,
                    ),
                    Move(
                        9235,
                    ),
                    Move(
                        16247,
                    ),
                ],
                occupied: BitBoard(
                    198932441139773440,
                ),
                owned: BitBoard(
                    0,
                ),
            },
            boss: BitBoard(
                54254301761028288,
            ),
            rays: Rays {
                s: BitBoard(
                    0,
                ),
                w: BitBoard(
                    0,
                ),
                n: BitBoard(
                    0,
                ),
                e: BitBoard(
                    0,
                ),
            },
        },
        hash: 17963688054528618987,
        capture_flag: false,
    },
    State {
        current: White,
        board: Board {
            black: PlayerState {
                hand: PieceList(
                    1500,
                ),
                move_list: [
                    Move(
                        96,
                    ),
                    Move(
                        21065,
                    ),
                    Move(
                        13397,
                    ),
                    Move(
                        1153,
                    ),
                    Move(
                        26635,
                    ),
                ],
                occupied: BitBoard(
                    6788410576519360,
                ),
                owned: BitBoard(
                    0,
                ),
            },
            white: PlayerState {
                hand: PieceList(
                    3926,
                ),
                move_list: [
                    Move(
                        640,
                    ),
                    Move(
                        15061,
                    ),
                    Move(
                        9235,
                    ),
                    Move(
                        16247,
                    ),
                ],
                occupied: BitBoard(
                    198932441139773440,
                ),
                owned: BitBoard(
                    0,
                ),
            },
            boss: BitBoard(
                54254301761028288,
            ),
            rays: Rays {
                s: BitBoard(
                    0,
                ),
                w: BitBoard(
                    0,
                ),
                n: BitBoard(
                    0,
                ),
                e: BitBoard(
                    0,
                ),
            },
        },
        hash: 6033138443604342247,
        capture_flag: false,
    },
    State {
        current: Black,
        board: Board {
            black: PlayerState {
                hand: PieceList(
                    1500,
                ),
                move_list: [
                    Move(
                        96,
                    ),
                    Move(
                        21065,
                    ),
                    Move(
                        13397,
                    ),
                    Move(
                        1153,
                    ),
                    Move(
                        26635,
                    ),
                ],
                occupied: BitBoard(
                    6788410576519360,
                ),
                owned: BitBoard(
                    0,
                ),
            },
            white: PlayerState {
                hand: PieceList(
                    2902,
                ),
                move_list: [
                    Move(
                        640,
                    ),
                    Move(
                        15061,
                    ),
                    Move(
                        9235,
                    ),
                    Move(
                        16247,
                    ),
                    Move(
                        23274,
                    ),
                ],
                occupied: BitBoard(
                    198932544353206272,
                ),
                owned: BitBoard(
                    0,
                ),
            },
            boss: BitBoard(
                54254301761028288,
            ),
            rays: Rays {
                s: BitBoard(
                    0,
                ),
                w: BitBoard(
                    0,
                ),
                n: BitBoard(
                    0,
                ),
                e: BitBoard(
                    0,
                ),
            },
        },
        hash: 7928530411059679635,
        capture_flag: false,
    },
    State {
        current: White,
        board: Board {
            black: PlayerState {
                hand: PieceList(
                    1436,
                ),
                move_list: [
                    Move(
                        96,
                    ),
                    Move(
                        21065,
                    ),
                    Move(
                        13397,
                    ),
                    Move(
                        1153,
                    ),
                    Move(
                        26635,
                    ),
                    Move(
                        13366,
                    ),
                ],
                occupied: BitBoard(
                    6788962479816896,
                ),
                owned: BitBoard(
                    0,
                ),
            },
            white: PlayerState {
                hand: PieceList(
                    2902,
                ),
                move_list: [
                    Move(
                        640,
                    ),
                    Move(
                        15061,
                    ),
                    Move(
                        9235,
                    ),
                    Move(
                        16247,
                    ),
                    Move(
                        23274,
                    ),
                ],
                occupied: BitBoard(
                    198932544353206272,
                ),
                owned: BitBoard(
                    0,
                ),
            },
            boss: BitBoard(
                54254301761028288,
            ),
            rays: Rays {
                s: BitBoard(
                    0,
                ),
                w: BitBoard(
                    0,
                ),
                n: BitBoard(
                    0,
                ),
                e: BitBoard(
                    0,
                ),
            },
        },
        hash: 11273697402883079205,
        capture_flag: false,
    },
    State {
        current: Black,
        board: Board {
            black: PlayerState {
                hand: PieceList(
                    1436,
                ),
                move_list: [
                    Move(
                        96,
                    ),
                    Move(
                        21065,
                    ),
                    Move(
                        13397,
                    ),
                    Move(
                        1153,
                    ),
                    Move(
                        26635,
                    ),
                    Move(
                        13366,
                    ),
                ],
                occupied: BitBoard(
                    6788962479816896,
                ),
                owned: BitBoard(
                    0,
                ),
            },
            white: PlayerState {
                hand: PieceList(
                    2900,
                ),
                move_list: [
                    Move(
                        640,
                    ),
                    Move(
                        15061,
                    ),
                    Move(
                        9235,
                    ),
                    Move(
                        16247,
                    ),
                    Move(
                        23274,
                    ),
                    Move(
                        1889,
                    ),
                ],
                occupied: BitBoard(
                    198932544353337344,
                ),
                owned: BitBoard(
                    0,
                ),
            },
            boss: BitBoard(
                54254301761028288,
            ),
            rays: Rays {
                s: BitBoard(
                    0,
                ),
                w: BitBoard(
                    0,
                ),
                n: BitBoard(
                    0,
                ),
                e: BitBoard(
                    0,
                ),
            },
        },
        hash: 15912227334359947460,
        capture_flag: false,
    },
    State {
        current: White,
        board: Board {
            black: PlayerState {
                hand: PieceList(
                    412,
                ),
                move_list: [
                    Move(
                        96,
                    ),
                    Move(
                        21065,
                    ),
                    Move(
                        13397,
                    ),
                    Move(
                        1153,
                    ),
                    Move(
                        26635,
                    ),
                    Move(
                        13366,
                    ),
                    Move(
                        22842,
                    ),
                ],
                occupied: BitBoard(
                    3474560675555098816,
                ),
                owned: BitBoard(
                    0,
                ),
            },
            white: PlayerState {
                hand: PieceList(
                    2900,
                ),
                move_list: [
                    Move(
                        640,
                    ),
                    Move(
                        15061,
                    ),
                    Move(
                        9235,
                    ),
                    Move(
                        16247,
                    ),
                    Move(
                        23274,
                    ),
                    Move(
                        1889,
                    ),
                ],
                occupied: BitBoard(
                    198932544353337344,
                ),
                owned: BitBoard(
                    0,
                ),
            },
            boss: BitBoard(
                54254301761028288,
            ),
            rays: Rays {
                s: BitBoard(
                    0,
                ),
                w: BitBoard(
                    0,
                ),
                n: BitBoard(
                    0,
                ),
                e: BitBoard(
                    0,
                ),
            },
        },
        hash: 13219110245033374661,
        capture_flag: false,
    },
    State {
        current: Black,
        board: Board {
            black: PlayerState {
                hand: PieceList(
                    412,
                ),
                move_list: [
                    Move(
                        96,
                    ),
                    Move(
                        21065,
                    ),
                    Move(
                        13397,
                    ),
                    Move(
                        1153,
                    ),
                    Move(
                        26635,
                    ),
                    Move(
                        13366,
                    ),
                    Move(
                        22842,
                    ),
                ],
                occupied: BitBoard(
                    3474560675555098816,
                ),
                owned: BitBoard(
                    0,
                ),
            },
            white: PlayerState {
                hand: PieceList(
                    2896,
                ),
                move_list: [
                    Move(
                        640,
                    ),
                    Move(
                        15061,
                    ),
                    Move(
                        9235,
                    ),
                    Move(
                        16247,
                    ),
                    Move(
                        23274,
                    ),
                    Move(
                        1889,
                    ),
                    Move(
                        4386,
                    ),
                ],
                occupied: BitBoard(
                    198932544353337404,
                ),
                owned: BitBoard(
                    0,
                ),
            },
            boss: BitBoard(
                54254301761028288,
            ),
            rays: Rays {
                s: BitBoard(
                    0,
                ),
                w: BitBoard(
                    0,
                ),
                n: BitBoard(
                    0,
                ),
                e: BitBoard(
                    0,
                ),
            },
        },
        hash: 8386396865696681109,
        capture_flag: false,
    },
    State {
        current: White,
        board: Board {
            black: PlayerState {
                hand: PieceList(
                    396,
                ),
                move_list: [
                    Move(
                        96,
                    ),
                    Move(
                        21065,
                    ),
                    Move(
                        13397,
                    ),
                    Move(
                        1153,
                    ),
                    Move(
                        26635,
                    ),
                    Move(
                        13366,
                    ),
                    Move(
                        22842,
                    ),
                    Move(
                        10260,
                    ),
                ],
                occupied: BitBoard(
                    3474561087871959232,
                ),
                owned: BitBoard(
                    0,
                ),
            },
            white: PlayerState {
                hand: PieceList(
                    2896,
                ),
                move_list: [
                    Move(
                        640,
                    ),
                    Move(
                        15061,
                    ),
                    Move(
                        9235,
                    ),
                    Move(
                        16247,
                    ),
                    Move(
                        23274,
                    ),
                    Move(
                        1889,
                    ),
                    Move(
                        4386,
                    ),
                ],
                occupied: BitBoard(
                    198932544353337404,
                ),
                owned: BitBoard(
                    0,
                ),
            },
            boss: BitBoard(
                54254301761028288,
            ),
            rays: Rays {
                s: BitBoard(
                    0,
                ),
                w: BitBoard(
                    0,
                ),
                n: BitBoard(
                    0,
                ),
                e: BitBoard(
                    0,
                ),
            },
        },
        hash: 15789475070395309924,
        capture_flag: false,
    },
    State {
        current: Black,
        board: Board {
            black: PlayerState {
                hand: PieceList(
                    396,
                ),
                move_list: [
                    Move(
                        96,
                    ),
                    Move(
                        21065,
                    ),
                    Move(
                        13397,
                    ),
                    Move(
                        1153,
                    ),
                    Move(
                        26635,
                    ),
                    Move(
                        13366,
                    ),
                    Move(
                        22842,
                    ),
                    Move(
                        10260,
                    ),
                ],
                occupied: BitBoard(
                    3474561087871959232,
                ),
                owned: BitBoard(
                    0,
                ),
            },
            white: PlayerState {
                hand: PieceList(
                    2832,
                ),
                move_list: [
                    Move(
                        640,
                    ),
                    Move(
                        15061,
                    ),
                    Move(
                        9235,
                    ),
                    Move(
                        16247,
                    ),
                    Move(
                        23274,
                    ),
                    Move(
                        1889,
                    ),
                    Move(
                        4386,
                    ),
                    Move(
                        13158,
                    ),
                ],
                occupied: BitBoard(
                    198932544420708412,
                ),
                owned: BitBoard(
                    0,
                ),
            },
            boss: BitBoard(
                54254301761028288,
            ),
            rays: Rays {
                s: BitBoard(
                    0,
                ),
                w: BitBoard(
                    0,
                ),
                n: BitBoard(
                    0,
                ),
                e: BitBoard(
                    0,
                ),
            },
        },
        hash: 11896695954562377376,
        capture_flag: false,
    },
    State {
        current: White,
        board: Board {
            black: PlayerState {
                hand: PieceList(
                    392,
                ),
                move_list: [
                    Move(
                        96,
                    ),
                    Move(
                        21065,
                    ),
                    Move(
                        13397,
                    ),
                    Move(
                        1153,
                    ),
                    Move(
                        26635,
                    ),
                    Move(
                        13366,
                    ),
                    Move(
                        22842,
                    ),
                    Move(
                        10260,
                    ),
                    Move(
                        5490,
                    ),
                ],
                occupied: BitBoard(
                    3474561087871966912,
                ),
                owned: BitBoard(
                    0,
                ),
            },
            white: PlayerState {
                hand: PieceList(
                    2832,
                ),
                move_list: [
                    Move(
                        640,
                    ),
                    Move(
                        15061,
                    ),
                    Move(
                        9235,
                    ),
                    Move(
                        16247,
                    ),
                    Move(
                        23274,
                    ),
                    Move(
                        1889,
                    ),
                    Move(
                        4386,
                    ),
                    Move(
                        13158,
                    ),
                ],
                occupied: BitBoard(
                    198932544420708412,
                ),
                owned: BitBoard(
                    0,
                ),
            },
            boss: BitBoard(
                54254301761028288,
            ),
            rays: Rays {
                s: BitBoard(
                    0,
                ),
                w: BitBoard(
                    0,
                ),
                n: BitBoard(
                    0,
                ),
                e: BitBoard(
                    0,
                ),
            },
        },
        hash: 9331406212092145430,
        capture_flag: false,
    },
    State {
        current: Black,
        board: Board {
            black: PlayerState {
                hand: PieceList(
                    392,
                ),
                move_list: [
                    Move(
                        96,
                    ),
                    Move(
                        21065,
                    ),
                    Move(
                        13397,
                    ),
                    Move(
                        1153,
                    ),
                    Move(
                        26635,
                    ),
                    Move(
                        13366,
                    ),
                    Move(
                        22842,
                    ),
                    Move(
                        10260,
                    ),
                    Move(
                        5490,
                    ),
                ],
                occupied: BitBoard(
                    3474561087871966912,
                ),
                owned: BitBoard(
                    0,
                ),
            },
            white: PlayerState {
                hand: PieceList(
                    2816,
                ),
                move_list: [
                    Move(
                        640,
                    ),
                    Move(
                        15061,
                    ),
                    Move(
                        9235,
                    ),
                    Move(
                        16247,
                    ),
                    Move(
                        23274,
                    ),
                    Move(
                        1889,
                    ),
                    Move(
                        4386,
                    ),
                    Move(
                        13158,
                    ),
                    Move(
                        12068,
                    ),
                ],
                occupied: BitBoard(
                    14033990599702872124,
                ),
                owned: BitBoard(
                    0,
                ),
            },
            boss: BitBoard(
                54254301761028288,
            ),
            rays: Rays {
                s: BitBoard(
                    0,
                ),
                w: BitBoard(
                    0,
                ),
                n: BitBoard(
                    0,
                ),
                e: BitBoard(
                    0,
                ),
            },
        },
        hash: 10339117000010696912,
        capture_flag: false,
    },
    State {
        current: White,
        board: Board {
            black: PlayerState {
                hand: PieceList(
                    384,
                ),
                move_list: [
                    Move(
                        96,
                    ),
                    Move(
                        21065,
                    ),
                    Move(
                        13397,
                    ),
                    Move(
                        1153,
                    ),
                    Move(
                        26635,
                    ),
                    Move(
                        13366,
                    ),
                    Move(
                        22842,
                    ),
                    Move(
                        10260,
                    ),
                    Move(
                        5490,
                    ),
                    Move(
                        9651,
                    ),
                ],
                occupied: BitBoard(
                    3763917363930521280,
                ),
                owned: BitBoard(
                    4340377151996952576,
                ),
            },
            white: PlayerState {
                hand: PieceList(
                    2816,
                ),
                move_list: [
                    Move(
                        640,
                    ),
                    Move(
                        15061,
                    ),
                    Move(
                        9235,
                    ),
                    Move(
                        16247,
                    ),
                    Move(
                        23274,
                    ),
                    Move(
                        1889,
                    ),
                    Move(
                        4386,
                    ),
                    Move(
                        13158,
                    ),
                    Move(
                        12068,
                    ),
                ],
                occupied: BitBoard(
                    14033990599702872124,
                ),
                owned: BitBoard(
                    0,
                ),
            },
            boss: BitBoard(
                54254301761028288,
            ),
            rays: Rays {
                s: BitBoard(
                    0,
                ),
                w: BitBoard(
                    0,
                ),
                n: BitBoard(
                    0,
                ),
                e: BitBoard(
                    0,
                ),
            },
        },
        hash: 18359419526267096388,
        capture_flag: false,
    },
    State {
        current: Black,
        board: Board {
            black: PlayerState {
                hand: PieceList(
                    384,
                ),
                move_list: [
                    Move(
                        96,
                    ),
                    Move(
                        21065,
                    ),
                    Move(
                        13397,
                    ),
                    Move(
                        1153,
                    ),
                    Move(
                        26635,
                    ),
                    Move(
                        13366,
                    ),
                    Move(
                        22842,
                    ),
                    Move(
                        10260,
                    ),
                    Move(
                        5490,
                    ),
                    Move(
                        9651,
                    ),
                ],
                occupied: BitBoard(
                    3763917363930521280,
                ),
                owned: BitBoard(
                    4340377151996952576,
                ),
            },
            white: PlayerState {
                hand: PieceList(
                    2304,
                ),
                move_list: [
                    Move(
                        640,
                    ),
                    Move(
                        15061,
                    ),
                    Move(
                        9235,
                    ),
                    Move(
                        16247,
                    ),
                    Move(
                        23274,
                    ),
                    Move(
                        1889,
                    ),
                    Move(
                        4386,
                    ),
                    Move(
                        13158,
                    ),
                    Move(
                        12068,
                    ),
                    Move(
                        18633,
                    ),
                ],
                occupied: BitBoard(
                    14033990599702872383,
                ),
                owned: BitBoard(
                    0,
                ),
            },
            boss: BitBoard(
                54254301761028288,
            ),
            rays: Rays {
                s: BitBoard(
                    0,
                ),
                w: BitBoard(
                    0,
                ),
                n: BitBoard(
                    0,
                ),
                e: BitBoard(
                    0,
                ),
            },
        },
        hash: 18158935775068858028,
        capture_flag: false,
    },
]
