---
source: tests/game.rs
expression: history
---
[
    State {
        current: Black,
        board: Board {
            black: PlayerState {
                hand: PieceList(
                    4095,
                ),
                move_list: [],
                occupied: BitBoard(
                    0,
                ),
                owned: BitBoard(
                    0,
                ),
            },
            white: PlayerState {
                hand: PieceList(
                    4095,
                ),
                move_list: [],
                occupied: BitBoard(
                    0,
                ),
                owned: BitBoard(
                    0,
                ),
            },
            boss: BitBoard(
                0,
            ),
            rays: Rays {
                s: BitBoard(
                    0,
                ),
                w: BitBoard(
                    0,
                ),
                n: BitBoard(
                    0,
                ),
                e: BitBoard(
                    0,
                ),
            },
        },
        hash: 0,
        capture_flag: false,
    },
    State {
        current: White,
        board: Board {
            black: PlayerState {
                hand: PieceList(
                    4094,
                ),
                move_list: [
                    Move(
                        608,
                    ),
                ],
                occupied: BitBoard(
                    13563575440244736,
                ),
                owned: BitBoard(
                    0,
                ),
            },
            white: PlayerState {
                hand: PieceList(
                    4095,
                ),
                move_list: [],
                occupied: BitBoard(
                    0,
                ),
                owned: BitBoard(
                    0,
                ),
            },
            boss: BitBoard(
                13563575440244736,
            ),
            rays: Rays {
                s: BitBoard(
                    0,
                ),
                w: BitBoard(
                    0,
                ),
                n: BitBoard(
                    0,
                ),
                e: BitBoard(
                    0,
                ),
            },
        },
        hash: 17835650455188073035,
        capture_flag: false,
    },
    State {
        current: Black,
        board: Board {
            black: PlayerState {
                hand: PieceList(
                    4094,
                ),
                move_list: [
                    Move(
                        608,
                    ),
                ],
                occupied: BitBoard(
                    13563575440244736,
                ),
                owned: BitBoard(
                    0,
                ),
            },
            white: PlayerState {
                hand: PieceList(
                    4094,
                ),
                move_list: [
                    Move(
                        240,
                    ),
                ],
                occupied: BitBoard(
                    101056512,
                ),
                owned: BitBoard(
                    0,
                ),
            },
            boss: BitBoard(
                13563575541301248,
            ),
            rays: Rays {
                s: BitBoard(
                    0,
                ),
                w: BitBoard(
                    0,
                ),
                n: BitBoard(
                    0,
                ),
                e: BitBoard(
                    0,
                ),
            },
        },
        hash: 7855418330184306770,
        capture_flag: false,
    },
    State {
        current: White,
        board: Board {
            black: PlayerState {
                hand: PieceList(
                    4086,
                ),
                move_list: [
                    Move(
                        608,
                    ),
                    Move(
                        8979,
                    ),
                ],
                occupied: BitBoard(
                    13563575440245764,
                ),
                owned: BitBoard(
                    0,
                ),
            },
            white: PlayerState {
                hand: PieceList(
                    4094,
                ),
                move_list: [
                    Move(
                        240,
                    ),
                ],
                occupied: BitBoard(
                    101056512,
                ),
                owned: BitBoard(
                    0,
                ),
            },
            boss: BitBoard(
                13563575541301248,
            ),
            rays: Rays {
                s: BitBoard(
                    0,
                ),
                w: BitBoard(
                    0,
                ),
                n: BitBoard(
                    0,
                ),
                e: BitBoard(
                    0,
                ),
            },
        },
        hash: 14335879488309202506,
        capture_flag: false,
    },
    State {
        current: Black,
        board: Board {
            black: PlayerState {
                hand: PieceList(
                    4086,
                ),
                move_list: [
                    Move(
                        608,
                    ),
                    Move(
                        8979,
                    ),
                ],
                occupied: BitBoard(
                    13563575440245764,
                ),
                owned: BitBoard(
                    0,
                ),
            },
            white: PlayerState {
                hand: PieceList(
                    3582,
                ),
                move_list: [
                    Move(
                        240,
                    ),
                    Move(
                        20409,
                    ),
                ],
                occupied: BitBoard(
                    211656089403392,
                ),
                owned: BitBoard(
                    0,
                ),
            },
            boss: BitBoard(
                13563575541301248,
            ),
            rays: Rays {
                s: BitBoard(
                    0,
                ),
                w: BitBoard(
                    0,
                ),
                n: BitBoard(
                    0,
                ),
                e: BitBoard(
                    0,
                ),
            },
        },
        hash: 8829947059529857162,
        capture_flag: false,
    },
    State {
        current: White,
        board: Board {
            black: PlayerState {
                hand: PieceList(
                    3062,
                ),
                move_list: [
                    Move(
                        608,
                    ),
                    Move(
                        8979,
                    ),
                    Move(
                        22490,
                    ),
                ],
                occupied: BitBoard(
                    13563678787896324,
                ),
                owned: BitBoard(
                    0,
                ),
            },
            white: PlayerState {
                hand: PieceList(
                    3582,
                ),
                move_list: [
                    Move(
                        240,
                    ),
                    Move(
                        20409,
                    ),
                ],
                occupied: BitBoard(
                    211656089403392,
                ),
                owned: BitBoard(
                    0,
                ),
            },
            boss: BitBoard(
                13563575541301248,
            ),
            rays: Rays {
                s: BitBoard(
                    0,
                ),
                w: BitBoard(
                    0,
                ),
                n: BitBoard(
                    0,
                ),
                e: BitBoard(
                    0,
                ),
            },
        },
        hash: 2845368369227857099,
        capture_flag: false,
    },
    State {
        current: Black,
        board: Board {
            black: PlayerState {
                hand: PieceList(
                    3062,
                ),
                move_list: [
                    Move(
                        608,
                    ),
                    Move(
                        8979,
                    ),
                    Move(
                        22490,
                    ),
                ],
                occupied: BitBoard(
                    13563678787896324,
                ),
                owned: BitBoard(
                    0,
                ),
            },
            white: PlayerState {
                hand: PieceList(
                    3454,
                ),
                move_list: [
                    Move(
                        240,
                    ),
                    Move(
                        20409,
                    ),
                    Move(
                        16391,
                    ),
                ],
                occupied: BitBoard(
                    213867997560832,
                ),
                owned: BitBoard(
                    0,
                ),
            },
            boss: BitBoard(
                13563575541301248,
            ),
            rays: Rays {
                s: BitBoard(
                    0,
                ),
                w: BitBoard(
                    0,
                ),
                n: BitBoard(
                    0,
                ),
                e: BitBoard(
                    0,
                ),
            },
        },
        hash: 17702039369914539709,
        capture_flag: false,
    },
    State {
        current: White,
        board: Board {
            black: PlayerState {
                hand: PieceList(
                    3046,
                ),
                move_list: [
                    Move(
                        608,
                    ),
                    Move(
                        8979,
                    ),
                    Move(
                        22490,
                    ),
                    Move(
                        12276,
                    ),
                ],
                occupied: BitBoard(
                    13563678790001668,
                ),
                owned: BitBoard(
                    0,
                ),
            },
            white: PlayerState {
                hand: PieceList(
                    3454,
                ),
                move_list: [
                    Move(
                        240,
                    ),
                    Move(
                        20409,
                    ),
                    Move(
                        16391,
                    ),
                ],
                occupied: BitBoard(
                    213867997560832,
                ),
                owned: BitBoard(
                    0,
                ),
            },
            boss: BitBoard(
                13563575541301248,
            ),
            rays: Rays {
                s: BitBoard(
                    0,
                ),
                w: BitBoard(
                    0,
                ),
                n: BitBoard(
                    0,
                ),
                e: BitBoard(
                    0,
                ),
            },
        },
        hash: 8854474345234752843,
        capture_flag: false,
    },
    State {
        current: Black,
        board: Board {
            black: PlayerState {
                hand: PieceList(
                    3046,
                ),
                move_list: [
                    Move(
                        608,
                    ),
                    Move(
                        8979,
                    ),
                    Move(
                        22490,
                    ),
                    Move(
                        12276,
                    ),
                ],
                occupied: BitBoard(
                    13563678790001668,
                ),
                owned: BitBoard(
                    0,
                ),
            },
            white: PlayerState {
                hand: PieceList(
                    3438,
                ),
                move_list: [
                    Move(
                        240,
                    ),
                    Move(
                        20409,
                    ),
                    Move(
                        16391,
                    ),
                    Move(
                        12196,
                    ),
                ],
                occupied: BitBoard(
                    213867997626624,
                ),
                owned: BitBoard(
                    2212026056960,
                ),
            },
            boss: BitBoard(
                13563575541301248,
            ),
            rays: Rays {
                s: BitBoard(
                    0,
                ),
                w: BitBoard(
                    0,
                ),
                n: BitBoard(
                    0,
                ),
                e: BitBoard(
                    0,
                ),
            },
        },
        hash: 6437014320643319654,
        capture_flag: false,
    },
    State {
        current: White,
        board: Board {
            black: PlayerState {
                hand: PieceList(
                    3014,
                ),
                move_list: [
                    Move(
                        608,
                    ),
                    Move(
                        8979,
                    ),
                    Move(
                        22490,
                    ),
                    Move(
                        12276,
                    ),
                    Move(
                        15237,
                    ),
                ],
                occupied: BitBoard(
                    13563678790001716,
                ),
                owned: BitBoard(
                    0,
                ),
            },
            white: PlayerState {
                hand: PieceList(
                    3438,
                ),
                move_list: [
                    Move(
                        240,
                    ),
                    Move(
                        20409,
                    ),
                    Move(
                        16391,
                    ),
                    Move(
                        12196,
                    ),
                ],
                occupied: BitBoard(
                    213867997626624,
                ),
                owned: BitBoard(
                    2212026056960,
                ),
            },
            boss: BitBoard(
                13563575541301248,
            ),
            rays: Rays {
                s: BitBoard(
                    0,
                ),
                w: BitBoard(
                    0,
                ),
                n: BitBoard(
                    0,
                ),
                e: BitBoard(
                    0,
                ),
            },
        },
        hash: 995515005329012892,
        capture_flag: false,
    },
    State {
        current: Black,
        board: Board {
            black: PlayerState {
                hand: PieceList(
                    3014,
                ),
                move_list: [
                    Move(
                        608,
                    ),
                    Move(
                        8979,
                    ),
                    Move(
                        22490,
                    ),
                    Move(
                        12276,
                    ),
                    Move(
                        15237,
                    ),
                ],
                occupied: BitBoard(
                    13563678790001716,
                ),
                owned: BitBoard(
                    0,
                ),
            },
            white: PlayerState {
                hand: PieceList(
                    3436,
                ),
                move_list: [
                    Move(
                        240,
                    ),
                    Move(
                        20409,
                    ),
                    Move(
                        16391,
                    ),
                    Move(
                        12196,
                    ),
                    Move(
                        2465,
                    ),
                ],
                occupied: BitBoard(
                    288444244149338368,
                ),
                owned: BitBoard(
                    2212026056960,
                ),
            },
            boss: BitBoard(
                13563575541301248,
            ),
            rays: Rays {
                s: BitBoard(
                    0,
                ),
                w: BitBoard(
                    0,
                ),
                n: BitBoard(
                    0,
                ),
                e: BitBoard(
                    0,
                ),
            },
        },
        hash: 10336176604823866595,
        capture_flag: false,
    },
    State {
        current: White,
        board: Board {
            black: PlayerState {
                hand: PieceList(
                    966,
                ),
                move_list: [
                    Move(
                        608,
                    ),
                    Move(
                        8979,
                    ),
                    Move(
                        22490,
                    ),
                    Move(
                        12276,
                    ),
                    Move(
                        15237,
                    ),
                    Move(
                        25451,
                    ),
                ],
                occupied: BitBoard(
                    13563678798439476,
                ),
                owned: BitBoard(
                    10543344,
                ),
            },
            white: PlayerState {
                hand: PieceList(
                    3436,
                ),
                move_list: [
                    Move(
                        240,
                    ),
                    Move(
                        20409,
                    ),
                    Move(
                        16391,
                    ),
                    Move(
                        12196,
                    ),
                    Move(
                        2465,
                    ),
                ],
                occupied: BitBoard(
                    288444244149338368,
                ),
                owned: BitBoard(
                    2212026056960,
                ),
            },
            boss: BitBoard(
                13563575541301248,
            ),
            rays: Rays {
                s: BitBoard(
                    0,
                ),
                w: BitBoard(
                    0,
                ),
                n: BitBoard(
                    0,
                ),
                e: BitBoard(
                    0,
                ),
            },
        },
        hash: 2466964763010997891,
        capture_flag: false,
    },
    State {
        current: Black,
        board: Board {
            black: PlayerState {
                hand: PieceList(
                    966,
                ),
                move_list: [
                    Move(
                        608,
                    ),
                    Move(
                        8979,
                    ),
                    Move(
                        22490,
                    ),
                    Move(
                        12276,
                    ),
                    Move(
                        15237,
                    ),
                    Move(
                        25451,
                    ),
                ],
                occupied: BitBoard(
                    13563678798439476,
                ),
                owned: BitBoard(
                    10543344,
                ),
            },
            white: PlayerState {
                hand: PieceList(
                    2412,
                ),
                move_list: [
                    Move(
                        240,
                    ),
                    Move(
                        20409,
                    ),
                    Move(
                        16391,
                    ),
                    Move(
                        12196,
                    ),
                    Move(
                        2465,
                    ),
                    Move(
                        23210,
                    ),
                ],
                occupied: BitBoard(
                    288444247374758144,
                ),
                owned: BitBoard(
                    2212026056960,
                ),
            },
            boss: BitBoard(
                13563575541301248,
            ),
            rays: Rays {
                s: BitBoard(
                    0,
                ),
                w: BitBoard(
                    0,
                ),
                n: BitBoard(
                    0,
                ),
                e: BitBoard(
                    0,
                ),
            },
        },
        hash: 4003086967188367820,
        capture_flag: false,
    },
    State {
        current: White,
        board: Board {
            black: PlayerState {
                hand: PieceList(
                    902,
                ),
                move_list: [
                    Move(
                        608,
                    ),
                    Move(
                        8979,
                    ),
                    Move(
                        22490,
                    ),
                    Move(
                        12276,
                    ),
                    Move(
                        15237,
                    ),
                    Move(
                        25451,
                    ),
                    Move(
                        15046,
                    ),
                ],
                occupied: BitBoard(
                    85902747813078068,
                ),
                owned: BitBoard(
                    10543344,
                ),
            },
            white: PlayerState {
                hand: PieceList(
                    2412,
                ),
                move_list: [
                    Move(
                        240,
                    ),
                    Move(
                        20409,
                    ),
                    Move(
                        16391,
                    ),
                    Move(
                        12196,
                    ),
                    Move(
                        2465,
                    ),
                    Move(
                        23210,
                    ),
                ],
                occupied: BitBoard(
                    288444247374758144,
                ),
                owned: BitBoard(
                    2212026056960,
                ),
            },
            boss: BitBoard(
                13563575541301248,
            ),
            rays: Rays {
                s: BitBoard(
                    0,
                ),
                w: BitBoard(
                    0,
                ),
                n: BitBoard(
                    0,
                ),
                e: BitBoard(
                    0,
                ),
            },
        },
        hash: 3926891625952702047,
        capture_flag: false,
    },
    State {
        current: Black,
        board: Board {
            black: PlayerState {
                hand: PieceList(
                    902,
                ),
                move_list: [
                    Move(
                        608,
                    ),
                    Move(
                        8979,
                    ),
                    Move(
                        22490,
                    ),
                    Move(
                        12276,
                    ),
                    Move(
                        15237,
                    ),
                    Move(
                        25451,
                    ),
                    Move(
                        15046,
                    ),
                ],
                occupied: BitBoard(
                    85902747813078068,
                ),
                owned: BitBoard(
                    10543344,
                ),
            },
            white: PlayerState {
                hand: PieceList(
                    2404,
                ),
                move_list: [
                    Move(
                        240,
                    ),
                    Move(
                        20409,
                    ),
                    Move(
                        16391,
                    ),
                    Move(
                        12196,
                    ),
                    Move(
                        2465,
                    ),
                    Move(
                        23210,
                    ),
                    Move(
                        8579,
                    ),
                ],
                occupied: BitBoard(
                    288444659691618560,
                ),
                owned: BitBoard(
                    2212026056960,
                ),
            },
            boss: BitBoard(
                13563575541301248,
            ),
            rays: Rays {
                s: BitBoard(
                    0,
                ),
                w: BitBoard(
                    0,
                ),
                n: BitBoard(
                    0,
                ),
                e: BitBoard(
                    0,
                ),
            },
        },
        hash: 1950615690934667718,
        capture_flag: false,
    },
    State {
        current: White,
        board: Board {
            black: PlayerState {
                hand: PieceList(
                    900,
                ),
                move_list: [
                    Move(
                        608,
                    ),
                    Move(
                        8979,
                    ),
                    Move(
                        22490,
                    ),
                    Move(
                        12276,
                    ),
                    Move(
                        15237,
                    ),
                    Move(
                        25451,
                    ),
                    Move(
                        15046,
                    ),
                    Move(
                        3297,
                    ),
                ],
                occupied: BitBoard(
                    103917146322560052,
                ),
                owned: BitBoard(
                    10543344,
                ),
            },
            white: PlayerState {
                hand: PieceList(
                    2404,
                ),
                move_list: [
                    Move(
                        240,
                    ),
                    Move(
                        20409,
                    ),
                    Move(
                        16391,
                    ),
                    Move(
                        12196,
                    ),
                    Move(
                        2465,
                    ),
                    Move(
                        23210,
                    ),
                    Move(
                        8579,
                    ),
                ],
                occupied: BitBoard(
                    288444659691618560,
                ),
                owned: BitBoard(
                    2212026056960,
                ),
            },
            boss: BitBoard(
                13563575541301248,
            ),
            rays: Rays {
                s: BitBoard(
                    0,
                ),
                w: BitBoard(
                    0,
                ),
                n: BitBoard(
                    0,
                ),
                e: BitBoard(
                    0,
                ),
            },
        },
        hash: 1988196663370399358,
        capture_flag: false,
    },
    State {
        current: Black,
        board: Board {
            black: PlayerState {
                hand: PieceList(
                    900,
                ),
                move_list: [
                    Move(
                        608,
                    ),
                    Move(
                        8979,
                    ),
                    Move(
                        22490,
                    ),
                    Move(
                        12276,
                    ),
                    Move(
                        15237,
                    ),
                    Move(
                        25451,
                    ),
                    Move(
                        15046,
                    ),
                    Move(
                        3297,
                    ),
                ],
                occupied: BitBoard(
                    103917146322560052,
                ),
                owned: BitBoard(
                    10543344,
                ),
            },
            white: PlayerState {
                hand: PieceList(
                    356,
                ),
                move_list: [
                    Move(
                        240,
                    ),
                    Move(
                        20409,
                    ),
                    Move(
                        16391,
                    ),
                    Move(
                        12196,
                    ),
                    Move(
                        2465,
                    ),
                    Move(
                        23210,
                    ),
                    Move(
                        8579,
                    ),
                    Move(
                        25835,
                    ),
                ],
                occupied: BitBoard(
                    290709653644837120,
                ),
                owned: BitBoard(
                    2267205979275520,
                ),
            },
            boss: BitBoard(
                13563575541301248,
            ),
            rays: Rays {
                s: BitBoard(
                    0,
                ),
                w: BitBoard(
                    0,
                ),
                n: BitBoard(
                    0,
                ),
                e: BitBoard(
                    0,
                ),
            },
        },
        hash: 11169187676271908006,
        capture_flag: false,
    },
    State {
        current: White,
        board: Board {
            black: PlayerState {
                hand: PieceList(
                    896,
                ),
                move_list: [
                    Move(
                        608,
                    ),
                    Move(
                        8979,
                    ),
                    Move(
                        22490,
                    ),
                    Move(
                        12276,
                    ),
                    Move(
                        15237,
                    ),
                    Move(
                        25451,
                    ),
                    Move(
                        15046,
                    ),
                    Move(
                        3297,
                    ),
                    Move(
                        6002,
                    ),
                ],
                occupied: BitBoard(
                    8750828430873912372,
                ),
                owned: BitBoard(
                    10543344,
                ),
            },
            white: PlayerState {
                hand: PieceList(
                    356,
                ),
                move_list: [
                    Move(
                        240,
                    ),
                    Move(
                        20409,
                    ),
                    Move(
                        16391,
                    ),
                    Move(
                        12196,
                    ),
                    Move(
                        2465,
                    ),
                    Move(
                        23210,
                    ),
                    Move(
                        8579,
                    ),
                    Move(
                        25835,
                    ),
                ],
                occupied: BitBoard(
                    290709653644837120,
                ),
                owned: BitBoard(
                    2267205979275520,
                ),
            },
            boss: BitBoard(
                13563575541301248,
            ),
            rays: Rays {
                s: BitBoard(
                    0,
                ),
                w: BitBoard(
                    0,
                ),
                n: BitBoard(
                    0,
                ),
                e: BitBoard(
                    0,
                ),
            },
        },
        hash: 18256116775198173351,
        capture_flag: false,
    },
    State {
        current: Black,
        board: Board {
            black: PlayerState {
                hand: PieceList(
                    896,
                ),
                move_list: [
                    Move(
                        608,
                    ),
                    Move(
                        8979,
                    ),
                    Move(
                        22490,
                    ),
                    Move(
                        12276,
                    ),
                    Move(
                        15237,
                    ),
                    Move(
                        25451,
                    ),
                    Move(
                        15046,
                    ),
                    Move(
                        3297,
                    ),
                    Move(
                        6002,
                    ),
                ],
                occupied: BitBoard(
                    8750828430873912372,
                ),
                owned: BitBoard(
                    10543344,
                ),
            },
            white: PlayerState {
                hand: PieceList(
                    324,
                ),
                move_list: [
                    Move(
                        240,
                    ),
                    Move(
                        20409,
                    ),
                    Move(
                        16391,
                    ),
                    Move(
                        12196,
                    ),
                    Move(
                        2465,
                    ),
                    Move(
                        23210,
                    ),
                    Move(
                        8579,
                    ),
                    Move(
                        25835,
                    ),
                    Move(
                        15317,
                    ),
                ],
                occupied: BitBoard(
                    290709653644843264,
                ),
                owned: BitBoard(
                    2267205979275520,
                ),
            },
            boss: BitBoard(
                13563575541301248,
            ),
            rays: Rays {
                s: BitBoard(
                    0,
                ),
                w: BitBoard(
                    0,
                ),
                n: BitBoard(
                    0,
                ),
                e: BitBoard(
                    0,
                ),
            },
        },
        hash: 17016948588118424737,
        capture_flag: false,
    },
    State {
        current: White,
        board: Board {
            black: PlayerState {
                hand: PieceList(
                    768,
                ),
                move_list: [
                    Move(
                        608,
                    ),
                    Move(
                        8979,
                    ),
                    Move(
                        22490,
                    ),
                    Move(
                        12276,
                    ),
                    Move(
                        15237,
                    ),
                    Move(
                        25451,
                    ),
                    Move(
                        15046,
                    ),
                    Move(
                        3297,
                    ),
                    Move(
                        6002,
                    ),
                    Move(
                        18551,
                    ),
                ],
                occupied: BitBoard(
                    8896632468810032180,
                ),
                owned: BitBoard(
                    10543344,
                ),
            },
            white: PlayerState {
                hand: PieceList(
                    324,
                ),
                move_list: [
                    Move(
                        240,
                    ),
                    Move(
                        20409,
                    ),
                    Move(
                        16391,
                    ),
                    Move(
                        12196,
                    ),
                    Move(
                        2465,
                    ),
                    Move(
                        23210,
                    ),
                    Move(
                        8579,
                    ),
                    Move(
                        25835,
                    ),
                    Move(
                        15317,
                    ),
                ],
                occupied: BitBoard(
                    290709653644843264,
                ),
                owned: BitBoard(
                    2267205979275520,
                ),
            },
            boss: BitBoard(
                13563575541301248,
            ),
            rays: Rays {
                s: BitBoard(
                    0,
                ),
                w: BitBoard(
                    0,
                ),
                n: BitBoard(
                    0,
                ),
                e: BitBoard(
                    0,
                ),
            },
        },
        hash: 5791280838108379725,
        capture_flag: false,
    },
    State {
        current: Black,
        board: Board {
            black: PlayerState {
                hand: PieceList(
                    768,
                ),
                move_list: [
                    Move(
                        608,
                    ),
                    Move(
                        8979,
                    ),
                    Move(
                        22490,
                    ),
                    Move(
                        12276,
                    ),
                    Move(
                        15237,
                    ),
                    Move(
                        25451,
                    ),
                    Move(
                        15046,
                    ),
                    Move(
                        3297,
                    ),
                    Move(
                        6002,
                    ),
                    Move(
                        18551,
                    ),
                ],
                occupied: BitBoard(
                    8896632468810032180,
                ),
                owned: BitBoard(
                    10543344,
                ),
            },
            white: PlayerState {
                hand: PieceList(
                    260,
                ),
                move_list: [
                    Move(
                        240,
                    ),
                    Move(
                        20409,
                    ),
                    Move(
                        16391,
                    ),
                    Move(
                        12196,
                    ),
                    Move(
                        2465,
                    ),
                    Move(
                        23210,
                    ),
                    Move(
                        8579,
                    ),
                    Move(
                        25835,
                    ),
                    Move(
                        15317,
                    ),
                    Move(
                        13174,
                    ),
                ],
                occupied: BitBoard(
                    290709653779585280,
                ),
                owned: BitBoard(
                    2267206114023680,
                ),
            },
            boss: BitBoard(
                13563575541301248,
            ),
            rays: Rays {
                s: BitBoard(
                    0,
                ),
                w: BitBoard(
                    0,
                ),
                n: BitBoard(
                    0,
                ),
                e: BitBoard(
                    0,
                ),
            },
        },
        hash: 2473075636166245197,
        capture_flag: false,
    },
    State {
        current: White,
        board: Board {
            black: PlayerState {
                hand: PieceList(
                    512,
                ),
                move_list: [
                    Move(
                        608,
                    ),
                    Move(
                        8979,
                    ),
                    Move(
                        22490,
                    ),
                    Move(
                        12276,
                    ),
                    Move(
                        15237,
                    ),
                    Move(
                        25451,
                    ),
                    Move(
                        15046,
                    ),
                    Move(
                        3297,
                    ),
                    Move(
                        6002,
                    ),
                    Move(
                        18551,
                    ),
                    Move(
                        15944,
                    ),
                ],
                occupied: BitBoard(
                    8896632468810032695,
                ),
                owned: BitBoard(
                    10543344,
                ),
            },
            white: PlayerState {
                hand: PieceList(
                    260,
                ),
                move_list: [
                    Move(
                        240,
                    ),
                    Move(
                        20409,
                    ),
                    Move(
                        16391,
                    ),
                    Move(
                        12196,
                    ),
                    Move(
                        2465,
                    ),
                    Move(
                        23210,
                    ),
                    Move(
                        8579,
                    ),
                    Move(
                        25835,
                    ),
                    Move(
                        15317,
                    ),
                    Move(
                        13174,
                    ),
                ],
                occupied: BitBoard(
                    290709653779585280,
                ),
                owned: BitBoard(
                    2267206114023680,
                ),
            },
            boss: BitBoard(
                13563575541301248,
            ),
            rays: Rays {
                s: BitBoard(
                    0,
                ),
                w: BitBoard(
                    0,
                ),
                n: BitBoard(
                    0,
                ),
                e: BitBoard(
                    0,
                ),
            },
        },
        hash: 17568178463827824744,
        capture_flag: false,
    },
]
