---
source: tests/game.rs
expression: history
---
[
    State {
        current: Black,
        board: Board {
            black: PlayerState {
                hand: PieceList(
                    4095,
                ),
                move_list: [],
                occupied: BitBoard(
                    0,
                ),
                owned: BitBoard(
                    0,
                ),
            },
            white: PlayerState {
                hand: PieceList(
                    4095,
                ),
                move_list: [],
                occupied: BitBoard(
                    0,
                ),
                owned: BitBoard(
                    0,
                ),
            },
            boss: BitBoard(
                0,
            ),
            rays: Rays {
                s: BitBoard(
                    0,
                ),
                w: BitBoard(
                    0,
                ),
                n: BitBoard(
                    0,
                ),
                e: BitBoard(
                    0,
                ),
            },
        },
        hash: 0,
        capture_flag: false,
    },
    State {
        current: White,
        board: Board {
            black: PlayerState {
                hand: PieceList(
                    4094,
                ),
                move_list: [
                    Move(
                        144,
                    ),
                ],
                occupied: BitBoard(
                    789504,
                ),
                owned: BitBoard(
                    0,
                ),
            },
            white: PlayerState {
                hand: PieceList(
                    4095,
                ),
                move_list: [],
                occupied: BitBoard(
                    0,
                ),
                owned: BitBoard(
                    0,
                ),
            },
            boss: BitBoard(
                789504,
            ),
            rays: Rays {
                s: BitBoard(
                    0,
                ),
                w: BitBoard(
                    0,
                ),
                n: BitBoard(
                    0,
                ),
                e: BitBoard(
                    0,
                ),
            },
        },
        hash: 2100595617022972639,
        capture_flag: false,
    },
    State {
        current: Black,
        board: Board {
            black: PlayerState {
                hand: PieceList(
                    4094,
                ),
                move_list: [
                    Move(
                        144,
                    ),
                ],
                occupied: BitBoard(
                    789504,
                ),
                owned: BitBoard(
                    0,
                ),
            },
            white: PlayerState {
                hand: PieceList(
                    4094,
                ),
                move_list: [
                    Move(
                        624,
                    ),
                ],
                occupied: BitBoard(
                    27127150880489472,
                ),
                owned: BitBoard(
                    0,
                ),
            },
            boss: BitBoard(
                27127150881278976,
            ),
            rays: Rays {
                s: BitBoard(
                    0,
                ),
                w: BitBoard(
                    0,
                ),
                n: BitBoard(
                    0,
                ),
                e: BitBoard(
                    0,
                ),
            },
        },
        hash: 6075623129368854912,
        capture_flag: false,
    },
    State {
        current: White,
        board: Board {
            black: PlayerState {
                hand: PieceList(
                    4092,
                ),
                move_list: [
                    Move(
                        144,
                    ),
                    Move(
                        1569,
                    ),
                ],
                occupied: BitBoard(
                    1125899907632128,
                ),
                owned: BitBoard(
                    0,
                ),
            },
            white: PlayerState {
                hand: PieceList(
                    4094,
                ),
                move_list: [
                    Move(
                        624,
                    ),
                ],
                occupied: BitBoard(
                    27127150880489472,
                ),
                owned: BitBoard(
                    0,
                ),
            },
            boss: BitBoard(
                27127150881278976,
            ),
            rays: Rays {
                s: BitBoard(
                    0,
                ),
                w: BitBoard(
                    0,
                ),
                n: BitBoard(
                    0,
                ),
                e: BitBoard(
                    0,
                ),
            },
        },
        hash: 16101702900287427196,
        capture_flag: false,
    },
    State {
        current: Black,
        board: Board {
            black: PlayerState {
                hand: PieceList(
                    4092,
                ),
                move_list: [
                    Move(
                        144,
                    ),
                    Move(
                        1569,
                    ),
                ],
                occupied: BitBoard(
                    1125899907632128,
                ),
                owned: BitBoard(
                    0,
                ),
            },
            white: PlayerState {
                hand: PieceList(
                    4062,
                ),
                move_list: [
                    Move(
                        624,
                    ),
                    Move(
                        14805,
                    ),
                ],
                occupied: BitBoard(
                    27129358493679616,
                ),
                owned: BitBoard(
                    0,
                ),
            },
            boss: BitBoard(
                27127150881278976,
            ),
            rays: Rays {
                s: BitBoard(
                    0,
                ),
                w: BitBoard(
                    0,
                ),
                n: BitBoard(
                    0,
                ),
                e: BitBoard(
                    0,
                ),
            },
        },
        hash: 8106677015751552023,
        capture_flag: false,
    },
    State {
        current: White,
        board: Board {
            black: PlayerState {
                hand: PieceList(
                    2044,
                ),
                move_list: [
                    Move(
                        144,
                    ),
                    Move(
                        1569,
                    ),
                    Move(
                        26635,
                    ),
                ],
                occupied: BitBoard(
                    7898891534732288,
                ),
                owned: BitBoard(
                    0,
                ),
            },
            white: PlayerState {
                hand: PieceList(
                    4062,
                ),
                move_list: [
                    Move(
                        624,
                    ),
                    Move(
                        14805,
                    ),
                ],
                occupied: BitBoard(
                    27129358493679616,
                ),
                owned: BitBoard(
                    0,
                ),
            },
            boss: BitBoard(
                27127150881278976,
            ),
            rays: Rays {
                s: BitBoard(
                    0,
                ),
                w: BitBoard(
                    0,
                ),
                n: BitBoard(
                    0,
                ),
                e: BitBoard(
                    0,
                ),
            },
        },
        hash: 15740476127939979291,
        capture_flag: false,
    },
    State {
        current: Black,
        board: Board {
            black: PlayerState {
                hand: PieceList(
                    2044,
                ),
                move_list: [
                    Move(
                        144,
                    ),
                    Move(
                        1569,
                    ),
                    Move(
                        26635,
                    ),
                ],
                occupied: BitBoard(
                    7898891534732288,
                ),
                owned: BitBoard(
                    0,
                ),
            },
            white: PlayerState {
                hand: PieceList(
                    4046,
                ),
                move_list: [
                    Move(
                        624,
                    ),
                    Move(
                        14805,
                    ),
                    Move(
                        12036,
                    ),
                ],
                occupied: BitBoard(
                    3485893872314220544,
                ),
                owned: BitBoard(
                    0,
                ),
            },
            boss: BitBoard(
                27127150881278976,
            ),
            rays: Rays {
                s: BitBoard(
                    0,
                ),
                w: BitBoard(
                    0,
                ),
                n: BitBoard(
                    0,
                ),
                e: BitBoard(
                    0,
                ),
            },
        },
        hash: 12725227387736258968,
        capture_flag: false,
    },
    State {
        current: White,
        board: Board {
            black: PlayerState {
                hand: PieceList(
                    2028,
                ),
                move_list: [
                    Move(
                        144,
                    ),
                    Move(
                        1569,
                    ),
                    Move(
                        26635,
                    ),
                    Move(
                        11588,
                    ),
                ],
                occupied: BitBoard(
                    7898892340038656,
                ),
                owned: BitBoard(
                    0,
                ),
            },
            white: PlayerState {
                hand: PieceList(
                    4046,
                ),
                move_list: [
                    Move(
                        624,
                    ),
                    Move(
                        14805,
                    ),
                    Move(
                        12036,
                    ),
                ],
                occupied: BitBoard(
                    3485893872314220544,
                ),
                owned: BitBoard(
                    0,
                ),
            },
            boss: BitBoard(
                27127150881278976,
            ),
            rays: Rays {
                s: BitBoard(
                    0,
                ),
                w: BitBoard(
                    0,
                ),
                n: BitBoard(
                    0,
                ),
                e: BitBoard(
                    0,
                ),
            },
        },
        hash: 12124883161911538913,
        capture_flag: false,
    },
    State {
        current: Black,
        board: Board {
            black: PlayerState {
                hand: PieceList(
                    2028,
                ),
                move_list: [
                    Move(
                        144,
                    ),
                    Move(
                        1569,
                    ),
                    Move(
                        26635,
                    ),
                    Move(
                        11588,
                    ),
                ],
                occupied: BitBoard(
                    7898892340038656,
                ),
                owned: BitBoard(
                    0,
                ),
            },
            white: PlayerState {
                hand: PieceList(
                    3022,
                ),
                move_list: [
                    Move(
                        624,
                    ),
                    Move(
                        14805,
                    ),
                    Move(
                        12036,
                    ),
                    Move(
                        23786,
                    ),
                ],
                occupied: BitBoard(
                    3485893872314286848,
                ),
                owned: BitBoard(
                    0,
                ),
            },
            boss: BitBoard(
                27127150881278976,
            ),
            rays: Rays {
                s: BitBoard(
                    0,
                ),
                w: BitBoard(
                    0,
                ),
                n: BitBoard(
                    0,
                ),
                e: BitBoard(
                    0,
                ),
            },
        },
        hash: 11942794912070893355,
        capture_flag: false,
    },
    State {
        current: White,
        board: Board {
            black: PlayerState {
                hand: PieceList(
                    1900,
                ),
                move_list: [
                    Move(
                        144,
                    ),
                    Move(
                        1569,
                    ),
                    Move(
                        26635,
                    ),
                    Move(
                        11588,
                    ),
                    Move(
                        18023,
                    ),
                ],
                occupied: BitBoard(
                    7898892340042800,
                ),
                owned: BitBoard(
                    0,
                ),
            },
            white: PlayerState {
                hand: PieceList(
                    3022,
                ),
                move_list: [
                    Move(
                        624,
                    ),
                    Move(
                        14805,
                    ),
                    Move(
                        12036,
                    ),
                    Move(
                        23786,
                    ),
                ],
                occupied: BitBoard(
                    3485893872314286848,
                ),
                owned: BitBoard(
                    0,
                ),
            },
            boss: BitBoard(
                27127150881278976,
            ),
            rays: Rays {
                s: BitBoard(
                    0,
                ),
                w: BitBoard(
                    0,
                ),
                n: BitBoard(
                    0,
                ),
                e: BitBoard(
                    0,
                ),
            },
        },
        hash: 17942213970189033936,
        capture_flag: false,
    },
    State {
        current: Black,
        board: Board {
            black: PlayerState {
                hand: PieceList(
                    1900,
                ),
                move_list: [
                    Move(
                        144,
                    ),
                    Move(
                        1569,
                    ),
                    Move(
                        26635,
                    ),
                    Move(
                        11588,
                    ),
                    Move(
                        18023,
                    ),
                ],
                occupied: BitBoard(
                    7898892340042800,
                ),
                owned: BitBoard(
                    0,
                ),
            },
            white: PlayerState {
                hand: PieceList(
                    2894,
                ),
                move_list: [
                    Move(
                        624,
                    ),
                    Move(
                        14805,
                    ),
                    Move(
                        12036,
                    ),
                    Move(
                        23786,
                    ),
                    Move(
                        17863,
                    ),
                ],
                occupied: BitBoard(
                    3918802386495275776,
                ),
                owned: BitBoard(
                    0,
                ),
            },
            boss: BitBoard(
                27127150881278976,
            ),
            rays: Rays {
                s: BitBoard(
                    0,
                ),
                w: BitBoard(
                    0,
                ),
                n: BitBoard(
                    0,
                ),
                e: BitBoard(
                    0,
                ),
            },
        },
        hash: 4977753453898260876,
        capture_flag: false,
    },
    State {
        current: White,
        board: Board {
            black: PlayerState {
                hand: PieceList(
                    876,
                ),
                move_list: [
                    Move(
                        144,
                    ),
                    Move(
                        1569,
                    ),
                    Move(
                        26635,
                    ),
                    Move(
                        11588,
                    ),
                    Move(
                        18023,
                    ),
                    Move(
                        23210,
                    ),
                ],
                occupied: BitBoard(
                    7898895565462576,
                ),
                owned: BitBoard(
                    0,
                ),
            },
            white: PlayerState {
                hand: PieceList(
                    2894,
                ),
                move_list: [
                    Move(
                        624,
                    ),
                    Move(
                        14805,
                    ),
                    Move(
                        12036,
                    ),
                    Move(
                        23786,
                    ),
                    Move(
                        17863,
                    ),
                ],
                occupied: BitBoard(
                    3918802386495275776,
                ),
                owned: BitBoard(
                    0,
                ),
            },
            boss: BitBoard(
                27127150881278976,
            ),
            rays: Rays {
                s: BitBoard(
                    0,
                ),
                w: BitBoard(
                    0,
                ),
                n: BitBoard(
                    0,
                ),
                e: BitBoard(
                    0,
                ),
            },
        },
        hash: 746817018169571537,
        capture_flag: false,
    },
    State {
        current: Black,
        board: Board {
            black: PlayerState {
                hand: PieceList(
                    876,
                ),
                move_list: [
                    Move(
                        144,
                    ),
                    Move(
                        1569,
                    ),
                    Move(
                        26635,
                    ),
                    Move(
                        11588,
                    ),
                    Move(
                        18023,
                    ),
                    Move(
                        23210,
                    ),
                ],
                occupied: BitBoard(
                    7898895565462576,
                ),
                owned: BitBoard(
                    0,
                ),
            },
            white: PlayerState {
                hand: PieceList(
                    846,
                ),
                move_list: [
                    Move(
                        624,
                    ),
                    Move(
                        14805,
                    ),
                    Move(
                        12036,
                    ),
                    Move(
                        23786,
                    ),
                    Move(
                        17863,
                    ),
                    Move(
                        26123,
                    ),
                ],
                occupied: BitBoard(
                    3918802386495325056,
                ),
                owned: BitBoard(
                    0,
                ),
            },
            boss: BitBoard(
                27127150881278976,
            ),
            rays: Rays {
                s: BitBoard(
                    0,
                ),
                w: BitBoard(
                    0,
                ),
                n: BitBoard(
                    0,
                ),
                e: BitBoard(
                    0,
                ),
            },
        },
        hash: 1707719867715926761,
        capture_flag: false,
    },
    State {
        current: White,
        board: Board {
            black: PlayerState {
                hand: PieceList(
                    844,
                ),
                move_list: [
                    Move(
                        144,
                    ),
                    Move(
                        1569,
                    ),
                    Move(
                        26635,
                    ),
                    Move(
                        11588,
                    ),
                    Move(
                        18023,
                    ),
                    Move(
                        23210,
                    ),
                    Move(
                        15173,
                    ),
                ],
                occupied: BitBoard(
                    7898895565462579,
                ),
                owned: BitBoard(
                    0,
                ),
            },
            white: PlayerState {
                hand: PieceList(
                    846,
                ),
                move_list: [
                    Move(
                        624,
                    ),
                    Move(
                        14805,
                    ),
                    Move(
                        12036,
                    ),
                    Move(
                        23786,
                    ),
                    Move(
                        17863,
                    ),
                    Move(
                        26123,
                    ),
                ],
                occupied: BitBoard(
                    3918802386495325056,
                ),
                owned: BitBoard(
                    0,
                ),
            },
            boss: BitBoard(
                27127150881278976,
            ),
            rays: Rays {
                s: BitBoard(
                    0,
                ),
                w: BitBoard(
                    0,
                ),
                n: BitBoard(
                    0,
                ),
                e: BitBoard(
                    0,
                ),
            },
        },
        hash: 13760545512176171250,
        capture_flag: false,
    },
    State {
        current: Black,
        board: Board {
            black: PlayerState {
                hand: PieceList(
                    844,
                ),
                move_list: [
                    Move(
                        144,
                    ),
                    Move(
                        1569,
                    ),
                    Move(
                        26635,
                    ),
                    Move(
                        11588,
                    ),
                    Move(
                        18023,
                    ),
                    Move(
                        23210,
                    ),
                    Move(
                        15173,
                    ),
                ],
                occupied: BitBoard(
                    7898895565462579,
                ),
                owned: BitBoard(
                    0,
                ),
            },
            white: PlayerState {
                hand: PieceList(
                    838,
                ),
                move_list: [
                    Move(
                        624,
                    ),
                    Move(
                        14805,
                    ),
                    Move(
                        12036,
                    ),
                    Move(
                        23786,
                    ),
                    Move(
                        17863,
                    ),
                    Move(
                        26123,
                    ),
                    Move(
                        7075,
                    ),
                ],
                occupied: BitBoard(
                    3918802438034932608,
                ),
                owned: BitBoard(
                    0,
                ),
            },
            boss: BitBoard(
                27127150881278976,
            ),
            rays: Rays {
                s: BitBoard(
                    0,
                ),
                w: BitBoard(
                    0,
                ),
                n: BitBoard(
                    0,
                ),
                e: BitBoard(
                    0,
                ),
            },
        },
        hash: 8328054939211161449,
        capture_flag: false,
    },
    State {
        current: White,
        board: Board {
            black: PlayerState {
                hand: PieceList(
                    780,
                ),
                move_list: [
                    Move(
                        144,
                    ),
                    Move(
                        1569,
                    ),
                    Move(
                        26635,
                    ),
                    Move(
                        11588,
                    ),
                    Move(
                        18023,
                    ),
                    Move(
                        23210,
                    ),
                    Move(
                        15173,
                    ),
                    Move(
                        13382,
                    ),
                ],
                occupied: BitBoard(
                    7899999372057651,
                ),
                owned: BitBoard(
                    0,
                ),
            },
            white: PlayerState {
                hand: PieceList(
                    838,
                ),
                move_list: [
                    Move(
                        624,
                    ),
                    Move(
                        14805,
                    ),
                    Move(
                        12036,
                    ),
                    Move(
                        23786,
                    ),
                    Move(
                        17863,
                    ),
                    Move(
                        26123,
                    ),
                    Move(
                        7075,
                    ),
                ],
                occupied: BitBoard(
                    3918802438034932608,
                ),
                owned: BitBoard(
                    0,
                ),
            },
            boss: BitBoard(
                27127150881278976,
            ),
            rays: Rays {
                s: BitBoard(
                    0,
                ),
                w: BitBoard(
                    0,
                ),
                n: BitBoard(
                    0,
                ),
                e: BitBoard(
                    0,
                ),
            },
        },
        hash: 16034584956052810541,
        capture_flag: false,
    },
    State {
        current: Black,
        board: Board {
            black: PlayerState {
                hand: PieceList(
                    780,
                ),
                move_list: [
                    Move(
                        144,
                    ),
                    Move(
                        1569,
                    ),
                    Move(
                        26635,
                    ),
                    Move(
                        11588,
                    ),
                    Move(
                        18023,
                    ),
                    Move(
                        23210,
                    ),
                    Move(
                        15173,
                    ),
                    Move(
                        13382,
                    ),
                ],
                occupied: BitBoard(
                    7899999372057651,
                ),
                owned: BitBoard(
                    0,
                ),
            },
            white: PlayerState {
                hand: PieceList(
                    836,
                ),
                move_list: [
                    Move(
                        624,
                    ),
                    Move(
                        14805,
                    ),
                    Move(
                        12036,
                    ),
                    Move(
                        23786,
                    ),
                    Move(
                        17863,
                    ),
                    Move(
                        26123,
                    ),
                    Move(
                        7075,
                    ),
                    Move(
                        4241,
                    ),
                ],
                occupied: BitBoard(
                    3990860032072860544,
                ),
                owned: BitBoard(
                    0,
                ),
            },
            boss: BitBoard(
                27127150881278976,
            ),
            rays: Rays {
                s: BitBoard(
                    0,
                ),
                w: BitBoard(
                    0,
                ),
                n: BitBoard(
                    0,
                ),
                e: BitBoard(
                    0,
                ),
            },
        },
        hash: 8438725194548335884,
        capture_flag: false,
    },
    State {
        current: White,
        board: Board {
            black: PlayerState {
                hand: PieceList(
                    772,
                ),
                move_list: [
                    Move(
                        144,
                    ),
                    Move(
                        1569,
                    ),
                    Move(
                        26635,
                    ),
                    Move(
                        11588,
                    ),
                    Move(
                        18023,
                    ),
                    Move(
                        23210,
                    ),
                    Move(
                        15173,
                    ),
                    Move(
                        13382,
                    ),
                    Move(
                        7123,
                    ),
                ],
                occupied: BitBoard(
                    7900411688918067,
                ),
                owned: BitBoard(
                    0,
                ),
            },
            white: PlayerState {
                hand: PieceList(
                    836,
                ),
                move_list: [
                    Move(
                        624,
                    ),
                    Move(
                        14805,
                    ),
                    Move(
                        12036,
                    ),
                    Move(
                        23786,
                    ),
                    Move(
                        17863,
                    ),
                    Move(
                        26123,
                    ),
                    Move(
                        7075,
                    ),
                    Move(
                        4241,
                    ),
                ],
                occupied: BitBoard(
                    3990860032072860544,
                ),
                owned: BitBoard(
                    0,
                ),
            },
            boss: BitBoard(
                27127150881278976,
            ),
            rays: Rays {
                s: BitBoard(
                    0,
                ),
                w: BitBoard(
                    0,
                ),
                n: BitBoard(
                    0,
                ),
                e: BitBoard(
                    0,
                ),
            },
        },
        hash: 8588483805547220896,
        capture_flag: false,
    },
    State {
        current: Black,
        board: Board {
            black: PlayerState {
                hand: PieceList(
                    772,
                ),
                move_list: [
                    Move(
                        144,
                    ),
                    Move(
                        1569,
                    ),
                    Move(
                        26635,
                    ),
                    Move(
                        11588,
                    ),
                    Move(
                        18023,
                    ),
                    Move(
                        23210,
                    ),
                    Move(
                        15173,
                    ),
                    Move(
                        7123,
                    ),
                ],
                occupied: BitBoard(
                    7899307882322995,
                ),
                owned: BitBoard(
                    0,
                ),
            },
            white: PlayerState {
                hand: PieceList(
                    832,
                ),
                move_list: [
                    Move(
                        624,
                    ),
                    Move(
                        14805,
                    ),
                    Move(
                        12036,
                    ),
                    Move(
                        23786,
                    ),
                    Move(
                        17863,
                    ),
                    Move(
                        26123,
                    ),
                    Move(
                        7075,
                    ),
                    Move(
                        4241,
                    ),
                    Move(
                        5634,
                    ),
                ],
                occupied: BitBoard(
                    3990860032324518784,
                ),
                owned: BitBoard(
                    505250946406744832,
                ),
            },
            boss: BitBoard(
                27127150881278976,
            ),
            rays: Rays {
                s: BitBoard(
                    0,
                ),
                w: BitBoard(
                    0,
                ),
                n: BitBoard(
                    0,
                ),
                e: BitBoard(
                    0,
                ),
            },
        },
        hash: 11006968081361115157,
        capture_flag: false,
    },
    State {
        current: White,
        board: Board {
            black: PlayerState {
                hand: PieceList(
                    260,
                ),
                move_list: [
                    Move(
                        144,
                    ),
                    Move(
                        1569,
                    ),
                    Move(
                        26635,
                    ),
                    Move(
                        11588,
                    ),
                    Move(
                        18023,
                    ),
                    Move(
                        23210,
                    ),
                    Move(
                        15173,
                    ),
                    Move(
                        7123,
                    ),
                    Move(
                        20633,
                    ),
                ],
                occupied: BitBoard(
                    13878986160183450675,
                ),
                owned: BitBoard(
                    0,
                ),
            },
            white: PlayerState {
                hand: PieceList(
                    832,
                ),
                move_list: [
                    Move(
                        624,
                    ),
                    Move(
                        14805,
                    ),
                    Move(
                        12036,
                    ),
                    Move(
                        23786,
                    ),
                    Move(
                        17863,
                    ),
                    Move(
                        26123,
                    ),
                    Move(
                        7075,
                    ),
                    Move(
                        4241,
                    ),
                    Move(
                        5634,
                    ),
                ],
                occupied: BitBoard(
                    3990860032324518784,
                ),
                owned: BitBoard(
                    505250946406744832,
                ),
            },
            boss: BitBoard(
                27127150881278976,
            ),
            rays: Rays {
                s: BitBoard(
                    0,
                ),
                w: BitBoard(
                    0,
                ),
                n: BitBoard(
                    0,
                ),
                e: BitBoard(
                    0,
                ),
            },
        },
        hash: 16012051344496266537,
        capture_flag: false,
    },
    State {
        current: Black,
        board: Board {
            black: PlayerState {
                hand: PieceList(
                    260,
                ),
                move_list: [
                    Move(
                        144,
                    ),
                    Move(
                        1569,
                    ),
                    Move(
                        26635,
                    ),
                    Move(
                        11588,
                    ),
                    Move(
                        18023,
                    ),
                    Move(
                        23210,
                    ),
                    Move(
                        15173,
                    ),
                    Move(
                        7123,
                    ),
                    Move(
                        20633,
                    ),
                ],
                occupied: BitBoard(
                    13878986160183450675,
                ),
                owned: BitBoard(
                    0,
                ),
            },
            white: PlayerState {
                hand: PieceList(
                    768,
                ),
                move_list: [
                    Move(
                        624,
                    ),
                    Move(
                        14805,
                    ),
                    Move(
                        12036,
                    ),
                    Move(
                        23786,
                    ),
                    Move(
                        17863,
                    ),
                    Move(
                        26123,
                    ),
                    Move(
                        7075,
                    ),
                    Move(
                        4241,
                    ),
                    Move(
                        5634,
                    ),
                    Move(
                        15206,
                    ),
                ],
                occupied: BitBoard(
                    3990860032324518796,
                ),
                owned: BitBoard(
                    505250946406744832,
                ),
            },
            boss: BitBoard(
                27127150881278976,
            ),
            rays: Rays {
                s: BitBoard(
                    0,
                ),
                w: BitBoard(
                    0,
                ),
                n: BitBoard(
                    0,
                ),
                e: BitBoard(
                    0,
                ),
            },
        },
        hash: 15088719024760721717,
        capture_flag: false,
    },
    State {
        current: White,
        board: Board {
            black: PlayerState {
                hand: PieceList(
                    4,
                ),
                move_list: [
                    Move(
                        144,
                    ),
                    Move(
                        1569,
                    ),
                    Move(
                        26635,
                    ),
                    Move(
                        11588,
                    ),
                    Move(
                        18023,
                    ),
                    Move(
                        23210,
                    ),
                    Move(
                        15173,
                    ),
                    Move(
                        7123,
                    ),
                    Move(
                        20633,
                    ),
                    Move(
                        16760,
                    ),
                ],
                occupied: BitBoard(
                    13878986160186604595,
                ),
                owned: BitBoard(
                    416359972080,
                ),
            },
            white: PlayerState {
                hand: PieceList(
                    768,
                ),
                move_list: [
                    Move(
                        624,
                    ),
                    Move(
                        14805,
                    ),
                    Move(
                        12036,
                    ),
                    Move(
                        23786,
                    ),
                    Move(
                        17863,
                    ),
                    Move(
                        7075,
                    ),
                    Move(
                        4241,
                    ),
                    Move(
                        5634,
                    ),
                    Move(
                        15206,
                    ),
                ],
                occupied: BitBoard(
                    3990860032324469516,
                ),
                owned: BitBoard(
                    505250946406744832,
                ),
            },
            boss: BitBoard(
                27127150881278976,
            ),
            rays: Rays {
                s: BitBoard(
                    0,
                ),
                w: BitBoard(
                    0,
                ),
                n: BitBoard(
                    0,
                ),
                e: BitBoard(
                    0,
                ),
            },
        },
        hash: 8759585194417028797,
        capture_flag: false,
    },
]
